
> pet-management-api@1.0.0 test
> jest test/workshop/2-application/services/service-order.service.spec.ts

node.exe : FAIL test/workshop/2-application/services/service-order.service.spec.ts
At C:\Program Files\nodejs\npm.ps1:16 char:5
+     & "$basedir/node$exe"  "$basedir/node_modules/npm/bin/npm-cli.js" ...
+     ~~~~~~~~~~~~~~~~~~~~~~~~~~~~~~~~~~~~~~~~~~~~~~~~~~~~~~~~~~~~~~~~~
    + CategoryInfo          : NotSpecified: (FAIL test/works...service.spec.ts:String) [], RemoteException
    + FullyQualifiedErrorId : NativeCommandError
 
  ServiceOrderService
    findById
      ΓêÜ TC0001 - Should return service order by id (10 ms)
      ΓêÜ TC0002 - Should handle service order not found (16 ms)
      ΓêÜ TC0003 - Should handle missing customer data (3 ms)
      ΓêÜ TC0004 - Should handle missing vehicle data (1 ms)
    findByCustomer
      ΓêÜ TC0001 - Should return service orders by customer (3 ms)
      ΓêÜ TC0002 - Should handle customer not found (1 ms)
    updateStatus
      ΓêÜ TC0001 - Should update status to EM_EXECUCAO successfully (2 ms)
      ΓêÜ TC0002 - Should handle service order not found (1 ms)
      ΓêÜ TC0003 - Should handle missing mechanic for EM_EXECUCAO (2 ms)
      ΓêÜ TC0004 - Should handle unavailable mechanic for EM_EXECUCAO (2 ms)
      ΓêÜ TC0005 - Should update status to FINALIZADA and release mechanic (1 ms)
      ΓêÜ TC0006 - Should update status to ENTREGUE and release mechanic (1 ms)
    approveOrder
      ΓêÜ TC0001 - Should approve order successfully (3 ms)
      ΓêÜ TC0002 - Should handle service order not found (2 ms)
      ΓêÜ TC0003 - Should handle invalid status for approval (1 ms)
    getStatusHistory
      ΓêÜ TC0001 - Should return status history (1 ms)
      ΓêÜ TC0002 - Should handle service order not found (1 ms)
    findByOrderNumber
      ΓêÜ TC0001 - Should find service order by order number (1 ms)
      ΓêÜ TC0002 - Should handle service order not found by order number (1 ms)
    findByCustomerDocument
      ΓêÜ TC0001 - Should find service orders by customer document (2 ms)
      ΓêÜ TC0002 - Should handle customer not found by document (1 ms)
      ΓêÜ TC0003 - Should clean document before searching (1 ms)
    findByVehiclePlate
      ΓêÜ TC0001 - Should find service orders by vehicle plate (1 ms)
      ΓêÜ TC0002 - Should handle vehicle not found by plate (1 ms)
    updateStatus - AGUARDANDO_APROVACAO
      ├ù TC0001 - Should update status to AGUARDANDO_APROVACAO (1 ms)
      ΓêÜ TC0002 - Should handle notification error gracefully (1 ms)
      ΓêÜ TC0003 - Should skip notification if customer or vehicle not found (1 ms)
      ΓêÜ TC0004 - Should handle push notification error gracefully (1 ms)
    validateStatusTransition
      ΓêÜ TC0001 - Should throw error on invalid status transition (1 ms)
      ΓêÜ TC0002 - Should throw error when trying to go back to RECEBIDA (1 ms)
    mapToResponseDto - with items
      ΓêÜ TC0001 - Should map service order with service and part items (3 ms)
      ΓêÜ TC0002 - Should handle service not found in items with empty name (1 ms)
      ΓêÜ TC0003 - Should handle part not found in items with empty name (1 ms)
    mapToResponseDto - edge cases
      ΓêÜ TC0001 - Should handle missing customer
      ΓêÜ TC0002 - Should handle missing vehicle (1 ms)
      ΓêÜ TC0003 - Should handle missing mechanic (1 ms)
      ΓêÜ TC0004 - Should handle empty services and parts arrays (1 ms)

  ΓùÅ ServiceOrderService ΓÇ║ updateStatus - AGUARDANDO_APROVACAO ΓÇ║ TC0001 - Should update status to 
AGUARDANDO_APROVACAO

    Exception

    [0m [90m 110 |[39m         })[33m,[39m
     [90m 111 |[39m         generateException[33m:[39m jest[33m.[39mfn()[33m.[39mmockImplementation(() 
[33m=>[39m {
    [31m[1m>[22m[39m[90m 112 |[39m           [36mthrow[39m [36mnew[39m 
[33mError[39m([32m'Exception'[39m)[33m;[39m
     [90m     |[39m                 [31m[1m^[22m[39m
     [90m 113 |[39m         })[33m,[39m
     [90m 114 |[39m       }[33m,[39m
     [90m 115 |[39m       notification[33m:[39m {[0m

      at Object.<anonymous> (test/workshop/2-application/services/service-order.service.spec.ts:112:17)
      at ServiceOrderService.validateStatusTransition 
(src/workshop/2-application/services/service-order.service.ts:499:25)
      at ServiceOrderService.updateStatus (src/workshop/2-application/services/service-order.service.ts:268:10)
      at Object.<anonymous> (test/workshop/2-application/services/service-order.service.spec.ts:533:22)

Test Suites: 1 failed, 1 total
Tests:       1 failed, 36 passed, 37 total
Snapshots:   0 total
Time:        1.999 s, estimated 2 s
Ran all test suites matching test/workshop/2-application/services/service-order.service.spec.ts.
