
> pet-management-api@1.0.0 test
> jest

node.exe : PASS test/workshop/3-domain/entities/mechanic.entity.spec.ts (5.351 s)
At C:\Program Files\nodejs\npm.ps1:16 char:5
+     & "$basedir/node$exe"  "$basedir/node_modules/npm/bin/npm-cli.js" ...
+     ~~~~~~~~~~~~~~~~~~~~~~~~~~~~~~~~~~~~~~~~~~~~~~~~~~~~~~~~~~~~~~~~~
    + CategoryInfo          : NotSpecified: (PASS test/works...ec.ts (5.351 s):String) [], RemoteException
    + FullyQualifiedErrorId : NativeCommandError
 
PASS test/workshop/3-domain/domain-services/service-order-pricing.domain-service.spec.ts (5.386 s)
PASS test/workshop/3-domain/specifications/base-specification.spec.ts (5.534 s)
PASS test/infrastructure/http/AxiosFactory.spec.ts (5.657 s)
PASS test/workshop/3-domain/value-objects/document.value-object.spec.ts (5.675 s)
PASS test/workshop/3-domain/entities/budget.entity.spec.ts (5.672 s)
PASS test/workshop/3-domain/value-objects/license-plate.value-object.spec.ts (5.672 s)
PASS test/workshop/3-domain/domain-events/base-domain-event.spec.ts (5.68 s)
PASS test/workshop/3-domain/value-objects/money.value-object.spec.ts (5.743 s)
PASS test/workshop/3-domain/domain-services/order-number-generator.domain-service.spec.ts (5.811 s)
PASS test/workshop/3-domain/value-objects/email.value-object.spec.ts
FAIL test/shared/services/error-handler.service.spec.ts (6.035 s)
  ΓùÅ ErrorHandlerService ΓÇ║ Prisma constraint messages ΓÇ║ TC0001 - Should handle all constraint types

    expect(received).toThrow(expected)

    Expected substring: "J├í existe um usu├írio com este email"
    Received message:   "Email j├í cadastrado no sistema"

        [0m [90m 35 |[39m     [36mif[39m ([36mthis[39m[33m.[39misPrismaConstraintError(error)) {
         [90m 36 |[39m       [36mconst[39m message [33m=[39m 
[36mthis[39m[33m.[39mextractPrismaConstraintMessage(error)[33m;[39m
        [31m[1m>[22m[39m[90m 37 |[39m       [36mthrow[39m [36mnew[39m 
[33mConflictException[39m(message)[33m;[39m
         [90m    |[39m             [31m[1m^[22m[39m
         [90m 38 |[39m     }
         [90m 39 |[39m
         [90m 40 |[39m     [36mconst[39m message [33m=[39m 
[36mthis[39m[33m.[39mextractErrorMessage(error)[33m;[39m[0m

      at ErrorHandlerService.handleError (src/shared/services/error-handler.service.ts:37:13)
      at test/shared/services/error-handler.service.spec.ts:161:17
      at Object.<anonymous> (node_modules/expect/build/index.js:1824:9)
      at Object.throwingMatcher [as toThrow] (node_modules/expect/build/index.js:2235:93)
      at Object.<anonymous> (test/shared/services/error-handler.service.spec.ts:162:9)
      at Object.<anonymous> (test/shared/services/error-handler.service.spec.ts:162:9)

PASS test/auth/validators/password-match.validator.spec.ts (5.961 s)
FAIL test/workshop/3-domain/policies/service-order-transition.policy.spec.ts
  ΓùÅ Test suite failed to run

    [96mtest/workshop/3-domain/policies/service-order-transition.policy.spec.ts[0m:[93m14[0m:[93m28[0m - 
[91merror[0m[90m TS2339: [0mProperty 'RECEBIDA' does not exist on type 'typeof ServiceOrderStatus'.

    [7m14[0m         ServiceOrderStatus.RECEBIDA,
    [7m  [0m [91m                           ~~~~~~~~[0m
    [96mtest/workshop/3-domain/policies/service-order-transition.policy.spec.ts[0m:[93m15[0m:[93m28[0m - 
[91merror[0m[90m TS2339: [0mProperty 'EM_DIAGNOSTICO' does not exist on type 'typeof ServiceOrderStatus'.

    [7m15[0m         ServiceOrderStatus.EM_DIAGNOSTICO,
    [7m  [0m [91m                           ~~~~~~~~~~~~~~[0m
    [96mtest/workshop/3-domain/policies/service-order-transition.policy.spec.ts[0m:[93m23[0m:[93m28[0m - 
[91merror[0m[90m TS2339: [0mProperty 'RECEBIDA' does not exist on type 'typeof ServiceOrderStatus'.

    [7m23[0m         ServiceOrderStatus.RECEBIDA,
    [7m  [0m [91m                           ~~~~~~~~[0m
    [96mtest/workshop/3-domain/policies/service-order-transition.policy.spec.ts[0m:[93m24[0m:[93m28[0m - 
[91merror[0m[90m TS2339: [0mProperty 'EM_EXECUCAO' does not exist on type 'typeof ServiceOrderStatus'.

    [7m24[0m         ServiceOrderStatus.EM_EXECUCAO,
    [7m  [0m [91m                           ~~~~~~~~~~~[0m
    [96mtest/workshop/3-domain/policies/service-order-transition.policy.spec.ts[0m:[93m32[0m:[93m28[0m - 
[91merror[0m[90m TS2339: [0mProperty 'EM_DIAGNOSTICO' does not exist on type 'typeof ServiceOrderStatus'.

    [7m32[0m         ServiceOrderStatus.EM_DIAGNOSTICO,
    [7m  [0m [91m                           ~~~~~~~~~~~~~~[0m
    [96mtest/workshop/3-domain/policies/service-order-transition.policy.spec.ts[0m:[93m33[0m:[93m28[0m - 
[91merror[0m[90m TS2339: [0mProperty 'AGUARDANDO_APROVACAO' does not exist on type 'typeof ServiceOrderStatus'.

    [7m33[0m         ServiceOrderStatus.AGUARDANDO_APROVACAO,
    [7m  [0m [91m                           ~~~~~~~~~~~~~~~~~~~~[0m
    [96mtest/workshop/3-domain/policies/service-order-transition.policy.spec.ts[0m:[93m41[0m:[93m28[0m - 
[91merror[0m[90m TS2339: [0mProperty 'AGUARDANDO_APROVACAO' does not exist on type 'typeof ServiceOrderStatus'.

    [7m41[0m         ServiceOrderStatus.AGUARDANDO_APROVACAO,
    [7m  [0m [91m                           ~~~~~~~~~~~~~~~~~~~~[0m
    [96mtest/workshop/3-domain/policies/service-order-transition.policy.spec.ts[0m:[93m42[0m:[93m28[0m - 
[91merror[0m[90m TS2339: [0mProperty 'EM_EXECUCAO' does not exist on type 'typeof ServiceOrderStatus'.

    [7m42[0m         ServiceOrderStatus.EM_EXECUCAO,
    [7m  [0m [91m                           ~~~~~~~~~~~[0m
    [96mtest/workshop/3-domain/policies/service-order-transition.policy.spec.ts[0m:[93m50[0m:[93m28[0m - 
[91merror[0m[90m TS2339: [0mProperty 'AGUARDANDO_APROVACAO' does not exist on type 'typeof ServiceOrderStatus'.

    [7m50[0m         ServiceOrderStatus.AGUARDANDO_APROVACAO,
    [7m  [0m [91m                           ~~~~~~~~~~~~~~~~~~~~[0m
    [96mtest/workshop/3-domain/policies/service-order-transition.policy.spec.ts[0m:[93m51[0m:[93m28[0m - 
[91merror[0m[90m TS2339: [0mProperty 'EM_DIAGNOSTICO' does not exist on type 'typeof ServiceOrderStatus'.

    [7m51[0m         ServiceOrderStatus.EM_DIAGNOSTICO,
    [7m  [0m [91m                           ~~~~~~~~~~~~~~[0m
    [96mtest/workshop/3-domain/policies/service-order-transition.policy.spec.ts[0m:[93m59[0m:[93m28[0m - 
[91merror[0m[90m TS2339: [0mProperty 'EM_EXECUCAO' does not exist on type 'typeof ServiceOrderStatus'.

    [7m59[0m         ServiceOrderStatus.EM_EXECUCAO,
    [7m  [0m [91m                           ~~~~~~~~~~~[0m
    [96mtest/workshop/3-domain/policies/service-order-transition.policy.spec.ts[0m:[93m60[0m:[93m28[0m - 
[91merror[0m[90m TS2339: [0mProperty 'FINALIZADA' does not exist on type 'typeof ServiceOrderStatus'.

    [7m60[0m         ServiceOrderStatus.FINALIZADA,
    [7m  [0m [91m                           ~~~~~~~~~~[0m
    [96mtest/workshop/3-domain/policies/service-order-transition.policy.spec.ts[0m:[93m68[0m:[93m28[0m - 
[91merror[0m[90m TS2339: [0mProperty 'FINALIZADA' does not exist on type 'typeof ServiceOrderStatus'.

    [7m68[0m         ServiceOrderStatus.FINALIZADA,
    [7m  [0m [91m                           ~~~~~~~~~~[0m
    [96mtest/workshop/3-domain/policies/service-order-transition.policy.spec.ts[0m:[93m69[0m:[93m28[0m - 
[91merror[0m[90m TS2339: [0mProperty 'ENTREGUE' does not exist on type 'typeof ServiceOrderStatus'.

    [7m69[0m         ServiceOrderStatus.ENTREGUE,
    [7m  [0m [91m                           ~~~~~~~~[0m
    [96mtest/workshop/3-domain/policies/service-order-transition.policy.spec.ts[0m:[93m77[0m:[93m28[0m - 
[91merror[0m[90m TS2339: [0mProperty 'ENTREGUE' does not exist on type 'typeof ServiceOrderStatus'.

    [7m77[0m         ServiceOrderStatus.ENTREGUE,
    [7m  [0m [91m                           ~~~~~~~~[0m
    [96mtest/workshop/3-domain/policies/service-order-transition.policy.spec.ts[0m:[93m78[0m:[93m28[0m - 
[91merror[0m[90m TS2339: [0mProperty 'RECEBIDA' does not exist on type 'typeof ServiceOrderStatus'.

    [7m78[0m         ServiceOrderStatus.RECEBIDA,
    [7m  [0m [91m                           ~~~~~~~~[0m
    [96mtest/workshop/3-domain/policies/service-order-transition.policy.spec.ts[0m:[93m87[0m:[93m28[0m - 
[91merror[0m[90m TS2339: [0mProperty 'RECEBIDA' does not exist on type 'typeof ServiceOrderStatus'.

    [7m87[0m         ServiceOrderStatus.RECEBIDA,
    [7m  [0m [91m                           ~~~~~~~~[0m
    [96mtest/workshop/3-domain/policies/service-order-transition.policy.spec.ts[0m:[93m96[0m:[93m68[0m - 
[91merror[0m[90m TS2339: [0mProperty 'RECEBIDA' does not exist on type 'typeof ServiceOrderStatus'.

    [7m96[0m       const result = policy.getValidTransitions(ServiceOrderStatus.RECEBIDA);
    [7m  [0m [91m                                                                   ~~~~~~~~[0m
    [96mtest/workshop/3-domain/policies/service-order-transition.policy.spec.ts[0m:[93m98[0m:[93m50[0m - 
[91merror[0m[90m TS2339: [0mProperty 'EM_DIAGNOSTICO' does not exist on type 'typeof ServiceOrderStatus'.

    [7m98[0m       expect(result).toEqual([ServiceOrderStatus.EM_DIAGNOSTICO]);
    [7m  [0m [91m                                                 ~~~~~~~~~~~~~~[0m
    [96mtest/workshop/3-domain/policies/service-order-transition.policy.spec.ts[0m:[93m103[0m:[93m28[0m - 
[91merror[0m[90m TS2339: [0mProperty 'EM_DIAGNOSTICO' does not exist on type 'typeof ServiceOrderStatus'.

    [7m103[0m         ServiceOrderStatus.EM_DIAGNOSTICO,
    [7m   [0m [91m                           ~~~~~~~~~~~~~~[0m
    [96mtest/workshop/3-domain/policies/service-order-transition.policy.spec.ts[0m:[93m106[0m:[93m50[0m - 
[91merror[0m[90m TS2339: [0mProperty 'AGUARDANDO_APROVACAO' does not exist on type 'typeof ServiceOrderStatus'.

    [7m106[0m       expect(result).toEqual([ServiceOrderStatus.AGUARDANDO_APROVACAO]);
    [7m   [0m [91m                                                 ~~~~~~~~~~~~~~~~~~~~[0m
    [96mtest/workshop/3-domain/policies/service-order-transition.policy.spec.ts[0m:[93m111[0m:[93m28[0m - 
[91merror[0m[90m TS2339: [0mProperty 'AGUARDANDO_APROVACAO' does not exist on type 'typeof ServiceOrderStatus'.

    [7m111[0m         ServiceOrderStatus.AGUARDANDO_APROVACAO,
    [7m   [0m [91m                           ~~~~~~~~~~~~~~~~~~~~[0m
    [96mtest/workshop/3-domain/policies/service-order-transition.policy.spec.ts[0m:[93m115[0m:[93m28[0m - 
[91merror[0m[90m TS2339: [0mProperty 'EM_EXECUCAO' does not exist on type 'typeof ServiceOrderStatus'.

    [7m115[0m         ServiceOrderStatus.EM_EXECUCAO,
    [7m   [0m [91m                           ~~~~~~~~~~~[0m
    [96mtest/workshop/3-domain/policies/service-order-transition.policy.spec.ts[0m:[93m116[0m:[93m28[0m - 
[91merror[0m[90m TS2339: [0mProperty 'EM_DIAGNOSTICO' does not exist on type 'typeof ServiceOrderStatus'.

    [7m116[0m         ServiceOrderStatus.EM_DIAGNOSTICO,
    [7m   [0m [91m                           ~~~~~~~~~~~~~~[0m
    [96mtest/workshop/3-domain/policies/service-order-transition.policy.spec.ts[0m:[93m122[0m:[93m28[0m - 
[91merror[0m[90m TS2339: [0mProperty 'EM_EXECUCAO' does not exist on type 'typeof ServiceOrderStatus'.

    [7m122[0m         ServiceOrderStatus.EM_EXECUCAO,
    [7m   [0m [91m                           ~~~~~~~~~~~[0m
    [96mtest/workshop/3-domain/policies/service-order-transition.policy.spec.ts[0m:[93m125[0m:[93m50[0m - 
[91merror[0m[90m TS2339: [0mProperty 'FINALIZADA' does not exist on type 'typeof ServiceOrderStatus'.

    [7m125[0m       expect(result).toEqual([ServiceOrderStatus.FINALIZADA]);
    [7m   [0m [91m                                                 ~~~~~~~~~~[0m
    [96mtest/workshop/3-domain/policies/service-order-transition.policy.spec.ts[0m:[93m130[0m:[93m28[0m - 
[91merror[0m[90m TS2339: [0mProperty 'FINALIZADA' does not exist on type 'typeof ServiceOrderStatus'.

    [7m130[0m         ServiceOrderStatus.FINALIZADA,
    [7m   [0m [91m                           ~~~~~~~~~~[0m
    [96mtest/workshop/3-domain/policies/service-order-transition.policy.spec.ts[0m:[93m133[0m:[93m50[0m - 
[91merror[0m[90m TS2339: [0mProperty 'ENTREGUE' does not exist on type 'typeof ServiceOrderStatus'.

    [7m133[0m       expect(result).toEqual([ServiceOrderStatus.ENTREGUE]);
    [7m   [0m [91m                                                 ~~~~~~~~[0m
    [96mtest/workshop/3-domain/policies/service-order-transition.policy.spec.ts[0m:[93m137[0m:[93m68[0m - 
[91merror[0m[90m TS2339: [0mProperty 'ENTREGUE' does not exist on type 'typeof ServiceOrderStatus'.

    [7m137[0m       const result = policy.getValidTransitions(ServiceOrderStatus.ENTREGUE);
    [7m   [0m [91m                                                                   ~~~~~~~~[0m

FAIL test/workshop/3-domain/domain-events/service-order.events.spec.ts
  ΓùÅ Test suite failed to run

    [96mtest/workshop/3-domain/domain-events/service-order.events.spec.ts[0m:[93m42[0m:[93m47[0m - 
[91merror[0m[90m TS2339: [0mProperty 'RECEBIDA' does not exist on type 'typeof ServiceOrderStatus'.

    [7m42[0m     const previousStatus = ServiceOrderStatus.RECEBIDA;
    [7m  [0m [91m                                              ~~~~~~~~[0m
    [96mtest/workshop/3-domain/domain-events/service-order.events.spec.ts[0m:[93m43[0m:[93m42[0m - 
[91merror[0m[90m TS2339: [0mProperty 'EM_EXECUCAO' does not exist on type 'typeof ServiceOrderStatus'.

    [7m43[0m     const newStatus = ServiceOrderStatus.EM_EXECUCAO;
    [7m  [0m [91m                                         ~~~~~~~~~~~[0m
    [96mtest/workshop/3-domain/domain-events/service-order.events.spec.ts[0m:[93m68[0m:[93m47[0m - 
[91merror[0m[90m TS2339: [0mProperty 'RECEBIDA' does not exist on type 'typeof ServiceOrderStatus'.

    [7m68[0m     const previousStatus = ServiceOrderStatus.RECEBIDA;
    [7m  [0m [91m                                              ~~~~~~~~[0m
    [96mtest/workshop/3-domain/domain-events/service-order.events.spec.ts[0m:[93m69[0m:[93m42[0m - 
[91merror[0m[90m TS2339: [0mProperty 'EM_EXECUCAO' does not exist on type 'typeof ServiceOrderStatus'.

    [7m69[0m     const newStatus = ServiceOrderStatus.EM_EXECUCAO;
    [7m  [0m [91m                                         ~~~~~~~~~~~[0m

PASS test/auth/services/auth.service.spec.ts (6.503 s)
PASS test/workshop/1-presentation/controllers/service-stats.controller.spec.ts (6.601 s)
FAIL test/workshop/3-domain/aggregates/service-order.aggregate.spec.ts
  ΓùÅ Test suite failed to run

    [96mtest/workshop/3-domain/aggregates/service-order.aggregate.spec.ts[0m:[93m43[0m:[93m59[0m - 
[91merror[0m[90m TS2339: [0mProperty 'RECEBIDA' does not exist on type 'typeof ServiceOrderStatus'.

    [7m43[0m       expect(serviceOrder.status).toBe(ServiceOrderStatus.RECEBIDA);
    [7m  [0m [91m                                                          ~~~~~~~~[0m
    [96mtest/workshop/3-domain/aggregates/service-order.aggregate.spec.ts[0m:[93m56[0m:[93m36[0m - 
[91merror[0m[90m TS2339: [0mProperty 'EM_EXECUCAO' does not exist on type 'typeof ServiceOrderStatus'.

    [7m56[0m         status: ServiceOrderStatus.EM_EXECUCAO,
    [7m  [0m [91m                                   ~~~~~~~~~~~[0m
    [96mtest/workshop/3-domain/aggregates/service-order.aggregate.spec.ts[0m:[93m87[0m:[93m40[0m - 
[91merror[0m[90m TS2339: [0mProperty 'RECEBIDA' does not exist on type 'typeof ServiceOrderStatus'.

    [7m87[0m             status: ServiceOrderStatus.RECEBIDA,
    [7m  [0m [91m                                       ~~~~~~~~[0m
    [96mtest/workshop/3-domain/aggregates/service-order.aggregate.spec.ts[0m:[93m107[0m:[93m36[0m - 
[91merror[0m[90m TS2339: [0mProperty 'RECEBIDA' does not exist on type 'typeof ServiceOrderStatus'.

    [7m107[0m         status: ServiceOrderStatus.RECEBIDA,
    [7m   [0m [91m                                   ~~~~~~~~[0m
    [96mtest/workshop/3-domain/aggregates/service-order.aggregate.spec.ts[0m:[93m236[0m:[93m42[0m - 
[91merror[0m[90m TS2339: [0mProperty 'EM_DIAGNOSTICO' does not exist on type 'typeof ServiceOrderStatus'.

    [7m236[0m       so.changeStatus(ServiceOrderStatus.EM_DIAGNOSTICO);
    [7m   [0m [91m                                         ~~~~~~~~~~~~~~[0m
    [96mtest/workshop/3-domain/aggregates/service-order.aggregate.spec.ts[0m:[93m237[0m:[93m42[0m - 
[91merror[0m[90m TS2339: [0mProperty 'AGUARDANDO_APROVACAO' does not exist on type 'typeof ServiceOrderStatus'.

    [7m237[0m       so.changeStatus(ServiceOrderStatus.AGUARDANDO_APROVACAO);
    [7m   [0m [91m                                         ~~~~~~~~~~~~~~~~~~~~[0m
    [96mtest/workshop/3-domain/aggregates/service-order.aggregate.spec.ts[0m:[93m238[0m:[93m42[0m - 
[91merror[0m[90m TS2339: [0mProperty 'EM_EXECUCAO' does not exist on type 'typeof ServiceOrderStatus'.

    [7m238[0m       so.changeStatus(ServiceOrderStatus.EM_EXECUCAO);
    [7m   [0m [91m                                         ~~~~~~~~~~~[0m
    [96mtest/workshop/3-domain/aggregates/service-order.aggregate.spec.ts[0m:[93m239[0m:[93m42[0m - 
[91merror[0m[90m TS2339: [0mProperty 'FINALIZADA' does not exist on type 'typeof ServiceOrderStatus'.

    [7m239[0m       so.changeStatus(ServiceOrderStatus.FINALIZADA);
    [7m   [0m [91m                                         ~~~~~~~~~~[0m
    [96mtest/workshop/3-domain/aggregates/service-order.aggregate.spec.ts[0m:[93m240[0m:[93m42[0m - 
[91merror[0m[90m TS2339: [0mProperty 'ENTREGUE' does not exist on type 'typeof ServiceOrderStatus'.

    [7m240[0m       so.changeStatus(ServiceOrderStatus.ENTREGUE);
    [7m   [0m [91m                                         ~~~~~~~~[0m
    [96mtest/workshop/3-domain/aggregates/service-order.aggregate.spec.ts[0m:[93m330[0m:[93m28[0m - 
[91merror[0m[90m TS2339: [0mProperty 'EM_DIAGNOSTICO' does not exist on type 'typeof ServiceOrderStatus'.

    [7m330[0m         ServiceOrderStatus.EM_DIAGNOSTICO,
    [7m   [0m [91m                           ~~~~~~~~~~~~~~[0m
    [96mtest/workshop/3-domain/aggregates/service-order.aggregate.spec.ts[0m:[93m334[0m:[93m49[0m - 
[91merror[0m[90m TS2339: [0mProperty 'EM_DIAGNOSTICO' does not exist on type 'typeof ServiceOrderStatus'.

    [7m334[0m       expect(so.status).toBe(ServiceOrderStatus.EM_DIAGNOSTICO);
    [7m   [0m [91m                                                ~~~~~~~~~~~~~~[0m
    [96mtest/workshop/3-domain/aggregates/service-order.aggregate.spec.ts[0m:[93m348[0m:[93m42[0m - 
[91merror[0m[90m TS2339: [0mProperty 'EM_DIAGNOSTICO' does not exist on type 'typeof ServiceOrderStatus'.

    [7m348[0m       so.changeStatus(ServiceOrderStatus.EM_DIAGNOSTICO);
    [7m   [0m [91m                                         ~~~~~~~~~~~~~~[0m
    [96mtest/workshop/3-domain/aggregates/service-order.aggregate.spec.ts[0m:[93m363[0m:[93m55[0m - 
[91merror[0m[90m TS2339: [0mProperty 'FINALIZADA' does not exist on type 'typeof ServiceOrderStatus'.

    [7m363[0m       expect(() => so.changeStatus(ServiceOrderStatus.FINALIZADA)).toThrow(
    [7m   [0m [91m                                                      ~~~~~~~~~~[0m
    [96mtest/workshop/3-domain/aggregates/service-order.aggregate.spec.ts[0m:[93m378[0m:[93m42[0m - 
[91merror[0m[90m TS2339: [0mProperty 'EM_DIAGNOSTICO' does not exist on type 'typeof ServiceOrderStatus'.

    [7m378[0m       so.changeStatus(ServiceOrderStatus.EM_DIAGNOSTICO);
    [7m   [0m [91m                                         ~~~~~~~~~~~~~~[0m
    [96mtest/workshop/3-domain/aggregates/service-order.aggregate.spec.ts[0m:[93m379[0m:[93m42[0m - 
[91merror[0m[90m TS2339: [0mProperty 'AGUARDANDO_APROVACAO' does not exist on type 'typeof ServiceOrderStatus'.

    [7m379[0m       so.changeStatus(ServiceOrderStatus.AGUARDANDO_APROVACAO);
    [7m   [0m [91m                                         ~~~~~~~~~~~~~~~~~~~~[0m
    [96mtest/workshop/3-domain/aggregates/service-order.aggregate.spec.ts[0m:[93m380[0m:[93m42[0m - 
[91merror[0m[90m TS2339: [0mProperty 'EM_DIAGNOSTICO' does not exist on type 'typeof ServiceOrderStatus'.

    [7m380[0m       so.changeStatus(ServiceOrderStatus.EM_DIAGNOSTICO);
    [7m   [0m [91m                                         ~~~~~~~~~~~~~~[0m
    [96mtest/workshop/3-domain/aggregates/service-order.aggregate.spec.ts[0m:[93m382[0m:[93m49[0m - 
[91merror[0m[90m TS2339: [0mProperty 'EM_DIAGNOSTICO' does not exist on type 'typeof ServiceOrderStatus'.

    [7m382[0m       expect(so.status).toBe(ServiceOrderStatus.EM_DIAGNOSTICO);
    [7m   [0m [91m                                                ~~~~~~~~~~~~~~[0m
    [96mtest/workshop/3-domain/aggregates/service-order.aggregate.spec.ts[0m:[93m397[0m:[93m42[0m - 
[91merror[0m[90m TS2339: [0mProperty 'EM_DIAGNOSTICO' does not exist on type 'typeof ServiceOrderStatus'.

    [7m397[0m       so.changeStatus(ServiceOrderStatus.EM_DIAGNOSTICO);
    [7m   [0m [91m                                         ~~~~~~~~~~~~~~[0m
    [96mtest/workshop/3-domain/aggregates/service-order.aggregate.spec.ts[0m:[93m398[0m:[93m42[0m - 
[91merror[0m[90m TS2339: [0mProperty 'AGUARDANDO_APROVACAO' does not exist on type 'typeof ServiceOrderStatus'.

    [7m398[0m       so.changeStatus(ServiceOrderStatus.AGUARDANDO_APROVACAO);
    [7m   [0m [91m                                         ~~~~~~~~~~~~~~~~~~~~[0m
    [96mtest/workshop/3-domain/aggregates/service-order.aggregate.spec.ts[0m:[93m401[0m:[93m49[0m - 
[91merror[0m[90m TS2339: [0mProperty 'EM_EXECUCAO' does not exist on type 'typeof ServiceOrderStatus'.

    [7m401[0m       expect(so.status).toBe(ServiceOrderStatus.EM_EXECUCAO);
    [7m   [0m [91m                                                ~~~~~~~~~~~[0m
    [96mtest/workshop/3-domain/aggregates/service-order.aggregate.spec.ts[0m:[93m431[0m:[93m42[0m - 
[91merror[0m[90m TS2339: [0mProperty 'EM_DIAGNOSTICO' does not exist on type 'typeof ServiceOrderStatus'.

    [7m431[0m       so.changeStatus(ServiceOrderStatus.EM_DIAGNOSTICO);
    [7m   [0m [91m                                         ~~~~~~~~~~~~~~[0m
    [96mtest/workshop/3-domain/aggregates/service-order.aggregate.spec.ts[0m:[93m432[0m:[93m42[0m - 
[91merror[0m[90m TS2339: [0mProperty 'AGUARDANDO_APROVACAO' does not exist on type 'typeof ServiceOrderStatus'.

    [7m432[0m       so.changeStatus(ServiceOrderStatus.AGUARDANDO_APROVACAO);
    [7m   [0m [91m                                         ~~~~~~~~~~~~~~~~~~~~[0m
    [96mtest/workshop/3-domain/aggregates/service-order.aggregate.spec.ts[0m:[93m433[0m:[93m42[0m - 
[91merror[0m[90m TS2339: [0mProperty 'EM_EXECUCAO' does not exist on type 'typeof ServiceOrderStatus'.

    [7m433[0m       so.changeStatus(ServiceOrderStatus.EM_EXECUCAO);
    [7m   [0m [91m                                         ~~~~~~~~~~~[0m
    [96mtest/workshop/3-domain/aggregates/service-order.aggregate.spec.ts[0m:[93m436[0m:[93m49[0m - 
[91merror[0m[90m TS2339: [0mProperty 'FINALIZADA' does not exist on type 'typeof ServiceOrderStatus'.

    [7m436[0m       expect(so.status).toBe(ServiceOrderStatus.FINALIZADA);
    [7m   [0m [91m                                                ~~~~~~~~~~[0m
    [96mtest/workshop/3-domain/aggregates/service-order.aggregate.spec.ts[0m:[93m466[0m:[93m42[0m - 
[91merror[0m[90m TS2339: [0mProperty 'EM_DIAGNOSTICO' does not exist on type 'typeof ServiceOrderStatus'.

    [7m466[0m       so.changeStatus(ServiceOrderStatus.EM_DIAGNOSTICO);
    [7m   [0m [91m                                         ~~~~~~~~~~~~~~[0m
    [96mtest/workshop/3-domain/aggregates/service-order.aggregate.spec.ts[0m:[93m467[0m:[93m42[0m - 
[91merror[0m[90m TS2339: [0mProperty 'AGUARDANDO_APROVACAO' does not exist on type 'typeof ServiceOrderStatus'.

    [7m467[0m       so.changeStatus(ServiceOrderStatus.AGUARDANDO_APROVACAO);
    [7m   [0m [91m                                         ~~~~~~~~~~~~~~~~~~~~[0m
    [96mtest/workshop/3-domain/aggregates/service-order.aggregate.spec.ts[0m:[93m468[0m:[93m42[0m - 
[91merror[0m[90m TS2339: [0mProperty 'EM_EXECUCAO' does not exist on type 'typeof ServiceOrderStatus'.

    [7m468[0m       so.changeStatus(ServiceOrderStatus.EM_EXECUCAO);
    [7m   [0m [91m                                         ~~~~~~~~~~~[0m
    [96mtest/workshop/3-domain/aggregates/service-order.aggregate.spec.ts[0m:[93m469[0m:[93m42[0m - 
[91merror[0m[90m TS2339: [0mProperty 'FINALIZADA' does not exist on type 'typeof ServiceOrderStatus'.

    [7m469[0m       so.changeStatus(ServiceOrderStatus.FINALIZADA);
    [7m   [0m [91m                                         ~~~~~~~~~~[0m
    [96mtest/workshop/3-domain/aggregates/service-order.aggregate.spec.ts[0m:[93m472[0m:[93m49[0m - 
[91merror[0m[90m TS2339: [0mProperty 'ENTREGUE' does not exist on type 'typeof ServiceOrderStatus'.

    [7m472[0m       expect(so.status).toBe(ServiceOrderStatus.ENTREGUE);
    [7m   [0m [91m                                                ~~~~~~~~[0m

FAIL test/workshop/3-domain/aggregates/customer.aggregate.spec.ts
  ΓùÅ Test suite failed to run

    [96mtest/workshop/3-domain/aggregates/customer.aggregate.spec.ts[0m:[93m2[0m:[93m1[0m - [91merror[0m[90m 
TS6133: [0m'ServiceOrderStatus' is declared but its value is never read.

    [7m2[0m import { ServiceOrderStatus } from '../../../../src/shared/enums';
    [7m [0m [91m~~~~~~~~~~~~~~~~~~~~~~~~~~~~~~~~~~~~~~~~~~~~~~~~~~~~~~~~~~~~~~~~~~[0m
    [96mtest/workshop/3-domain/aggregates/customer.aggregate.spec.ts[0m:[93m23[0m:[93m9[0m - [91merror[0m[90m 
TS2552: [0mCannot find name 'CustomerType'. Did you mean 'customer'?

    [7m23[0m         CustomerType.PESSOA_FISICA,
    [7m  [0m [91m        ~~~~~~~~~~~~[0m

      [96mtest/workshop/3-domain/aggregates/customer.aggregate.spec.ts[0m:[93m20[0m:[93m13[0m
        [7m20[0m       const customer = CustomerAggregate.create(
        [7m  [0m [96m            ~~~~~~~~[0m
        'customer' is declared here.
    [96mtest/workshop/3-domain/aggregates/customer.aggregate.spec.ts[0m:[93m33[0m:[93m34[0m - 
[91merror[0m[90m TS2552: [0mCannot find name 'CustomerType'. Did you mean 'customer'?

    [7m33[0m       expect(customer.type).toBe(CustomerType.PESSOA_FISICA);
    [7m  [0m [91m                                 ~~~~~~~~~~~~[0m

      [96mtest/workshop/3-domain/aggregates/customer.aggregate.spec.ts[0m:[93m20[0m:[93m13[0m
        [7m20[0m       const customer = CustomerAggregate.create(
        [7m  [0m [96m            ~~~~~~~~[0m
        'customer' is declared here.
    [96mtest/workshop/3-domain/aggregates/customer.aggregate.spec.ts[0m:[93m47[0m:[93m15[0m - 
[91merror[0m[90m TS2552: [0mCannot find name 'CustomerType'. Did you mean 'customer'?

    [7m47[0m         type: CustomerType.PESSOA_FISICA,
    [7m  [0m [91m              ~~~~~~~~~~~~[0m

      [96mtest/workshop/3-domain/aggregates/customer.aggregate.spec.ts[0m:[93m57[0m:[93m13[0m
        [7m57[0m       const customer = CustomerAggregate.fromDatabase(data);
        [7m  [0m [96m            ~~~~~~~~[0m
        'customer' is declared here.
    [96mtest/workshop/3-domain/aggregates/customer.aggregate.spec.ts[0m:[93m73[0m:[93m9[0m - [91merror[0m[90m 
TS2552: [0mCannot find name 'CustomerType'. Did you mean 'customer'?

    [7m73[0m         CustomerType.PESSOA_FISICA,
    [7m  [0m [91m        ~~~~~~~~~~~~[0m

      [96mtest/workshop/3-domain/aggregates/customer.aggregate.spec.ts[0m:[93m67[0m:[93m9[0m
        [7m67[0m     let customer: CustomerAggregate;
        [7m  [0m [96m        ~~~~~~~~[0m
        'customer' is declared here.
    [96mtest/workshop/3-domain/aggregates/customer.aggregate.spec.ts[0m:[93m119[0m:[93m9[0m - 
[91merror[0m[90m TS2552: [0mCannot find name 'CustomerType'. Did you mean 'customer'?

    [7m119[0m         CustomerType.PESSOA_FISICA,
    [7m   [0m [91m        ~~~~~~~~~~~~[0m

      [96mtest/workshop/3-domain/aggregates/customer.aggregate.spec.ts[0m:[93m116[0m:[93m13[0m
        [7m116[0m       const customer = CustomerAggregate.create(
        [7m   [0m [96m            ~~~~~~~~[0m
        'customer' is declared here.
    [96mtest/workshop/3-domain/aggregates/customer.aggregate.spec.ts[0m:[93m138[0m:[93m9[0m - 
[91merror[0m[90m TS2552: [0mCannot find name 'CustomerType'. Did you mean 'customer'?

    [7m138[0m         CustomerType.PESSOA_FISICA,
    [7m   [0m [91m        ~~~~~~~~~~~~[0m

      [96mtest/workshop/3-domain/aggregates/customer.aggregate.spec.ts[0m:[93m135[0m:[93m13[0m
        [7m135[0m       const customer = CustomerAggregate.create(
        [7m   [0m [96m            ~~~~~~~~[0m
        'customer' is declared here.
    [96mtest/workshop/3-domain/aggregates/customer.aggregate.spec.ts[0m:[93m154[0m:[93m9[0m - 
[91merror[0m[90m TS2552: [0mCannot find name 'CustomerType'. Did you mean 'customer'?

    [7m154[0m         CustomerType.PESSOA_FISICA,
    [7m   [0m [91m        ~~~~~~~~~~~~[0m

      [96mtest/workshop/3-domain/aggregates/customer.aggregate.spec.ts[0m:[93m151[0m:[93m13[0m
        [7m151[0m       const customer = CustomerAggregate.create(
        [7m   [0m [96m            ~~~~~~~~[0m
        'customer' is declared here.
    [96mtest/workshop/3-domain/aggregates/customer.aggregate.spec.ts[0m:[93m172[0m:[93m9[0m - 
[91merror[0m[90m TS2552: [0mCannot find name 'CustomerType'. Did you mean 'customer'?

    [7m172[0m         CustomerType.PESSOA_JURIDICA,
    [7m   [0m [91m        ~~~~~~~~~~~~[0m

      [96mtest/workshop/3-domain/aggregates/customer.aggregate.spec.ts[0m:[93m169[0m:[93m13[0m
        [7m169[0m       const customer = CustomerAggregate.create(
        [7m   [0m [96m            ~~~~~~~~[0m
        'customer' is declared here.
    [96mtest/workshop/3-domain/aggregates/customer.aggregate.spec.ts[0m:[93m188[0m:[93m9[0m - 
[91merror[0m[90m TS2552: [0mCannot find name 'CustomerType'. Did you mean 'customer'?

    [7m188[0m         CustomerType.PESSOA_FISICA,
    [7m   [0m [91m        ~~~~~~~~~~~~[0m

      [96mtest/workshop/3-domain/aggregates/customer.aggregate.spec.ts[0m:[93m185[0m:[93m13[0m
        [7m185[0m       const customer = CustomerAggregate.create(
        [7m   [0m [96m            ~~~~~~~~[0m
        'customer' is declared here.
    [96mtest/workshop/3-domain/aggregates/customer.aggregate.spec.ts[0m:[93m204[0m:[93m9[0m - 
[91merror[0m[90m TS2552: [0mCannot find name 'CustomerType'. Did you mean 'customer'?

    [7m204[0m         CustomerType.PESSOA_FISICA,
    [7m   [0m [91m        ~~~~~~~~~~~~[0m

      [96mtest/workshop/3-domain/aggregates/customer.aggregate.spec.ts[0m:[93m201[0m:[93m13[0m
        [7m201[0m       const customer = CustomerAggregate.create(
        [7m   [0m [96m            ~~~~~~~~[0m
        'customer' is declared here.
    [96mtest/workshop/3-domain/aggregates/customer.aggregate.spec.ts[0m:[93m218[0m:[93m9[0m - 
[91merror[0m[90m TS2304: [0mCannot find name 'CustomerType'.

    [7m218[0m         CustomerType.PESSOA_JURIDICA,
    [7m   [0m [91m        ~~~~~~~~~~~~[0m

PASS test/auth/guards/roles.guard.spec.ts
PASS test/infrastructure/auth/jwt-auth.guard.spec.ts (6.749 s)
PASS test/workshop/2-application/services/notification.service.spec.ts (6.784 s)
PASS test/auth/strategies/jwt.strategy.spec.ts
PASS test/auth/services/user.service.spec.ts
FAIL test/workshop/2-application/services/service.service.spec.ts
  ΓùÅ Test suite failed to run

    [96mtest/workshop/2-application/services/service.service.spec.ts[0m:[93m2[0m:[93m1[0m - [91merror[0m[90m 
TS6133: [0m'ServiceOrderStatus' is declared but its value is never read.

    [7m2[0m import { ServiceOrderStatus } from '../../../../src/shared/enums';
    [7m [0m [91m~~~~~~~~~~~~~~~~~~~~~~~~~~~~~~~~~~~~~~~~~~~~~~~~~~~~~~~~~~~~~~~~~~[0m
    [96mtest/workshop/2-application/services/service.service.spec.ts[0m:[93m82[0m:[93m50[0m - 
[91merror[0m[90m TS2345: [0mArgument of type '{ id: string; name: string; description: string; price: Decimal; 
category: "Mec├ónica" | "El├⌐trica" | "Funilaria" | "Pintura"; estimatedMinutes: number; isActive: boolean; createdAt: 
Date; updatedAt: Date; }' is not assignable to parameter of type '{ name: string; id: string; description: string | 
null; price: number; estimatedMinutes: number; category: string; isActive: boolean; createdAt: Date; updatedAt: Date; 
} | Promise<{ name: string; ... 7 more ...; updatedAt: Date; }>'.
      Type '{ id: string; name: string; description: string; price: Decimal; category: "Mec├ónica" | "El├⌐trica" | 
"Funilaria" | "Pintura"; estimatedMinutes: number; isActive: boolean; createdAt: Date; updatedAt: Date; }' is not 
assignable to type '{ name: string; id: string; description: string | null; price: number; estimatedMinutes: number; 
category: string; isActive: boolean; createdAt: Date; updatedAt: Date; }'.
        Types of property 'price' are incompatible.
          Type 'Decimal' is not assignable to type 'number'.

    [7m82[0m       serviceRepository.create.mockResolvedValue(mockService);
    [7m  [0m [91m                                                 ~~~~~~~~~~~[0m
    [96mtest/workshop/2-application/services/service.service.spec.ts[0m:[93m99[0m:[93m54[0m - 
[91merror[0m[90m TS2345: [0mArgument of type '{ id: string; name: string; description: string; price: Decimal; 
category: "Mec├ónica" | "El├⌐trica" | "Funilaria" | "Pintura"; estimatedMinutes: number; isActive: boolean; createdAt: 
Date; updatedAt: Date; }' is not assignable to parameter of type '{ name: string; id: string; description: string | 
null; price: number; estimatedMinutes: number; category: string; isActive: boolean; createdAt: Date; updatedAt: Date; 
} | Promise<{ ...; } | null> | null'.
      Type '{ id: string; name: string; description: string; price: Decimal; category: "Mec├ónica" | "El├⌐trica" | 
"Funilaria" | "Pintura"; estimatedMinutes: number; isActive: boolean; createdAt: Date; updatedAt: Date; }' is not 
assignable to type '{ name: string; id: string; description: string | null; price: number; estimatedMinutes: number; 
category: string; isActive: boolean; createdAt: Date; updatedAt: Date; }'.
        Types of property 'price' are incompatible.
          Type 'Decimal' is not assignable to type 'number'.

    [7m99[0m       serviceRepository.findByName.mockResolvedValue(existingService);
    [7m  [0m [91m                                                     ~~~~~~~~~~~~~~~[0m
    [96mtest/workshop/2-application/services/service.service.spec.ts[0m:[93m113[0m:[93m51[0m - 
[91merror[0m[90m TS2345: [0mArgument of type '{ id: string; name: string; description: string; price: Decimal; 
category: "Mec├ónica" | "El├⌐trica" | "Funilaria" | "Pintura"; estimatedMinutes: number; isActive: boolean; createdAt: 
Date; updatedAt: Date; }[]' is not assignable to parameter of type '{ name: string; id: string; description: string | 
null; price: number; estimatedMinutes: number; category: string; isActive: boolean; createdAt: Date; updatedAt: Date; 
}[] | Promise<{ name: string; ... 7 more ...; updatedAt: Date; }[]>'.
      Type '{ id: string; name: string; description: string; price: Decimal; category: "Mec├ónica" | "El├⌐trica" | 
"Funilaria" | "Pintura"; estimatedMinutes: number; isActive: boolean; createdAt: Date; updatedAt: Date; }[]' is not 
assignable to type '{ name: string; id: string; description: string | null; price: number; estimatedMinutes: number; 
category: string; isActive: boolean; createdAt: Date; updatedAt: Date; }[]'.
        Type '{ id: string; name: string; description: string; price: Decimal; category: "Mec├ónica" | "El├⌐trica" | 
"Funilaria" | "Pintura"; estimatedMinutes: number; isActive: boolean; createdAt: Date; updatedAt: Date; }' is not 
assignable to type '{ name: string; id: string; description: string | null; price: number; estimatedMinutes: number; 
category: string; isActive: boolean; createdAt: Date; updatedAt: Date; }'.
          Types of property 'price' are incompatible.
            Type 'Decimal' is not assignable to type 'number'.

    [7m113[0m       serviceRepository.findAll.mockResolvedValue(mockServices);
    [7m   [0m [91m                                                  ~~~~~~~~~~~~[0m
    [96mtest/workshop/2-application/services/service.service.spec.ts[0m:[93m124[0m:[93m51[0m - 
[91merror[0m[90m TS2345: [0mArgument of type '{ id: string; name: string; description: string; price: Decimal; 
category: "Mec├ónica" | "El├⌐trica" | "Funilaria" | "Pintura"; estimatedMinutes: number; isActive: boolean; createdAt: 
Date; updatedAt: Date; }[]' is not assignable to parameter of type '{ name: string; id: string; description: string | 
null; price: number; estimatedMinutes: number; category: string; isActive: boolean; createdAt: Date; updatedAt: Date; 
}[] | Promise<{ name: string; ... 7 more ...; updatedAt: Date; }[]>'.
      Type '{ id: string; name: string; description: string; price: Decimal; category: "Mec├ónica" | "El├⌐trica" | 
"Funilaria" | "Pintura"; estimatedMinutes: number; isActive: boolean; createdAt: Date; updatedAt: Date; }[]' is not 
assignable to type '{ name: string; id: string; description: string | null; price: number; estimatedMinutes: number; 
category: string; isActive: boolean; createdAt: Date; updatedAt: Date; }[]'.
        Type '{ id: string; name: string; description: string; price: Decimal; category: "Mec├ónica" | "El├⌐trica" | 
"Funilaria" | "Pintura"; estimatedMinutes: number; isActive: boolean; createdAt: Date; updatedAt: Date; }' is not 
assignable to type '{ name: string; id: string; description: string | null; price: number; estimatedMinutes: number; 
category: string; isActive: boolean; createdAt: Date; updatedAt: Date; }'.
          Types of property 'price' are incompatible.
            Type 'Decimal' is not assignable to type 'number'.

    [7m124[0m       serviceRepository.findAll.mockResolvedValue(mockServices);
    [7m   [0m [91m                                                  ~~~~~~~~~~~~[0m
    [96mtest/workshop/2-application/services/service.service.spec.ts[0m:[93m137[0m:[93m52[0m - 
[91merror[0m[90m TS2345: [0mArgument of type '{ id: string; name: string; description: string; price: Decimal; 
category: "Mec├ónica" | "El├⌐trica" | "Funilaria" | "Pintura"; estimatedMinutes: number; isActive: boolean; createdAt: 
Date; updatedAt: Date; }[]' is not assignable to parameter of type '{ name: string; id: string; description: string | 
null; price: number; estimatedMinutes: number; category: string; isActive: boolean; createdAt: Date; updatedAt: Date; 
}[] | Promise<{ name: string; ... 7 more ...; updatedAt: Date; }[]>'.
      Type '{ id: string; name: string; description: string; price: Decimal; category: "Mec├ónica" | "El├⌐trica" | 
"Funilaria" | "Pintura"; estimatedMinutes: number; isActive: boolean; createdAt: Date; updatedAt: Date; }[]' is not 
assignable to type '{ name: string; id: string; description: string | null; price: number; estimatedMinutes: number; 
category: string; isActive: boolean; createdAt: Date; updatedAt: Date; }[]'.
        Type '{ id: string; name: string; description: string; price: Decimal; category: "Mec├ónica" | "El├⌐trica" | 
"Funilaria" | "Pintura"; estimatedMinutes: number; isActive: boolean; createdAt: Date; updatedAt: Date; }' is not 
assignable to type '{ name: string; id: string; description: string | null; price: number; estimatedMinutes: number; 
category: string; isActive: boolean; createdAt: Date; updatedAt: Date; }'.
          Types of property 'price' are incompatible.
            Type 'Decimal' is not assignable to type 'number'.

    [7m137[0m       serviceRepository.findMany.mockResolvedValue(mockServices);
    [7m   [0m [91m                                                   ~~~~~~~~~~~~[0m
    [96mtest/workshop/2-application/services/service.service.spec.ts[0m:[93m151[0m:[93m52[0m - 
[91merror[0m[90m TS2345: [0mArgument of type '{ id: string; name: string; description: string; price: Decimal; 
category: "Mec├ónica" | "El├⌐trica" | "Funilaria" | "Pintura"; estimatedMinutes: number; isActive: boolean; createdAt: 
Date; updatedAt: Date; }' is not assignable to parameter of type '{ name: string; id: string; description: string | 
null; price: number; estimatedMinutes: number; category: string; isActive: boolean; createdAt: Date; updatedAt: Date; 
} | Promise<{ ...; } | null> | null'.
      Type '{ id: string; name: string; description: string; price: Decimal; category: "Mec├ónica" | "El├⌐trica" | 
"Funilaria" | "Pintura"; estimatedMinutes: number; isActive: boolean; createdAt: Date; updatedAt: Date; }' is not 
assignable to type '{ name: string; id: string; description: string | null; price: number; estimatedMinutes: number; 
category: string; isActive: boolean; createdAt: Date; updatedAt: Date; }'.
        Types of property 'price' are incompatible.
          Type 'Decimal' is not assignable to type 'number'.

    [7m151[0m       serviceRepository.findById.mockResolvedValue(mockService);
    [7m   [0m [91m                                                   ~~~~~~~~~~~[0m
    [96mtest/workshop/2-application/services/service.service.spec.ts[0m:[93m180[0m:[93m58[0m - 
[91merror[0m[90m TS2345: [0mArgument of type '{ id: string; name: string; description: string; price: Decimal; 
category: "Mec├ónica" | "El├⌐trica" | "Funilaria" | "Pintura"; estimatedMinutes: number; isActive: boolean; createdAt: 
Date; updatedAt: Date; }[]' is not assignable to parameter of type '{ name: string; id: string; description: string | 
null; price: number; estimatedMinutes: number; category: string; isActive: boolean; createdAt: Date; updatedAt: Date; 
}[] | Promise<{ name: string; ... 7 more ...; updatedAt: Date; }[]>'.
      Type '{ id: string; name: string; description: string; price: Decimal; category: "Mec├ónica" | "El├⌐trica" | 
"Funilaria" | "Pintura"; estimatedMinutes: number; isActive: boolean; createdAt: Date; updatedAt: Date; }[]' is not 
assignable to type '{ name: string; id: string; description: string | null; price: number; estimatedMinutes: number; 
category: string; isActive: boolean; createdAt: Date; updatedAt: Date; }[]'.
        Type '{ id: string; name: string; description: string; price: Decimal; category: "Mec├ónica" | "El├⌐trica" | 
"Funilaria" | "Pintura"; estimatedMinutes: number; isActive: boolean; createdAt: Date; updatedAt: Date; }' is not 
assignable to type '{ name: string; id: string; description: string | null; price: number; estimatedMinutes: number; 
category: string; isActive: boolean; createdAt: Date; updatedAt: Date; }'.
          Types of property 'price' are incompatible.
            Type 'Decimal' is not assignable to type 'number'.

    [7m180[0m       serviceRepository.findByCategory.mockResolvedValue(mockServices);
    [7m   [0m [91m                                                         ~~~~~~~~~~~~[0m
    [96mtest/workshop/2-application/services/service.service.spec.ts[0m:[93m199[0m:[93m52[0m - 
[91merror[0m[90m TS2345: [0mArgument of type '{ id: string; name: string; description: string; price: Decimal; 
category: "Mec├ónica" | "El├⌐trica" | "Funilaria" | "Pintura"; estimatedMinutes: number; isActive: boolean; createdAt: 
Date; updatedAt: Date; }' is not assignable to parameter of type '{ name: string; id: string; description: string | 
null; price: number; estimatedMinutes: number; category: string; isActive: boolean; createdAt: Date; updatedAt: Date; 
} | Promise<{ ...; } | null> | null'.
      Type '{ id: string; name: string; description: string; price: Decimal; category: "Mec├ónica" | "El├⌐trica" | 
"Funilaria" | "Pintura"; estimatedMinutes: number; isActive: boolean; createdAt: Date; updatedAt: Date; }' is not 
assignable to type '{ name: string; id: string; description: string | null; price: number; estimatedMinutes: number; 
category: string; isActive: boolean; createdAt: Date; updatedAt: Date; }'.
        Types of property 'price' are incompatible.
          Type 'Decimal' is not assignable to type 'number'.

    [7m199[0m       serviceRepository.findById.mockResolvedValue(existingService);
    [7m   [0m [91m                                                   ~~~~~~~~~~~~~~~[0m
    [96mtest/workshop/2-application/services/service.service.spec.ts[0m:[93m200[0m:[93m50[0m - 
[91merror[0m[90m TS2345: [0mArgument of type '{ id: string; name: string; description: string; price: Decimal; 
category: "Mec├ónica" | "El├⌐trica" | "Funilaria" | "Pintura"; estimatedMinutes: number; isActive: boolean; createdAt: 
Date; updatedAt: Date; }' is not assignable to parameter of type '{ name: string; id: string; description: string | 
null; price: number; estimatedMinutes: number; category: string; isActive: boolean; createdAt: Date; updatedAt: Date; 
} | Promise<{ name: string; ... 7 more ...; updatedAt: Date; }>'.
      Type '{ id: string; name: string; description: string; price: Decimal; category: "Mec├ónica" | "El├⌐trica" | 
"Funilaria" | "Pintura"; estimatedMinutes: number; isActive: boolean; createdAt: Date; updatedAt: Date; }' is not 
assignable to type '{ name: string; id: string; description: string | null; price: number; estimatedMinutes: number; 
category: string; isActive: boolean; createdAt: Date; updatedAt: Date; }'.
        Types of property 'price' are incompatible.
          Type 'Decimal' is not assignable to type 'number'.

    [7m200[0m       serviceRepository.update.mockResolvedValue(updatedService);
    [7m   [0m [91m                                                 ~~~~~~~~~~~~~~[0m
    [96mtest/workshop/2-application/services/service.service.spec.ts[0m:[93m244[0m:[93m52[0m - 
[91merror[0m[90m TS2345: [0mArgument of type '{ id: string; name: string; description: string; price: Decimal; 
category: "Mec├ónica" | "El├⌐trica" | "Funilaria" | "Pintura"; estimatedMinutes: number; isActive: boolean; createdAt: 
Date; updatedAt: Date; }' is not assignable to parameter of type '{ name: string; id: string; description: string | 
null; price: number; estimatedMinutes: number; category: string; isActive: boolean; createdAt: Date; updatedAt: Date; 
} | Promise<{ ...; } | null> | null'.
      Type '{ id: string; name: string; description: string; price: Decimal; category: "Mec├ónica" | "El├⌐trica" | 
"Funilaria" | "Pintura"; estimatedMinutes: number; isActive: boolean; createdAt: Date; updatedAt: Date; }' is not 
assignable to type '{ name: string; id: string; description: string | null; price: number; estimatedMinutes: number; 
category: string; isActive: boolean; createdAt: Date; updatedAt: Date; }'.
        Types of property 'price' are incompatible.
          Type 'Decimal' is not assignable to type 'number'.

    [7m244[0m       serviceRepository.findById.mockResolvedValue(existingService);
    [7m   [0m [91m                                                   ~~~~~~~~~~~~~~~[0m
    [96mtest/workshop/2-application/services/service.service.spec.ts[0m:[93m245[0m:[93m54[0m - 
[91merror[0m[90m TS2345: [0mArgument of type '{ id: string; name: string; description: string; price: Decimal; 
category: "Mec├ónica" | "El├⌐trica" | "Funilaria" | "Pintura"; estimatedMinutes: number; isActive: boolean; createdAt: 
Date; updatedAt: Date; }' is not assignable to parameter of type '{ name: string; id: string; description: string | 
null; price: number; estimatedMinutes: number; category: string; isActive: boolean; createdAt: Date; updatedAt: Date; 
} | Promise<{ ...; } | null> | null'.
      Type '{ id: string; name: string; description: string; price: Decimal; category: "Mec├ónica" | "El├⌐trica" | 
"Funilaria" | "Pintura"; estimatedMinutes: number; isActive: boolean; createdAt: Date; updatedAt: Date; }' is not 
assignable to type '{ name: string; id: string; description: string | null; price: number; estimatedMinutes: number; 
category: string; isActive: boolean; createdAt: Date; updatedAt: Date; }'.
        Types of property 'price' are incompatible.
          Type 'Decimal' is not assignable to type 'number'.

    [7m245[0m       serviceRepository.findByName.mockResolvedValue(conflictService);
    [7m   [0m [91m                                                     ~~~~~~~~~~~~~~~[0m
    [96mtest/workshop/2-application/services/service.service.spec.ts[0m:[93m264[0m:[93m52[0m - 
[91merror[0m[90m TS2345: [0mArgument of type '{ id: string; name: string; description: string; price: Decimal; 
category: "Mec├ónica" | "El├⌐trica" | "Funilaria" | "Pintura"; estimatedMinutes: number; isActive: boolean; createdAt: 
Date; updatedAt: Date; }' is not assignable to parameter of type '{ name: string; id: string; description: string | 
null; price: number; estimatedMinutes: number; category: string; isActive: boolean; createdAt: Date; updatedAt: Date; 
} | Promise<{ ...; } | null> | null'.
      Type '{ id: string; name: string; description: string; price: Decimal; category: "Mec├ónica" | "El├⌐trica" | 
"Funilaria" | "Pintura"; estimatedMinutes: number; isActive: boolean; createdAt: Date; updatedAt: Date; }' is not 
assignable to type '{ name: string; id: string; description: string | null; price: number; estimatedMinutes: number; 
category: string; isActive: boolean; createdAt: Date; updatedAt: Date; }'.
        Types of property 'price' are incompatible.
          Type 'Decimal' is not assignable to type 'number'.

    [7m264[0m       serviceRepository.findById.mockResolvedValue(existingService);
    [7m   [0m [91m                                                   ~~~~~~~~~~~~~~~[0m
    [96mtest/workshop/2-application/services/service.service.spec.ts[0m:[93m265[0m:[93m50[0m - 
[91merror[0m[90m TS2345: [0mArgument of type '{ id: string; name: string; description: string; price: Decimal; 
category: "Mec├ónica" | "El├⌐trica" | "Funilaria" | "Pintura"; estimatedMinutes: number; isActive: boolean; createdAt: 
Date; updatedAt: Date; }' is not assignable to parameter of type '{ name: string; id: string; description: string | 
null; price: number; estimatedMinutes: number; category: string; isActive: boolean; createdAt: Date; updatedAt: Date; 
} | Promise<{ name: string; ... 7 more ...; updatedAt: Date; }>'.
      Type '{ id: string; name: string; description: string; price: Decimal; category: "Mec├ónica" | "El├⌐trica" | 
"Funilaria" | "Pintura"; estimatedMinutes: number; isActive: boolean; createdAt: Date; updatedAt: Date; }' is not 
assignable to type '{ name: string; id: string; description: string | null; price: number; estimatedMinutes: number; 
category: string; isActive: boolean; createdAt: Date; updatedAt: Date; }'.
        Types of property 'price' are incompatible.
          Type 'Decimal' is not assignable to type 'number'.

    [7m265[0m       serviceRepository.update.mockResolvedValue(existingService);
    [7m   [0m [91m                                                 ~~~~~~~~~~~~~~~[0m
    [96mtest/workshop/2-application/services/service.service.spec.ts[0m:[93m282[0m:[93m52[0m - 
[91merror[0m[90m TS2345: [0mArgument of type '{ id: string; name: string; description: string; price: Decimal; 
category: "Mec├ónica" | "El├⌐trica" | "Funilaria" | "Pintura"; estimatedMinutes: number; isActive: boolean; createdAt: 
Date; updatedAt: Date; }' is not assignable to parameter of type '{ name: string; id: string; description: string | 
null; price: number; estimatedMinutes: number; category: string; isActive: boolean; createdAt: Date; updatedAt: Date; 
} | Promise<{ ...; } | null> | null'.
      Type '{ id: string; name: string; description: string; price: Decimal; category: "Mec├ónica" | "El├⌐trica" | 
"Funilaria" | "Pintura"; estimatedMinutes: number; isActive: boolean; createdAt: Date; updatedAt: Date; }' is not 
assignable to type '{ name: string; id: string; description: string | null; price: number; estimatedMinutes: number; 
category: string; isActive: boolean; createdAt: Date; updatedAt: Date; }'.
        Types of property 'price' are incompatible.
          Type 'Decimal' is not assignable to type 'number'.

    [7m282[0m       serviceRepository.findById.mockResolvedValue(existingService);
    [7m   [0m [91m                                                   ~~~~~~~~~~~~~~~[0m
    [96mtest/workshop/2-application/services/service.service.spec.ts[0m:[93m283[0m:[93m50[0m - 
[91merror[0m[90m TS2345: [0mArgument of type '{ id: string; name: string; description: string; price: Decimal; 
category: "Mec├ónica" | "El├⌐trica" | "Funilaria" | "Pintura"; estimatedMinutes: number; isActive: boolean; createdAt: 
Date; updatedAt: Date; }' is not assignable to parameter of type '{ name: string; id: string; description: string | 
null; price: number; estimatedMinutes: number; category: string; isActive: boolean; createdAt: Date; updatedAt: Date; 
} | Promise<{ name: string; ... 7 more ...; updatedAt: Date; }>'.
      Type '{ id: string; name: string; description: string; price: Decimal; category: "Mec├ónica" | "El├⌐trica" | 
"Funilaria" | "Pintura"; estimatedMinutes: number; isActive: boolean; createdAt: Date; updatedAt: Date; }' is not 
assignable to type '{ name: string; id: string; description: string | null; price: number; estimatedMinutes: number; 
category: string; isActive: boolean; createdAt: Date; updatedAt: Date; }'.
        Types of property 'price' are incompatible.
          Type 'Decimal' is not assignable to type 'number'.

    [7m283[0m       serviceRepository.update.mockResolvedValue(updatedService);
    [7m   [0m [91m                                                 ~~~~~~~~~~~~~~[0m
    [96mtest/workshop/2-application/services/service.service.spec.ts[0m:[93m305[0m:[93m52[0m - 
[91merror[0m[90m TS2345: [0mArgument of type '{ id: string; name: string; description: string; price: Decimal; 
category: "Mec├ónica" | "El├⌐trica" | "Funilaria" | "Pintura"; estimatedMinutes: number; isActive: boolean; createdAt: 
Date; updatedAt: Date; }' is not assignable to parameter of type '{ name: string; id: string; description: string | 
null; price: number; estimatedMinutes: number; category: string; isActive: boolean; createdAt: Date; updatedAt: Date; 
} | Promise<{ ...; } | null> | null'.
      Type '{ id: string; name: string; description: string; price: Decimal; category: "Mec├ónica" | "El├⌐trica" | 
"Funilaria" | "Pintura"; estimatedMinutes: number; isActive: boolean; createdAt: Date; updatedAt: Date; }' is not 
assignable to type '{ name: string; id: string; description: string | null; price: number; estimatedMinutes: number; 
category: string; isActive: boolean; createdAt: Date; updatedAt: Date; }'.
        Types of property 'price' are incompatible.
          Type 'Decimal' is not assignable to type 'number'.

    [7m305[0m       serviceRepository.findById.mockResolvedValue(existingService);
    [7m   [0m [91m                                                   ~~~~~~~~~~~~~~~[0m
    [96mtest/workshop/2-application/services/service.service.spec.ts[0m:[93m306[0m:[93m50[0m - 
[91merror[0m[90m TS2345: [0mArgument of type '{ isActive: boolean; id: string; name: string; description: string; 
price: Decimal; category: "Mec├ónica" | "El├⌐trica" | "Funilaria" | "Pintura"; estimatedMinutes: number; createdAt: 
Date; updatedAt: Date; }' is not assignable to parameter of type '{ name: string; id: string; description: string | 
null; price: number; estimatedMinutes: number; category: string; isActive: boolean; createdAt: Date; updatedAt: Date; 
} | Promise<{ name: string; ... 7 more ...; updatedAt: Date; }>'.
      Type '{ isActive: boolean; id: string; name: string; description: string; price: Decimal; category: "Mec├ónica" 
| "El├⌐trica" | "Funilaria" | "Pintura"; estimatedMinutes: number; createdAt: Date; updatedAt: Date; }' is not 
assignable to type '{ name: string; id: string; description: string | null; price: number; estimatedMinutes: number; 
category: string; isActive: boolean; createdAt: Date; updatedAt: Date; }'.
        Types of property 'price' are incompatible.
          Type 'Decimal' is not assignable to type 'number'.

    [7m306[0m       serviceRepository.update.mockResolvedValue(deactivatedService);
    [7m   [0m [91m                                                 ~~~~~~~~~~~~~~~~~~[0m

PASS test/workshop/1-presentation/controllers/part.controller.spec.ts (6.951 s)
PASS test/workshop/1-presentation/controllers/mechanic.controller.spec.ts (7.05 s)
FAIL test/workshop/2-application/services/service-stats.service.spec.ts
  ΓùÅ Test suite failed to run

    [96mtest/workshop/2-application/services/service-stats.service.spec.ts[0m:[93m35[0m:[93m32[0m - 
[91merror[0m[90m TS2339: [0mProperty 'FINALIZADA' does not exist on type 'typeof ServiceOrderStatus'.

    [7m35[0m     status: ServiceOrderStatus.FINALIZADA,
    [7m  [0m [91m                               ~~~~~~~~~~[0m
    [96mtest/workshop/2-application/services/service-stats.service.spec.ts[0m:[93m109[0m:[93m69[0m - 
[91merror[0m[90m TS2322: [0mType '{ id: string; orderNumber: string; customerId: string; vehicleId: string; 
mechanicId: string; status: any; estimatedTimeHours: Decimal; totalServicePrice: Decimal; totalPartsPrice: Decimal; 
... 8 more ...; description: string; }' is not assignable to type '{ id: string; description: string; createdAt: Date; 
updatedAt: Date; orderNumber: string; customerId: string; vehicleId: string; mechanicId: string | null; status: 
string; totalServicePrice: number; ... 7 more ...; approvedAt: Date | null; }'.
      Types of property 'totalServicePrice' are incompatible.
        Type 'Decimal' is not assignable to type 'number'.

    [7m109[0m       serviceOrderRepository.findCompletedOrders.mockResolvedValue([mockOrder]);
    [7m   [0m [91m                                                                    ~~~~~~~~~[0m
    [96mtest/workshop/2-application/services/service-stats.service.spec.ts[0m:[93m110[0m:[93m52[0m - 
[91merror[0m[90m TS2322: [0mType '{ id: string; name: string; description: string; price: Decimal; category: 
string; estimatedMinutes: number; isActive: boolean; createdAt: Date; updatedAt: Date; }' is not assignable to type '{ 
name: string; id: string; description: string | null; price: number; estimatedMinutes: number; category: string; 
isActive: boolean; createdAt: Date; updatedAt: Date; }'.
      Types of property 'price' are incompatible.
        Type 'Decimal' is not assignable to type 'number'.

    [7m110[0m       serviceRepository.findAll.mockResolvedValue([mockService]);
    [7m   [0m [91m                                                   ~~~~~~~~~~~[0m
    [96mtest/workshop/2-application/services/service-stats.service.spec.ts[0m:[93m137[0m:[93m69[0m - 
[91merror[0m[90m TS2322: [0mType '{ startedAt: null; completedAt: null; id: string; orderNumber: string; 
customerId: string; vehicleId: string; mechanicId: string; status: any; estimatedTimeHours: Decimal; 
totalServicePrice: Decimal; ... 7 more ...; description: string; }' is not assignable to type '{ id: string; 
description: string; createdAt: Date; updatedAt: Date; orderNumber: string; customerId: string; vehicleId: string; 
mechanicId: string | null; status: string; totalServicePrice: number; ... 7 more ...; approvedAt: Date | null; }'.
      Types of property 'totalServicePrice' are incompatible.
        Type 'Decimal' is not assignable to type 'number'.

    [7m137[0m       serviceOrderRepository.findCompletedOrders.mockResolvedValue([mockOrder]);
    [7m   [0m [91m                                                                    ~~~~~~~~~[0m
    [96mtest/workshop/2-application/services/service-stats.service.spec.ts[0m:[93m138[0m:[93m52[0m - 
[91merror[0m[90m TS2322: [0mType '{ id: string; name: string; description: string; price: Decimal; category: 
string; estimatedMinutes: number; isActive: boolean; createdAt: Date; updatedAt: Date; }' is not assignable to type '{ 
name: string; id: string; description: string | null; price: number; estimatedMinutes: number; category: string; 
isActive: boolean; createdAt: Date; updatedAt: Date; }'.
      Types of property 'price' are incompatible.
        Type 'Decimal' is not assignable to type 'number'.

    [7m138[0m       serviceRepository.findAll.mockResolvedValue([mockService]);
    [7m   [0m [91m                                                   ~~~~~~~~~~~[0m
    [96mtest/workshop/2-application/services/service-stats.service.spec.ts[0m:[93m171[0m:[93m69[0m - 
[91merror[0m[90m TS2322: [0mType '{ id: string; orderNumber: string; customerId: string; vehicleId: string; 
mechanicId: string; status: any; estimatedTimeHours: Decimal; totalServicePrice: Decimal; totalPartsPrice: Decimal; 
... 8 more ...; description: string; }' is not assignable to type '{ id: string; description: string; createdAt: Date; 
updatedAt: Date; orderNumber: string; customerId: string; vehicleId: string; mechanicId: string | null; status: 
string; totalServicePrice: number; ... 7 more ...; approvedAt: Date | null; }'.
      Types of property 'totalServicePrice' are incompatible.
        Type 'Decimal' is not assignable to type 'number'.

    [7m171[0m       serviceOrderRepository.findCompletedOrders.mockResolvedValue([mockOrder]);
    [7m   [0m [91m                                                                    ~~~~~~~~~[0m
    [96mtest/workshop/2-application/services/service-stats.service.spec.ts[0m:[93m210[0m:[93m69[0m - 
[91merror[0m[90m TS2322: [0mType '{ id: string; orderNumber: string; customerId: string; vehicleId: string; 
mechanicId: string; status: any; estimatedTimeHours: Decimal; totalServicePrice: Decimal; totalPartsPrice: Decimal; 
... 8 more ...; description: string; }' is not assignable to type '{ id: string; description: string; createdAt: Date; 
updatedAt: Date; orderNumber: string; customerId: string; vehicleId: string; mechanicId: string | null; status: 
string; totalServicePrice: number; ... 7 more ...; approvedAt: Date | null; }'.
      Types of property 'totalServicePrice' are incompatible.
        Type 'Decimal' is not assignable to type 'number'.

    [7m210[0m       serviceOrderRepository.findCompletedOrders.mockResolvedValue([mockOrder]);
    [7m   [0m [91m                                                                    ~~~~~~~~~[0m
    [96mtest/workshop/2-application/services/service-stats.service.spec.ts[0m:[93m211[0m:[93m52[0m - 
[91merror[0m[90m TS2322: [0mType '{ id: string; name: string; description: string; price: Decimal; category: 
string; estimatedMinutes: number; isActive: boolean; createdAt: Date; updatedAt: Date; }' is not assignable to type '{ 
name: string; id: string; description: string | null; price: number; estimatedMinutes: number; category: string; 
isActive: boolean; createdAt: Date; updatedAt: Date; }'.
      Types of property 'price' are incompatible.
        Type 'Decimal' is not assignable to type 'number'.

    [7m211[0m       serviceRepository.findAll.mockResolvedValue([mockService1, mockService2]);
    [7m   [0m [91m                                                   ~~~~~~~~~~~~[0m
    [96mtest/workshop/2-application/services/service-stats.service.spec.ts[0m:[93m211[0m:[93m66[0m - 
[91merror[0m[90m TS2322: [0mType '{ id: string; name: string; description: string; price: Decimal; category: 
string; estimatedMinutes: number; isActive: boolean; createdAt: Date; updatedAt: Date; }' is not assignable to type '{ 
name: string; id: string; description: string | null; price: number; estimatedMinutes: number; category: string; 
isActive: boolean; createdAt: Date; updatedAt: Date; }'.
      Types of property 'price' are incompatible.
        Type 'Decimal' is not assignable to type 'number'.

    [7m211[0m       serviceRepository.findAll.mockResolvedValue([mockService1, mockService2]);
    [7m   [0m [91m                                                                 ~~~~~~~~~~~~[0m
    [96mtest/workshop/2-application/services/service-stats.service.spec.ts[0m:[93m263[0m:[93m9[0m - 
[91merror[0m[90m TS2322: [0mType '{ id: string; orderNumber: string; customerId: string; vehicleId: string; 
mechanicId: string; status: any; estimatedTimeHours: Decimal; totalServicePrice: Decimal; totalPartsPrice: Decimal; 
... 8 more ...; description: string; }' is not assignable to type '{ id: string; description: string; createdAt: Date; 
updatedAt: Date; orderNumber: string; customerId: string; vehicleId: string; mechanicId: string | null; status: 
string; totalServicePrice: number; ... 7 more ...; approvedAt: Date | null; }'.
      Types of property 'totalServicePrice' are incompatible.
        Type 'Decimal' is not assignable to type 'number'.

    [7m263[0m         mockOrder1,
    [7m   [0m [91m        ~~~~~~~~~~[0m
    [96mtest/workshop/2-application/services/service-stats.service.spec.ts[0m:[93m264[0m:[93m9[0m - 
[91merror[0m[90m TS2322: [0mType '{ id: string; orderNumber: string; customerId: string; vehicleId: string; 
mechanicId: string; status: any; estimatedTimeHours: Decimal; totalServicePrice: Decimal; totalPartsPrice: Decimal; 
... 8 more ...; description: string; }' is not assignable to type '{ id: string; description: string; createdAt: Date; 
updatedAt: Date; orderNumber: string; customerId: string; vehicleId: string; mechanicId: string | null; status: 
string; totalServicePrice: number; ... 7 more ...; approvedAt: Date | null; }'.
      Types of property 'totalServicePrice' are incompatible.
        Type 'Decimal' is not assignable to type 'number'.

    [7m264[0m         mockOrder2,
    [7m   [0m [91m        ~~~~~~~~~~[0m
    [96mtest/workshop/2-application/services/service-stats.service.spec.ts[0m:[93m266[0m:[93m52[0m - 
[91merror[0m[90m TS2322: [0mType '{ id: string; name: string; description: string; price: Decimal; category: 
string; estimatedMinutes: number; isActive: boolean; createdAt: Date; updatedAt: Date; }' is not assignable to type '{ 
name: string; id: string; description: string | null; price: number; estimatedMinutes: number; category: string; 
isActive: boolean; createdAt: Date; updatedAt: Date; }'.
      Types of property 'price' are incompatible.
        Type 'Decimal' is not assignable to type 'number'.

    [7m266[0m       serviceRepository.findAll.mockResolvedValue([mockService1, mockService2]);
    [7m   [0m [91m                                                   ~~~~~~~~~~~~[0m
    [96mtest/workshop/2-application/services/service-stats.service.spec.ts[0m:[93m266[0m:[93m66[0m - 
[91merror[0m[90m TS2322: [0mType '{ id: string; name: string; description: string; price: Decimal; category: 
string; estimatedMinutes: number; isActive: boolean; createdAt: Date; updatedAt: Date; }' is not assignable to type '{ 
name: string; id: string; description: string | null; price: number; estimatedMinutes: number; category: string; 
isActive: boolean; createdAt: Date; updatedAt: Date; }'.
      Types of property 'price' are incompatible.
        Type 'Decimal' is not assignable to type 'number'.

    [7m266[0m       serviceRepository.findAll.mockResolvedValue([mockService1, mockService2]);
    [7m   [0m [91m                                                                 ~~~~~~~~~~~~[0m
    [96mtest/workshop/2-application/services/service-stats.service.spec.ts[0m:[93m298[0m:[93m69[0m - 
[91merror[0m[90m TS2322: [0mType '{ id: string; orderNumber: string; customerId: string; vehicleId: string; 
mechanicId: string; status: any; estimatedTimeHours: Decimal; totalServicePrice: Decimal; totalPartsPrice: Decimal; 
... 8 more ...; description: string; }' is not assignable to type '{ id: string; description: string; createdAt: Date; 
updatedAt: Date; orderNumber: string; customerId: string; vehicleId: string; mechanicId: string | null; status: 
string; totalServicePrice: number; ... 7 more ...; approvedAt: Date | null; }'.
      Types of property 'totalServicePrice' are incompatible.
        Type 'Decimal' is not assignable to type 'number'.

    [7m298[0m       serviceOrderRepository.findCompletedOrders.mockResolvedValue([mockOrder]);
    [7m   [0m [91m                                                                    ~~~~~~~~~[0m
    [96mtest/workshop/2-application/services/service-stats.service.spec.ts[0m:[93m299[0m:[93m52[0m - 
[91merror[0m[90m TS2322: [0mType '{ estimatedMinutes: number; id: string; name: string; description: string; 
price: Decimal; category: string; isActive: boolean; createdAt: Date; updatedAt: Date; }' is not assignable to type '{ 
name: string; id: string; description: string | null; price: number; estimatedMinutes: number; category: string; 
isActive: boolean; createdAt: Date; updatedAt: Date; }'.
      Types of property 'price' are incompatible.
        Type 'Decimal' is not assignable to type 'number'.

    [7m299[0m       serviceRepository.findAll.mockResolvedValue([mockService]);
    [7m   [0m [91m                                                   ~~~~~~~~~~~[0m
    [96mtest/workshop/2-application/services/service-stats.service.spec.ts[0m:[93m317[0m:[93m69[0m - 
[91merror[0m[90m TS2322: [0mType '{ id: string; orderNumber: string; customerId: string; vehicleId: string; 
mechanicId: string; status: any; estimatedTimeHours: Decimal; totalServicePrice: Decimal; totalPartsPrice: Decimal; 
... 8 more ...; description: string; }' is not assignable to type '{ id: string; description: string; createdAt: Date; 
updatedAt: Date; orderNumber: string; customerId: string; vehicleId: string; mechanicId: string | null; status: 
string; totalServicePrice: number; ... 7 more ...; approvedAt: Date | null; }'.
      Types of property 'totalServicePrice' are incompatible.
        Type 'Decimal' is not assignable to type 'number'.

    [7m317[0m       serviceOrderRepository.findCompletedOrders.mockResolvedValue([mockOrder]);
    [7m   [0m [91m                                                                    ~~~~~~~~~[0m
    [96mtest/workshop/2-application/services/service-stats.service.spec.ts[0m:[93m353[0m:[93m9[0m - 
[91merror[0m[90m TS2322: [0mType '{ id: string; orderNumber: string; customerId: string; vehicleId: string; 
mechanicId: string; status: any; estimatedTimeHours: Decimal; totalServicePrice: Decimal; totalPartsPrice: Decimal; 
... 8 more ...; description: string; }' is not assignable to type '{ id: string; description: string; createdAt: Date; 
updatedAt: Date; orderNumber: string; customerId: string; vehicleId: string; mechanicId: string | null; status: 
string; totalServicePrice: number; ... 7 more ...; approvedAt: Date | null; }'.
      Types of property 'totalServicePrice' are incompatible.
        Type 'Decimal' is not assignable to type 'number'.

    [7m353[0m         validOrder,
    [7m   [0m [91m        ~~~~~~~~~~[0m
    [96mtest/workshop/2-application/services/service-stats.service.spec.ts[0m:[93m354[0m:[93m9[0m - 
[91merror[0m[90m TS2322: [0mType '{ startedAt: null; completedAt: null; id: string; orderNumber: string; 
customerId: string; vehicleId: string; mechanicId: string; status: any; estimatedTimeHours: Decimal; 
totalServicePrice: Decimal; ... 7 more ...; description: string; }' is not assignable to type '{ id: string; 
description: string; createdAt: Date; updatedAt: Date; orderNumber: string; customerId: string; vehicleId: string; 
mechanicId: string | null; status: string; totalServicePrice: number; ... 7 more ...; approvedAt: Date | null; }'.
      Types of property 'totalServicePrice' are incompatible.
        Type 'Decimal' is not assignable to type 'number'.

    [7m354[0m         invalidOrder,
    [7m   [0m [91m        ~~~~~~~~~~~~[0m
    [96mtest/workshop/2-application/services/service-stats.service.spec.ts[0m:[93m371[0m:[93m69[0m - 
[91merror[0m[90m TS2322: [0mType '{ estimatedTimeHours: Decimal; id: string; orderNumber: string; customerId: 
string; vehicleId: string; mechanicId: string; status: any; totalServicePrice: Decimal; totalPartsPrice: Decimal; ... 
8 more ...; description: string; }' is not assignable to type '{ id: string; description: string; createdAt: Date; 
updatedAt: Date; orderNumber: string; customerId: string; vehicleId: string; mechanicId: string | null; status: 
string; totalServicePrice: number; ... 7 more ...; approvedAt: Date | null; }'.
      Types of property 'totalServicePrice' are incompatible.
        Type 'Decimal' is not assignable to type 'number'.

    [7m371[0m       serviceOrderRepository.findCompletedOrders.mockResolvedValue([mockOrder]);
    [7m   [0m [91m                                                                    ~~~~~~~~~[0m
    [96mtest/workshop/2-application/services/service-stats.service.spec.ts[0m:[93m387[0m:[93m69[0m - 
[91merror[0m[90m TS2322: [0mType '{ estimatedTimeHours: Decimal; id: string; orderNumber: string; customerId: 
string; vehicleId: string; mechanicId: string; status: any; totalServicePrice: Decimal; totalPartsPrice: Decimal; ... 
8 more ...; description: string; }' is not assignable to type '{ id: string; description: string; createdAt: Date; 
updatedAt: Date; orderNumber: string; customerId: string; vehicleId: string; mechanicId: string | null; status: 
string; totalServicePrice: number; ... 7 more ...; approvedAt: Date | null; }'.
      Types of property 'totalServicePrice' are incompatible.
        Type 'Decimal' is not assignable to type 'number'.

    [7m387[0m       serviceOrderRepository.findCompletedOrders.mockResolvedValue([mockOrder]);
    [7m   [0m [91m                                                                    ~~~~~~~~~[0m
    [96mtest/workshop/2-application/services/service-stats.service.spec.ts[0m:[93m414[0m:[93m69[0m - 
[91merror[0m[90m TS2322: [0mType '{ id: string; orderNumber: string; customerId: string; vehicleId: string; 
mechanicId: string; status: any; estimatedTimeHours: Decimal; totalServicePrice: Decimal; totalPartsPrice: Decimal; 
... 8 more ...; description: string; }' is not assignable to type '{ id: string; description: string; createdAt: Date; 
updatedAt: Date; orderNumber: string; customerId: string; vehicleId: string; mechanicId: string | null; status: 
string; totalServicePrice: number; ... 7 more ...; approvedAt: Date | null; }'.
      Types of property 'totalServicePrice' are incompatible.
        Type 'Decimal' is not assignable to type 'number'.

    [7m414[0m       serviceOrderRepository.findCompletedOrders.mockResolvedValue([mockOrder]);
    [7m   [0m [91m                                                                    ~~~~~~~~~[0m
    [96mtest/workshop/2-application/services/service-stats.service.spec.ts[0m:[93m415[0m:[93m52[0m - 
[91merror[0m[90m TS2322: [0mType '{ id: string; name: string; description: string; price: Decimal; category: 
string; estimatedMinutes: number; isActive: boolean; createdAt: Date; updatedAt: Date; }' is not assignable to type '{ 
name: string; id: string; description: string | null; price: number; estimatedMinutes: number; category: string; 
isActive: boolean; createdAt: Date; updatedAt: Date; }'.
      Types of property 'price' are incompatible.
        Type 'Decimal' is not assignable to type 'number'.

    [7m415[0m       serviceRepository.findAll.mockResolvedValue([mockService]);
    [7m   [0m [91m                                                   ~~~~~~~~~~~[0m
    [96mtest/workshop/2-application/services/service-stats.service.spec.ts[0m:[93m456[0m:[93m69[0m - 
[91merror[0m[90m TS2322: [0mType '{ id: string; orderNumber: string; customerId: string; vehicleId: string; 
mechanicId: string; status: any; estimatedTimeHours: Decimal; totalServicePrice: Decimal; totalPartsPrice: Decimal; 
... 8 more ...; description: string; }' is not assignable to type '{ id: string; description: string; createdAt: Date; 
updatedAt: Date; orderNumber: string; customerId: string; vehicleId: string; mechanicId: string | null; status: 
string; totalServicePrice: number; ... 7 more ...; approvedAt: Date | null; }'.
      Types of property 'totalServicePrice' are incompatible.
        Type 'Decimal' is not assignable to type 'number'.

    [7m456[0m       serviceOrderRepository.findCompletedOrders.mockResolvedValue([mockOrder]);
    [7m   [0m [91m                                                                    ~~~~~~~~~[0m
    [96mtest/workshop/2-application/services/service-stats.service.spec.ts[0m:[93m457[0m:[93m52[0m - 
[91merror[0m[90m TS2322: [0mType '{ id: string; name: string; description: string; price: Decimal; category: 
string; estimatedMinutes: number; isActive: boolean; createdAt: Date; updatedAt: Date; }' is not assignable to type '{ 
name: string; id: string; description: string | null; price: number; estimatedMinutes: number; category: string; 
isActive: boolean; createdAt: Date; updatedAt: Date; }'.
      Types of property 'price' are incompatible.
        Type 'Decimal' is not assignable to type 'number'.

    [7m457[0m       serviceRepository.findAll.mockResolvedValue([mockService]);
    [7m   [0m [91m                                                   ~~~~~~~~~~~[0m
    [96mtest/workshop/2-application/services/service-stats.service.spec.ts[0m:[93m513[0m:[93m9[0m - 
[91merror[0m[90m TS2345: [0mArgument of type '{ id: string; orderNumber: string; customerId: string; vehicleId: 
string; mechanicId: string; status: any; estimatedTimeHours: Decimal; totalServicePrice: Decimal; totalPartsPrice: 
Decimal; ... 8 more ...; description: string; }[]' is not assignable to parameter of type '{ id: string; description: 
string; createdAt: Date; updatedAt: Date; orderNumber: string; customerId: string; vehicleId: string; mechanicId: 
string | null; status: string; totalServicePrice: number; ... 7 more ...; approvedAt: Date | null; }[] | Promise<...>'.
      Type '{ id: string; orderNumber: string; customerId: string; vehicleId: string; mechanicId: string; status: any; 
estimatedTimeHours: Decimal; totalServicePrice: Decimal; totalPartsPrice: Decimal; ... 8 more ...; description: 
string; }[]' is not assignable to type '{ id: string; description: string; createdAt: Date; updatedAt: Date; 
orderNumber: string; customerId: string; vehicleId: string; mechanicId: string | null; status: string; 
totalServicePrice: number; ... 7 more ...; approvedAt: Date | null; }[]'.
        Type '{ id: string; orderNumber: string; customerId: string; vehicleId: string; mechanicId: string; status: 
any; estimatedTimeHours: Decimal; totalServicePrice: Decimal; totalPartsPrice: Decimal; ... 8 more ...; description: 
string; }' is not assignable to type '{ id: string; description: string; createdAt: Date; updatedAt: Date; 
orderNumber: string; customerId: string; vehicleId: string; mechanicId: string | null; status: string; 
totalServicePrice: number; ... 7 more ...; approvedAt: Date | null; }'.
          Types of property 'totalServicePrice' are incompatible.
            Type 'Decimal' is not assignable to type 'number'.

    [7m513[0m         mockOrders.map((o) => o.order),
    [7m   [0m [91m        ~~~~~~~~~~~~~~~~~~~~~~~~~~~~~~[0m
    [96mtest/workshop/2-application/services/service-stats.service.spec.ts[0m:[93m515[0m:[93m51[0m - 
[91merror[0m[90m TS2345: [0mArgument of type '{ id: string; name: string; description: string; price: Decimal; 
category: string; estimatedMinutes: number; isActive: boolean; createdAt: Date; updatedAt: Date; }[]' is not 
assignable to parameter of type '{ name: string; id: string; description: string | null; price: number; 
estimatedMinutes: number; category: string; isActive: boolean; createdAt: Date; updatedAt: Date; }[] | Promise<{ name: 
string; ... 7 more ...; updatedAt: Date; }[]>'.
      Type '{ id: string; name: string; description: string; price: Decimal; category: string; estimatedMinutes: 
number; isActive: boolean; createdAt: Date; updatedAt: Date; }[]' is not assignable to type '{ name: string; id: 
string; description: string | null; price: number; estimatedMinutes: number; category: string; isActive: boolean; 
createdAt: Date; updatedAt: Date; }[]'.
        Type '{ id: string; name: string; description: string; price: Decimal; category: string; estimatedMinutes: 
number; isActive: boolean; createdAt: Date; updatedAt: Date; }' is not assignable to type '{ name: string; id: string; 
description: string | null; price: number; estimatedMinutes: number; category: string; isActive: boolean; createdAt: 
Date; updatedAt: Date; }'.
          Types of property 'price' are incompatible.
            Type 'Decimal' is not assignable to type 'number'.

    [7m515[0m       serviceRepository.findAll.mockResolvedValue(mockServices);
    [7m   [0m [91m                                                  ~~~~~~~~~~~~[0m
    [96mtest/workshop/2-application/services/service-stats.service.spec.ts[0m:[93m552[0m:[93m9[0m - 
[91merror[0m[90m TS2345: [0mArgument of type '{ id: string; orderNumber: string; customerId: string; vehicleId: 
string; mechanicId: string; status: any; estimatedTimeHours: Decimal; totalServicePrice: Decimal; totalPartsPrice: 
Decimal; ... 8 more ...; description: string; }[]' is not assignable to parameter of type '{ id: string; description: 
string; createdAt: Date; updatedAt: Date; orderNumber: string; customerId: string; vehicleId: string; mechanicId: 
string | null; status: string; totalServicePrice: number; ... 7 more ...; approvedAt: Date | null; }[] | Promise<...>'.
      Type '{ id: string; orderNumber: string; customerId: string; vehicleId: string; mechanicId: string; status: any; 
estimatedTimeHours: Decimal; totalServicePrice: Decimal; totalPartsPrice: Decimal; ... 8 more ...; description: 
string; }[]' is not assignable to type '{ id: string; description: string; createdAt: Date; updatedAt: Date; 
orderNumber: string; customerId: string; vehicleId: string; mechanicId: string | null; status: string; 
totalServicePrice: number; ... 7 more ...; approvedAt: Date | null; }[]'.
        Type '{ id: string; orderNumber: string; customerId: string; vehicleId: string; mechanicId: string; status: 
any; estimatedTimeHours: Decimal; totalServicePrice: Decimal; totalPartsPrice: Decimal; ... 8 more ...; description: 
string; }' is not assignable to type '{ id: string; description: string; createdAt: Date; updatedAt: Date; 
orderNumber: string; customerId: string; vehicleId: string; mechanicId: string | null; status: string; 
totalServicePrice: number; ... 7 more ...; approvedAt: Date | null; }'.
          Types of property 'totalServicePrice' are incompatible.
            Type 'Decimal' is not assignable to type 'number'.

    [7m552[0m         mockOrders.map((o) => o.order),
    [7m   [0m [91m        ~~~~~~~~~~~~~~~~~~~~~~~~~~~~~~[0m
    [96mtest/workshop/2-application/services/service-stats.service.spec.ts[0m:[93m554[0m:[93m51[0m - 
[91merror[0m[90m TS2345: [0mArgument of type '{ id: string; name: string; description: string; price: Decimal; 
category: string; estimatedMinutes: number; isActive: boolean; createdAt: Date; updatedAt: Date; }[]' is not 
assignable to parameter of type '{ name: string; id: string; description: string | null; price: number; 
estimatedMinutes: number; category: string; isActive: boolean; createdAt: Date; updatedAt: Date; }[] | Promise<{ name: 
string; ... 7 more ...; updatedAt: Date; }[]>'.
      Type '{ id: string; name: string; description: string; price: Decimal; category: string; estimatedMinutes: 
number; isActive: boolean; createdAt: Date; updatedAt: Date; }[]' is not assignable to type '{ name: string; id: 
string; description: string | null; price: number; estimatedMinutes: number; category: string; isActive: boolean; 
createdAt: Date; updatedAt: Date; }[]'.
        Type '{ id: string; name: string; description: string; price: Decimal; category: string; estimatedMinutes: 
number; isActive: boolean; createdAt: Date; updatedAt: Date; }' is not assignable to type '{ name: string; id: string; 
description: string | null; price: number; estimatedMinutes: number; category: string; isActive: boolean; createdAt: 
Date; updatedAt: Date; }'.
          Types of property 'price' are incompatible.
            Type 'Decimal' is not assignable to type 'number'.

    [7m554[0m       serviceRepository.findAll.mockResolvedValue(mockServices);
    [7m   [0m [91m                                                  ~~~~~~~~~~~~[0m
    [96mtest/workshop/2-application/services/service-stats.service.spec.ts[0m:[93m593[0m:[93m9[0m - 
[91merror[0m[90m TS2345: [0mArgument of type '{ id: string; orderNumber: string; customerId: string; vehicleId: 
string; mechanicId: string; status: any; estimatedTimeHours: Decimal; totalServicePrice: Decimal; totalPartsPrice: 
Decimal; ... 8 more ...; description: string; }[]' is not assignable to parameter of type '{ id: string; description: 
string; createdAt: Date; updatedAt: Date; orderNumber: string; customerId: string; vehicleId: string; mechanicId: 
string | null; status: string; totalServicePrice: number; ... 7 more ...; approvedAt: Date | null; }[] | Promise<...>'.
      Type '{ id: string; orderNumber: string; customerId: string; vehicleId: string; mechanicId: string; status: any; 
estimatedTimeHours: Decimal; totalServicePrice: Decimal; totalPartsPrice: Decimal; ... 8 more ...; description: 
string; }[]' is not assignable to type '{ id: string; description: string; createdAt: Date; updatedAt: Date; 
orderNumber: string; customerId: string; vehicleId: string; mechanicId: string | null; status: string; 
totalServicePrice: number; ... 7 more ...; approvedAt: Date | null; }[]'.
        Type '{ id: string; orderNumber: string; customerId: string; vehicleId: string; mechanicId: string; status: 
any; estimatedTimeHours: Decimal; totalServicePrice: Decimal; totalPartsPrice: Decimal; ... 8 more ...; description: 
string; }' is not assignable to type '{ id: string; description: string; createdAt: Date; updatedAt: Date; 
orderNumber: string; customerId: string; vehicleId: string; mechanicId: string | null; status: string; 
totalServicePrice: number; ... 7 more ...; approvedAt: Date | null; }'.
          Types of property 'totalServicePrice' are incompatible.
            Type 'Decimal' is not assignable to type 'number'.

    [7m593[0m         mockOrders.map((o) => o.order),
    [7m   [0m [91m        ~~~~~~~~~~~~~~~~~~~~~~~~~~~~~~[0m
    [96mtest/workshop/2-application/services/service-stats.service.spec.ts[0m:[93m595[0m:[93m51[0m - 
[91merror[0m[90m TS2345: [0mArgument of type '{ id: string; name: string; description: string; price: Decimal; 
category: string; estimatedMinutes: number; isActive: boolean; createdAt: Date; updatedAt: Date; }[]' is not 
assignable to parameter of type '{ name: string; id: string; description: string | null; price: number; 
estimatedMinutes: number; category: string; isActive: boolean; createdAt: Date; updatedAt: Date; }[] | Promise<{ name: 
string; ... 7 more ...; updatedAt: Date; }[]>'.
      Type '{ id: string; name: string; description: string; price: Decimal; category: string; estimatedMinutes: 
number; isActive: boolean; createdAt: Date; updatedAt: Date; }[]' is not assignable to type '{ name: string; id: 
string; description: string | null; price: number; estimatedMinutes: number; category: string; isActive: boolean; 
createdAt: Date; updatedAt: Date; }[]'.
        Type '{ id: string; name: string; description: string; price: Decimal; category: string; estimatedMinutes: 
number; isActive: boolean; createdAt: Date; updatedAt: Date; }' is not assignable to type '{ name: string; id: string; 
description: string | null; price: number; estimatedMinutes: number; category: string; isActive: boolean; createdAt: 
Date; updatedAt: Date; }'.
          Types of property 'price' are incompatible.
            Type 'Decimal' is not assignable to type 'number'.

    [7m595[0m       serviceRepository.findAll.mockResolvedValue(mockServices);
    [7m   [0m [91m                                                  ~~~~~~~~~~~~[0m

FAIL test/workshop/2-application/services/service-order.service.spec.ts
  ΓùÅ Test suite failed to run

    [96mtest/workshop/2-application/services/service-order.service.spec.ts[0m:[93m25[0m:[93m32[0m - 
[91merror[0m[90m TS2339: [0mProperty 'RECEBIDA' does not exist on type 'typeof ServiceOrderStatus'.

    [7m25[0m     status: ServiceOrderStatus.RECEBIDA,
    [7m  [0m [91m                               ~~~~~~~~[0m
    [96mtest/workshop/2-application/services/service-order.service.spec.ts[0m:[93m42[0m:[93m11[0m - 
[91merror[0m[90m TS2304: [0mCannot find name 'CustomerType'.

    [7m42[0m     type: CustomerType.PESSOA_FISICA,
    [7m  [0m [91m          ~~~~~~~~~~~~[0m
    [96mtest/workshop/2-application/services/service-order.service.spec.ts[0m:[93m387[0m:[93m34[0m - 
[91merror[0m[90m TS2339: [0mProperty 'EM_EXECUCAO' does not exist on type 'typeof ServiceOrderStatus'.

    [7m387[0m       status: ServiceOrderStatus.EM_EXECUCAO,
    [7m   [0m [91m                                 ~~~~~~~~~~~[0m
    [96mtest/workshop/2-application/services/service-order.service.spec.ts[0m:[93m394[0m:[93m36[0m - 
[91merror[0m[90m TS2339: [0mProperty 'EM_DIAGNOSTICO' does not exist on type 'typeof ServiceOrderStatus'.

    [7m394[0m         status: ServiceOrderStatus.EM_DIAGNOSTICO,
    [7m   [0m [91m                                   ~~~~~~~~~~~~~~[0m
    [96mtest/workshop/2-application/services/service-order.service.spec.ts[0m:[93m425[0m:[93m36[0m - 
[91merror[0m[90m TS2339: [0mProperty 'EM_DIAGNOSTICO' does not exist on type 'typeof ServiceOrderStatus'.

    [7m425[0m         status: ServiceOrderStatus.EM_DIAGNOSTICO,
    [7m   [0m [91m                                   ~~~~~~~~~~~~~~[0m
    [96mtest/workshop/2-application/services/service-order.service.spec.ts[0m:[93m440[0m:[93m36[0m - 
[91merror[0m[90m TS2339: [0mProperty 'EM_DIAGNOSTICO' does not exist on type 'typeof ServiceOrderStatus'.

    [7m440[0m         status: ServiceOrderStatus.EM_DIAGNOSTICO,
    [7m   [0m [91m                                   ~~~~~~~~~~~~~~[0m
    [96mtest/workshop/2-application/services/service-order.service.spec.ts[0m:[93m456[0m:[93m36[0m - 
[91merror[0m[90m TS2339: [0mProperty 'FINALIZADA' does not exist on type 'typeof ServiceOrderStatus'.

    [7m456[0m         status: ServiceOrderStatus.FINALIZADA,
    [7m   [0m [91m                                   ~~~~~~~~~~[0m
    [96mtest/workshop/2-application/services/service-order.service.spec.ts[0m:[93m461[0m:[93m36[0m - 
[91merror[0m[90m TS2339: [0mProperty 'EM_EXECUCAO' does not exist on type 'typeof ServiceOrderStatus'.

    [7m461[0m         status: ServiceOrderStatus.EM_EXECUCAO,
    [7m   [0m [91m                                   ~~~~~~~~~~~[0m
    [96mtest/workshop/2-application/services/service-order.service.spec.ts[0m:[93m480[0m:[93m36[0m - 
[91merror[0m[90m TS2339: [0mProperty 'ENTREGUE' does not exist on type 'typeof ServiceOrderStatus'.

    [7m480[0m         status: ServiceOrderStatus.ENTREGUE,
    [7m   [0m [91m                                   ~~~~~~~~[0m
    [96mtest/workshop/2-application/services/service-order.service.spec.ts[0m:[93m485[0m:[93m36[0m - 
[91merror[0m[90m TS2339: [0mProperty 'FINALIZADA' does not exist on type 'typeof ServiceOrderStatus'.

    [7m485[0m         status: ServiceOrderStatus.FINALIZADA,
    [7m   [0m [91m                                   ~~~~~~~~~~[0m
    [96mtest/workshop/2-application/services/service-order.service.spec.ts[0m:[93m507[0m:[93m36[0m - 
[91merror[0m[90m TS2339: [0mProperty 'AGUARDANDO_APROVACAO' does not exist on type 'typeof ServiceOrderStatus'.

    [7m507[0m         status: ServiceOrderStatus.AGUARDANDO_APROVACAO,
    [7m   [0m [91m                                   ~~~~~~~~~~~~~~~~~~~~[0m
    [96mtest/workshop/2-application/services/service-order.service.spec.ts[0m:[93m540[0m:[93m63[0m - 
[91merror[0m[90m TS2339: [0mProperty 'RECEBIDA' does not exist on type 'typeof ServiceOrderStatus'.

    [7m540[0m         { id: faker.string.uuid(), status: ServiceOrderStatus.RECEBIDA },
    [7m   [0m [91m                                                              ~~~~~~~~[0m
    [96mtest/workshop/2-application/services/service-order.service.spec.ts[0m:[93m708[0m:[93m36[0m - 
[91merror[0m[90m TS2339: [0mProperty 'EM_DIAGNOSTICO' does not exist on type 'typeof ServiceOrderStatus'.

    [7m708[0m         status: ServiceOrderStatus.EM_DIAGNOSTICO,
    [7m   [0m [91m                                   ~~~~~~~~~~~~~~[0m
    [96mtest/workshop/2-application/services/service-order.service.spec.ts[0m:[93m723[0m:[93m36[0m - 
[91merror[0m[90m TS2339: [0mProperty 'AGUARDANDO_APROVACAO' does not exist on type 'typeof ServiceOrderStatus'.

    [7m723[0m         status: ServiceOrderStatus.AGUARDANDO_APROVACAO,
    [7m   [0m [91m                                   ~~~~~~~~~~~~~~~~~~~~[0m
    [96mtest/workshop/2-application/services/service-order.service.spec.ts[0m:[93m738[0m:[93m36[0m - 
[91merror[0m[90m TS2339: [0mProperty 'EM_DIAGNOSTICO' does not exist on type 'typeof ServiceOrderStatus'.

    [7m738[0m         status: ServiceOrderStatus.EM_DIAGNOSTICO,
    [7m   [0m [91m                                   ~~~~~~~~~~~~~~[0m
    [96mtest/workshop/2-application/services/service-order.service.spec.ts[0m:[93m762[0m:[93m36[0m - 
[91merror[0m[90m TS2339: [0mProperty 'EM_DIAGNOSTICO' does not exist on type 'typeof ServiceOrderStatus'.

    [7m762[0m         status: ServiceOrderStatus.EM_DIAGNOSTICO,
    [7m   [0m [91m                                   ~~~~~~~~~~~~~~[0m
    [96mtest/workshop/2-application/services/service-order.service.spec.ts[0m:[93m774[0m:[93m36[0m - 
[91merror[0m[90m TS2339: [0mProperty 'AGUARDANDO_APROVACAO' does not exist on type 'typeof ServiceOrderStatus'.

    [7m774[0m         status: ServiceOrderStatus.AGUARDANDO_APROVACAO,
    [7m   [0m [91m                                   ~~~~~~~~~~~~~~~~~~~~[0m
    [96mtest/workshop/2-application/services/service-order.service.spec.ts[0m:[93m789[0m:[93m36[0m - 
[91merror[0m[90m TS2339: [0mProperty 'EM_DIAGNOSTICO' does not exist on type 'typeof ServiceOrderStatus'.

    [7m789[0m         status: ServiceOrderStatus.EM_DIAGNOSTICO,
    [7m   [0m [91m                                   ~~~~~~~~~~~~~~[0m
    [96mtest/workshop/2-application/services/service-order.service.spec.ts[0m:[93m806[0m:[93m36[0m - 
[91merror[0m[90m TS2339: [0mProperty 'AGUARDANDO_APROVACAO' does not exist on type 'typeof ServiceOrderStatus'.

    [7m806[0m         status: ServiceOrderStatus.AGUARDANDO_APROVACAO,
    [7m   [0m [91m                                   ~~~~~~~~~~~~~~~~~~~~[0m
    [96mtest/workshop/2-application/services/service-order.service.spec.ts[0m:[93m820[0m:[93m36[0m - 
[91merror[0m[90m TS2339: [0mProperty 'ENTREGUE' does not exist on type 'typeof ServiceOrderStatus'.

    [7m820[0m         status: ServiceOrderStatus.ENTREGUE,
    [7m   [0m [91m                                   ~~~~~~~~[0m
    [96mtest/workshop/2-application/services/service-order.service.spec.ts[0m:[93m825[0m:[93m36[0m - 
[91merror[0m[90m TS2339: [0mProperty 'RECEBIDA' does not exist on type 'typeof ServiceOrderStatus'.

    [7m825[0m         status: ServiceOrderStatus.RECEBIDA,
    [7m   [0m [91m                                   ~~~~~~~~[0m
    [96mtest/workshop/2-application/services/service-order.service.spec.ts[0m:[93m836[0m:[93m36[0m - 
[91merror[0m[90m TS2339: [0mProperty 'RECEBIDA' does not exist on type 'typeof ServiceOrderStatus'.

    [7m836[0m         status: ServiceOrderStatus.RECEBIDA,
    [7m   [0m [91m                                   ~~~~~~~~[0m
    [96mtest/workshop/2-application/services/service-order.service.spec.ts[0m:[93m841[0m:[93m36[0m - 
[91merror[0m[90m TS2339: [0mProperty 'EM_DIAGNOSTICO' does not exist on type 'typeof ServiceOrderStatus'.

    [7m841[0m         status: ServiceOrderStatus.EM_DIAGNOSTICO,
    [7m   [0m [91m                                   ~~~~~~~~~~~~~~[0m

PASS test/auth/controllers/auth.controller.spec.ts
PASS test/workshop/2-application/services/vehicle.service.spec.ts
PASS test/workshop/1-presentation/controllers/public-budget.controller.spec.ts (7.104 s)
PASS test/workshop/1-presentation/controllers/budget.controller.spec.ts (7.169 s)
FAIL test/workshop/2-application/services/customer.service.spec.ts
  ΓùÅ Test suite failed to run

    [96mtest/workshop/2-application/services/customer.service.spec.ts[0m:[93m2[0m:[93m1[0m - [91merror[0m[90m 
TS6133: [0m'ServiceOrderStatus' is declared but its value is never read.

    [7m2[0m import { ServiceOrderStatus } from '../../../../src/shared/enums';
    [7m [0m [91m~~~~~~~~~~~~~~~~~~~~~~~~~~~~~~~~~~~~~~~~~~~~~~~~~~~~~~~~~~~~~~~~~~[0m
    [96mtest/workshop/2-application/services/customer.service.spec.ts[0m:[93m20[0m:[93m11[0m - 
[91merror[0m[90m TS2304: [0mCannot find name 'CustomerType'.

    [7m20[0m     type: CustomerType.PESSOA_FISICA,
    [7m  [0m [91m          ~~~~~~~~~~~~[0m
    [96mtest/workshop/2-application/services/customer.service.spec.ts[0m:[93m93[0m:[93m15[0m - 
[91merror[0m[90m TS2304: [0mCannot find name 'CustomerType'.

    [7m93[0m         type: CustomerType.PESSOA_FISICA,
    [7m  [0m [91m              ~~~~~~~~~~~~[0m
    [96mtest/workshop/2-application/services/customer.service.spec.ts[0m:[93m117[0m:[93m15[0m - 
[91merror[0m[90m TS2304: [0mCannot find name 'CustomerType'.

    [7m117[0m         type: CustomerType.PESSOA_FISICA,
    [7m   [0m [91m              ~~~~~~~~~~~~[0m
    [96mtest/workshop/2-application/services/customer.service.spec.ts[0m:[93m137[0m:[93m15[0m - 
[91merror[0m[90m TS2304: [0mCannot find name 'CustomerType'.

    [7m137[0m         type: CustomerType.PESSOA_FISICA,
    [7m   [0m [91m              ~~~~~~~~~~~~[0m
    [96mtest/workshop/2-application/services/customer.service.spec.ts[0m:[93m158[0m:[93m15[0m - 
[91merror[0m[90m TS2304: [0mCannot find name 'CustomerType'.

    [7m158[0m         type: CustomerType.PESSOA_FISICA,
    [7m   [0m [91m              ~~~~~~~~~~~~[0m
    [96mtest/workshop/2-application/services/customer.service.spec.ts[0m:[93m180[0m:[93m15[0m - 
[91merror[0m[90m TS2304: [0mCannot find name 'CustomerType'.

    [7m180[0m         type: CustomerType.PESSOA_FISICA,
    [7m   [0m [91m              ~~~~~~~~~~~~[0m

FAIL test/workshop/1-presentation/controllers/public-service-order.controller.spec.ts
  ΓùÅ Test suite failed to run

    [96mtest/workshop/1-presentation/controllers/public-service-order.controller.spec.ts[0m:[93m23[0m:[93m32[0m 
- [91merror[0m[90m TS2339: [0mProperty 'EM_EXECUCAO' does not exist on type 'typeof ServiceOrderStatus'.

    [7m23[0m     status: ServiceOrderStatus.EM_EXECUCAO,
    [7m  [0m [91m                               ~~~~~~~~~~~[0m
    [96mtest/workshop/1-presentation/controllers/public-service-order.controller.spec.ts[0m:[93m112[0m:[93m53[0m 
- [91merror[0m[90m TS2339: [0mProperty 'EM_EXECUCAO' does not exist on type 'typeof ServiceOrderStatus'.

    [7m112[0m       expect(result.status).toBe(ServiceOrderStatus.EM_EXECUCAO);
    [7m   [0m [91m                                                    ~~~~~~~~~~~[0m
    [96mtest/workshop/1-presentation/controllers/public-service-order.controller.spec.ts[0m:[93m195[0m:[93m36[0m 
- [91merror[0m[90m TS2339: [0mProperty 'FINALIZADA' does not exist on type 'typeof ServiceOrderStatus'.

    [7m195[0m         status: ServiceOrderStatus.FINALIZADA,
    [7m   [0m [91m                                   ~~~~~~~~~~[0m
    [96mtest/workshop/1-presentation/controllers/public-service-order.controller.spec.ts[0m:[93m292[0m:[93m36[0m 
- [91merror[0m[90m TS2339: [0mProperty 'ENTREGUE' does not exist on type 'typeof ServiceOrderStatus'.

    [7m292[0m         status: ServiceOrderStatus.ENTREGUE,
    [7m   [0m [91m                                   ~~~~~~~~[0m
    [96mtest/workshop/1-presentation/controllers/public-service-order.controller.spec.ts[0m:[93m308[0m:[93m56[0m 
- [91merror[0m[90m TS2339: [0mProperty 'EM_EXECUCAO' does not exist on type 'typeof ServiceOrderStatus'.

    [7m308[0m       expect(result[0].status).toBe(ServiceOrderStatus.EM_EXECUCAO);
    [7m   [0m [91m                                                       ~~~~~~~~~~~[0m
    [96mtest/workshop/1-presentation/controllers/public-service-order.controller.spec.ts[0m:[93m309[0m:[93m56[0m 
- [91merror[0m[90m TS2339: [0mProperty 'ENTREGUE' does not exist on type 'typeof ServiceOrderStatus'.

    [7m309[0m       expect(result[1].status).toBe(ServiceOrderStatus.ENTREGUE);
    [7m   [0m [91m                                                       ~~~~~~~~[0m

PASS test/workshop/2-application/services/mechanic.service.spec.ts (7.283 s)
PASS test/workshop/1-presentation/controllers/vehicle.controller.spec.ts (7.275 s)
FAIL test/workshop/1-presentation/controllers/customer.controller.spec.ts
  ΓùÅ Test suite failed to run

    [96mtest/workshop/1-presentation/controllers/customer.controller.spec.ts[0m:[93m2[0m:[93m1[0m - 
[91merror[0m[90m TS6133: [0m'ServiceOrderStatus' is declared but its value is never read.

    [7m2[0m import { ServiceOrderStatus } from '../../../../src/shared/enums';
    [7m [0m [91m~~~~~~~~~~~~~~~~~~~~~~~~~~~~~~~~~~~~~~~~~~~~~~~~~~~~~~~~~~~~~~~~~~[0m
    [96mtest/workshop/1-presentation/controllers/customer.controller.spec.ts[0m:[93m25[0m:[93m11[0m - 
[91merror[0m[90m TS2304: [0mCannot find name 'CustomerType'.

    [7m25[0m     type: CustomerType.PESSOA_FISICA,
    [7m  [0m [91m          ~~~~~~~~~~~~[0m
    [96mtest/workshop/1-presentation/controllers/customer.controller.spec.ts[0m:[93m47[0m:[93m11[0m - 
[91merror[0m[90m TS2304: [0mCannot find name 'CustomerType'.

    [7m47[0m     type: CustomerType.PESSOA_FISICA,
    [7m  [0m [91m          ~~~~~~~~~~~~[0m

FAIL test/workshop/2-application/services/part.service.spec.ts
  ΓùÅ Test suite failed to run

    [96mtest/workshop/2-application/services/part.service.spec.ts[0m:[93m2[0m:[93m1[0m - [91merror[0m[90m 
TS6133: [0m'ServiceOrderStatus' is declared but its value is never read.

    [7m2[0m import { ServiceOrderStatus } from '../../../../src/shared/enums';
    [7m [0m [91m~~~~~~~~~~~~~~~~~~~~~~~~~~~~~~~~~~~~~~~~~~~~~~~~~~~~~~~~~~~~~~~~~~[0m
    [96mtest/workshop/2-application/services/part.service.spec.ts[0m:[93m82[0m:[93m47[0m - [91merror[0m[90m 
TS2345: [0mArgument of type '{ id: string; partNumber: string; name: string; description: string; supplier: string; 
price: Decimal; stock: number; minStock: number; isActive: boolean; createdAt: Date; updatedAt: Date; }' is not 
assignable to parameter of type '{ name: string; id: string; description: string | null; partNumber: string | null; 
price: number; stock: number; minStock: number; supplier: string | null; isActive: boolean; createdAt: Date; 
updatedAt: Date; } | Promise<...>'.
      Type '{ id: string; partNumber: string; name: string; description: string; supplier: string; price: Decimal; 
stock: number; minStock: number; isActive: boolean; createdAt: Date; updatedAt: Date; }' is not assignable to type '{ 
name: string; id: string; description: string | null; partNumber: string | null; price: number; stock: number; 
minStock: number; supplier: string | null; isActive: boolean; createdAt: Date; updatedAt: Date; }'.
        Types of property 'price' are incompatible.
          Type 'Decimal' is not assignable to type 'number'.

    [7m82[0m       partRepository.create.mockResolvedValue(mockPart);
    [7m  [0m [91m                                              ~~~~~~~~[0m
    [96mtest/workshop/2-application/services/part.service.spec.ts[0m:[93m100[0m:[93m57[0m - [91merror[0m[90m 
TS2345: [0mArgument of type '{ id: string; partNumber: string; name: string; description: string; supplier: string; 
price: Decimal; stock: number; minStock: number; isActive: boolean; createdAt: Date; updatedAt: Date; }' is not 
assignable to parameter of type '{ name: string; id: string; description: string | null; partNumber: string | null; 
price: number; stock: number; minStock: number; supplier: string | null; isActive: boolean; createdAt: Date; 
updatedAt: Date; } | Promise<...> | null'.
      Type '{ id: string; partNumber: string; name: string; description: string; supplier: string; price: Decimal; 
stock: number; minStock: number; isActive: boolean; createdAt: Date; updatedAt: Date; }' is not assignable to type '{ 
name: string; id: string; description: string | null; partNumber: string | null; price: number; stock: number; 
minStock: number; supplier: string | null; isActive: boolean; createdAt: Date; updatedAt: Date; }'.
        Types of property 'price' are incompatible.
          Type 'Decimal' is not assignable to type 'number'.

    [7m100[0m       partRepository.findByPartNumber.mockResolvedValue(existingPart);
    [7m   [0m [91m                                                        ~~~~~~~~~~~~[0m
    [96mtest/workshop/2-application/services/part.service.spec.ts[0m:[93m120[0m:[93m47[0m - [91merror[0m[90m 
TS2345: [0mArgument of type '{ id: string; partNumber: string; name: string; description: string; supplier: string; 
price: Decimal; stock: number; minStock: number; isActive: boolean; createdAt: Date; updatedAt: Date; }' is not 
assignable to parameter of type '{ name: string; id: string; description: string | null; partNumber: string | null; 
price: number; stock: number; minStock: number; supplier: string | null; isActive: boolean; createdAt: Date; 
updatedAt: Date; } | Promise<...>'.
      Type '{ id: string; partNumber: string; name: string; description: string; supplier: string; price: Decimal; 
stock: number; minStock: number; isActive: boolean; createdAt: Date; updatedAt: Date; }' is not assignable to type '{ 
name: string; id: string; description: string | null; partNumber: string | null; price: number; stock: number; 
minStock: number; supplier: string | null; isActive: boolean; createdAt: Date; updatedAt: Date; }'.
        Types of property 'price' are incompatible.
          Type 'Decimal' is not assignable to type 'number'.

    [7m120[0m       partRepository.create.mockResolvedValue(mockPart);
    [7m   [0m [91m                                              ~~~~~~~~[0m
    [96mtest/workshop/2-application/services/part.service.spec.ts[0m:[93m133[0m:[93m48[0m - [91merror[0m[90m 
TS2345: [0mArgument of type '{ id: string; partNumber: string; name: string; description: string; supplier: string; 
price: Decimal; stock: number; minStock: number; isActive: boolean; createdAt: Date; updatedAt: Date; }[]' is not 
assignable to parameter of type '{ name: string; id: string; description: string | null; partNumber: string | null; 
price: number; stock: number; minStock: number; supplier: string | null; isActive: boolean; createdAt: Date; 
updatedAt: Date; }[] | Promise<...>'.
      Type '{ id: string; partNumber: string; name: string; description: string; supplier: string; price: Decimal; 
stock: number; minStock: number; isActive: boolean; createdAt: Date; updatedAt: Date; }[]' is not assignable to type 
'{ name: string; id: string; description: string | null; partNumber: string | null; price: number; stock: number; 
minStock: number; supplier: string | null; isActive: boolean; createdAt: Date; updatedAt: Date; }[]'.
        Type '{ id: string; partNumber: string; name: string; description: string; supplier: string; price: Decimal; 
stock: number; minStock: number; isActive: boolean; createdAt: Date; updatedAt: Date; }' is not assignable to type '{ 
name: string; id: string; description: string | null; partNumber: string | null; price: number; stock: number; 
minStock: number; supplier: string | null; isActive: boolean; createdAt: Date; updatedAt: Date; }'.
          Types of property 'price' are incompatible.
            Type 'Decimal' is not assignable to type 'number'.

    [7m133[0m       partRepository.findAll.mockResolvedValue(mockParts);
    [7m   [0m [91m                                               ~~~~~~~~~[0m
    [96mtest/workshop/2-application/services/part.service.spec.ts[0m:[93m144[0m:[93m48[0m - [91merror[0m[90m 
TS2345: [0mArgument of type '{ id: string; partNumber: string; name: string; description: string; supplier: string; 
price: Decimal; stock: number; minStock: number; isActive: boolean; createdAt: Date; updatedAt: Date; }[]' is not 
assignable to parameter of type '{ name: string; id: string; description: string | null; partNumber: string | null; 
price: number; stock: number; minStock: number; supplier: string | null; isActive: boolean; createdAt: Date; 
updatedAt: Date; }[] | Promise<...>'.
      Type '{ id: string; partNumber: string; name: string; description: string; supplier: string; price: Decimal; 
stock: number; minStock: number; isActive: boolean; createdAt: Date; updatedAt: Date; }[]' is not assignable to type 
'{ name: string; id: string; description: string | null; partNumber: string | null; price: number; stock: number; 
minStock: number; supplier: string | null; isActive: boolean; createdAt: Date; updatedAt: Date; }[]'.
        Type '{ id: string; partNumber: string; name: string; description: string; supplier: string; price: Decimal; 
stock: number; minStock: number; isActive: boolean; createdAt: Date; updatedAt: Date; }' is not assignable to type '{ 
name: string; id: string; description: string | null; partNumber: string | null; price: number; stock: number; 
minStock: number; supplier: string | null; isActive: boolean; createdAt: Date; updatedAt: Date; }'.
          Types of property 'price' are incompatible.
            Type 'Decimal' is not assignable to type 'number'.

    [7m144[0m       partRepository.findAll.mockResolvedValue(mockParts);
    [7m   [0m [91m                                               ~~~~~~~~~[0m
    [96mtest/workshop/2-application/services/part.service.spec.ts[0m:[93m156[0m:[93m49[0m - [91merror[0m[90m 
TS2345: [0mArgument of type '{ id: string; partNumber: string; name: string; description: string; supplier: string; 
price: Decimal; stock: number; minStock: number; isActive: boolean; createdAt: Date; updatedAt: Date; }' is not 
assignable to parameter of type '{ name: string; id: string; description: string | null; partNumber: string | null; 
price: number; stock: number; minStock: number; supplier: string | null; isActive: boolean; createdAt: Date; 
updatedAt: Date; } | Promise<...> | null'.
      Type '{ id: string; partNumber: string; name: string; description: string; supplier: string; price: Decimal; 
stock: number; minStock: number; isActive: boolean; createdAt: Date; updatedAt: Date; }' is not assignable to type '{ 
name: string; id: string; description: string | null; partNumber: string | null; price: number; stock: number; 
minStock: number; supplier: string | null; isActive: boolean; createdAt: Date; updatedAt: Date; }'.
        Types of property 'price' are incompatible.
          Type 'Decimal' is not assignable to type 'number'.

    [7m156[0m       partRepository.findById.mockResolvedValue(mockPart);
    [7m   [0m [91m                                                ~~~~~~~~[0m
    [96mtest/workshop/2-application/services/part.service.spec.ts[0m:[93m184[0m:[93m57[0m - [91merror[0m[90m 
TS2345: [0mArgument of type '{ id: string; partNumber: string; name: string; description: string; supplier: string; 
price: Decimal; stock: number; minStock: number; isActive: boolean; createdAt: Date; updatedAt: Date; }' is not 
assignable to parameter of type '{ name: string; id: string; description: string | null; partNumber: string | null; 
price: number; stock: number; minStock: number; supplier: string | null; isActive: boolean; createdAt: Date; 
updatedAt: Date; } | Promise<...> | null'.
      Type '{ id: string; partNumber: string; name: string; description: string; supplier: string; price: Decimal; 
stock: number; minStock: number; isActive: boolean; createdAt: Date; updatedAt: Date; }' is not assignable to type '{ 
name: string; id: string; description: string | null; partNumber: string | null; price: number; stock: number; 
minStock: number; supplier: string | null; isActive: boolean; createdAt: Date; updatedAt: Date; }'.
        Types of property 'price' are incompatible.
          Type 'Decimal' is not assignable to type 'number'.

    [7m184[0m       partRepository.findByPartNumber.mockResolvedValue(mockPart);
    [7m   [0m [91m                                                        ~~~~~~~~[0m
    [96mtest/workshop/2-application/services/part.service.spec.ts[0m:[93m215[0m:[93m55[0m - [91merror[0m[90m 
TS2345: [0mArgument of type '{ id: string; partNumber: string; name: string; description: string; supplier: string; 
price: Decimal; stock: number; minStock: number; isActive: boolean; createdAt: Date; updatedAt: Date; }[]' is not 
assignable to parameter of type '{ name: string; id: string; description: string | null; partNumber: string | null; 
price: number; stock: number; minStock: number; supplier: string | null; isActive: boolean; createdAt: Date; 
updatedAt: Date; }[] | Promise<...>'.
      Type '{ id: string; partNumber: string; name: string; description: string; supplier: string; price: Decimal; 
stock: number; minStock: number; isActive: boolean; createdAt: Date; updatedAt: Date; }[]' is not assignable to type 
'{ name: string; id: string; description: string | null; partNumber: string | null; price: number; stock: number; 
minStock: number; supplier: string | null; isActive: boolean; createdAt: Date; updatedAt: Date; }[]'.
        Type '{ id: string; partNumber: string; name: string; description: string; supplier: string; price: Decimal; 
stock: number; minStock: number; isActive: boolean; createdAt: Date; updatedAt: Date; }' is not assignable to type '{ 
name: string; id: string; description: string | null; partNumber: string | null; price: number; stock: number; 
minStock: number; supplier: string | null; isActive: boolean; createdAt: Date; updatedAt: Date; }'.
          Types of property 'price' are incompatible.
            Type 'Decimal' is not assignable to type 'number'.

    [7m215[0m       partRepository.findBySupplier.mockResolvedValue(mockParts);
    [7m   [0m [91m                                                      ~~~~~~~~~[0m
    [96mtest/workshop/2-application/services/part.service.spec.ts[0m:[93m227[0m:[93m53[0m - [91merror[0m[90m 
TS2345: [0mArgument of type '{ id: string; partNumber: string; name: string; description: string; supplier: string; 
price: Decimal; stock: number; minStock: number; isActive: boolean; createdAt: Date; updatedAt: Date; }[]' is not 
assignable to parameter of type '{ name: string; id: string; description: string | null; partNumber: string | null; 
price: number; stock: number; minStock: number; supplier: string | null; isActive: boolean; createdAt: Date; 
updatedAt: Date; }[] | Promise<...>'.
      Type '{ id: string; partNumber: string; name: string; description: string; supplier: string; price: Decimal; 
stock: number; minStock: number; isActive: boolean; createdAt: Date; updatedAt: Date; }[]' is not assignable to type 
'{ name: string; id: string; description: string | null; partNumber: string | null; price: number; stock: number; 
minStock: number; supplier: string | null; isActive: boolean; createdAt: Date; updatedAt: Date; }[]'.
        Type '{ id: string; partNumber: string; name: string; description: string; supplier: string; price: Decimal; 
stock: number; minStock: number; isActive: boolean; createdAt: Date; updatedAt: Date; }' is not assignable to type '{ 
name: string; id: string; description: string | null; partNumber: string | null; price: number; stock: number; 
minStock: number; supplier: string | null; isActive: boolean; createdAt: Date; updatedAt: Date; }'.
          Types of property 'price' are incompatible.
            Type 'Decimal' is not assignable to type 'number'.

    [7m227[0m       partRepository.findLowStock.mockResolvedValue(mockParts);
    [7m   [0m [91m                                                    ~~~~~~~~~[0m
    [96mtest/workshop/2-application/services/part.service.spec.ts[0m:[93m246[0m:[93m49[0m - [91merror[0m[90m 
TS2345: [0mArgument of type '{ id: string; partNumber: string; name: string; description: string; supplier: string; 
price: Decimal; stock: number; minStock: number; isActive: boolean; createdAt: Date; updatedAt: Date; }' is not 
assignable to parameter of type '{ name: string; id: string; description: string | null; partNumber: string | null; 
price: number; stock: number; minStock: number; supplier: string | null; isActive: boolean; createdAt: Date; 
updatedAt: Date; } | Promise<...> | null'.
      Type '{ id: string; partNumber: string; name: string; description: string; supplier: string; price: Decimal; 
stock: number; minStock: number; isActive: boolean; createdAt: Date; updatedAt: Date; }' is not assignable to type '{ 
name: string; id: string; description: string | null; partNumber: string | null; price: number; stock: number; 
minStock: number; supplier: string | null; isActive: boolean; createdAt: Date; updatedAt: Date; }'.
        Types of property 'price' are incompatible.
          Type 'Decimal' is not assignable to type 'number'.

    [7m246[0m       partRepository.findById.mockResolvedValue(existingPart);
    [7m   [0m [91m                                                ~~~~~~~~~~~~[0m
    [96mtest/workshop/2-application/services/part.service.spec.ts[0m:[93m247[0m:[93m47[0m - [91merror[0m[90m 
TS2345: [0mArgument of type '{ id: string; partNumber: string; name: string; description: string; supplier: string; 
price: Decimal; stock: number; minStock: number; isActive: boolean; createdAt: Date; updatedAt: Date; }' is not 
assignable to parameter of type '{ name: string; id: string; description: string | null; partNumber: string | null; 
price: number; stock: number; minStock: number; supplier: string | null; isActive: boolean; createdAt: Date; 
updatedAt: Date; } | Promise<...>'.
      Type '{ id: string; partNumber: string; name: string; description: string; supplier: string; price: Decimal; 
stock: number; minStock: number; isActive: boolean; createdAt: Date; updatedAt: Date; }' is not assignable to type '{ 
name: string; id: string; description: string | null; partNumber: string | null; price: number; stock: number; 
minStock: number; supplier: string | null; isActive: boolean; createdAt: Date; updatedAt: Date; }'.
        Types of property 'price' are incompatible.
          Type 'Decimal' is not assignable to type 'number'.

    [7m247[0m       partRepository.update.mockResolvedValue(updatedPart);
    [7m   [0m [91m                                              ~~~~~~~~~~~[0m
    [96mtest/workshop/2-application/services/part.service.spec.ts[0m:[93m285[0m:[93m49[0m - [91merror[0m[90m 
TS2345: [0mArgument of type '{ id: string; partNumber: string; name: string; description: string; supplier: string; 
price: Decimal; stock: number; minStock: number; isActive: boolean; createdAt: Date; updatedAt: Date; }' is not 
assignable to parameter of type '{ name: string; id: string; description: string | null; partNumber: string | null; 
price: number; stock: number; minStock: number; supplier: string | null; isActive: boolean; createdAt: Date; 
updatedAt: Date; } | Promise<...> | null'.
      Type '{ id: string; partNumber: string; name: string; description: string; supplier: string; price: Decimal; 
stock: number; minStock: number; isActive: boolean; createdAt: Date; updatedAt: Date; }' is not assignable to type '{ 
name: string; id: string; description: string | null; partNumber: string | null; price: number; stock: number; 
minStock: number; supplier: string | null; isActive: boolean; createdAt: Date; updatedAt: Date; }'.
        Types of property 'price' are incompatible.
          Type 'Decimal' is not assignable to type 'number'.

    [7m285[0m       partRepository.findById.mockResolvedValue(existingPart);
    [7m   [0m [91m                                                ~~~~~~~~~~~~[0m
    [96mtest/workshop/2-application/services/part.service.spec.ts[0m:[93m286[0m:[93m57[0m - [91merror[0m[90m 
TS2345: [0mArgument of type '{ id: string; partNumber: string; name: string; description: string; supplier: string; 
price: Decimal; stock: number; minStock: number; isActive: boolean; createdAt: Date; updatedAt: Date; }' is not 
assignable to parameter of type '{ name: string; id: string; description: string | null; partNumber: string | null; 
price: number; stock: number; minStock: number; supplier: string | null; isActive: boolean; createdAt: Date; 
updatedAt: Date; } | Promise<...> | null'.
      Type '{ id: string; partNumber: string; name: string; description: string; supplier: string; price: Decimal; 
stock: number; minStock: number; isActive: boolean; createdAt: Date; updatedAt: Date; }' is not assignable to type '{ 
name: string; id: string; description: string | null; partNumber: string | null; price: number; stock: number; 
minStock: number; supplier: string | null; isActive: boolean; createdAt: Date; updatedAt: Date; }'.
        Types of property 'price' are incompatible.
          Type 'Decimal' is not assignable to type 'number'.

    [7m286[0m       partRepository.findByPartNumber.mockResolvedValue(conflictPart);
    [7m   [0m [91m                                                        ~~~~~~~~~~~~[0m
    [96mtest/workshop/2-application/services/part.service.spec.ts[0m:[93m308[0m:[93m49[0m - [91merror[0m[90m 
TS2345: [0mArgument of type '{ id: string; partNumber: string; name: string; description: string; supplier: string; 
price: Decimal; stock: number; minStock: number; isActive: boolean; createdAt: Date; updatedAt: Date; }' is not 
assignable to parameter of type '{ name: string; id: string; description: string | null; partNumber: string | null; 
price: number; stock: number; minStock: number; supplier: string | null; isActive: boolean; createdAt: Date; 
updatedAt: Date; } | Promise<...> | null'.
      Type '{ id: string; partNumber: string; name: string; description: string; supplier: string; price: Decimal; 
stock: number; minStock: number; isActive: boolean; createdAt: Date; updatedAt: Date; }' is not assignable to type '{ 
name: string; id: string; description: string | null; partNumber: string | null; price: number; stock: number; 
minStock: number; supplier: string | null; isActive: boolean; createdAt: Date; updatedAt: Date; }'.
        Types of property 'price' are incompatible.
          Type 'Decimal' is not assignable to type 'number'.

    [7m308[0m       partRepository.findById.mockResolvedValue(existingPart);
    [7m   [0m [91m                                                ~~~~~~~~~~~~[0m
    [96mtest/workshop/2-application/services/part.service.spec.ts[0m:[93m310[0m:[93m47[0m - [91merror[0m[90m 
TS2345: [0mArgument of type '{ partNumber: string; id: string; name: string; description: string; supplier: string; 
price: Decimal; stock: number; minStock: number; isActive: boolean; createdAt: Date; updatedAt: Date; }' is not 
assignable to parameter of type '{ name: string; id: string; description: string | null; partNumber: string | null; 
price: number; stock: number; minStock: number; supplier: string | null; isActive: boolean; createdAt: Date; 
updatedAt: Date; } | Promise<...>'.
      Type '{ partNumber: string; id: string; name: string; description: string; supplier: string; price: Decimal; 
stock: number; minStock: number; isActive: boolean; createdAt: Date; updatedAt: Date; }' is not assignable to type '{ 
name: string; id: string; description: string | null; partNumber: string | null; price: number; stock: number; 
minStock: number; supplier: string | null; isActive: boolean; createdAt: Date; updatedAt: Date; }'.
        Types of property 'price' are incompatible.
          Type 'Decimal' is not assignable to type 'number'.

    [7m310[0m       partRepository.update.mockResolvedValue(updatedPart);
    [7m   [0m [91m                                              ~~~~~~~~~~~[0m
    [96mtest/workshop/2-application/services/part.service.spec.ts[0m:[93m328[0m:[93m49[0m - [91merror[0m[90m 
TS2345: [0mArgument of type '{ id: string; partNumber: string; name: string; description: string; supplier: string; 
price: Decimal; stock: number; minStock: number; isActive: boolean; createdAt: Date; updatedAt: Date; }' is not 
assignable to parameter of type '{ name: string; id: string; description: string | null; partNumber: string | null; 
price: number; stock: number; minStock: number; supplier: string | null; isActive: boolean; createdAt: Date; 
updatedAt: Date; } | Promise<...> | null'.
      Type '{ id: string; partNumber: string; name: string; description: string; supplier: string; price: Decimal; 
stock: number; minStock: number; isActive: boolean; createdAt: Date; updatedAt: Date; }' is not assignable to type '{ 
name: string; id: string; description: string | null; partNumber: string | null; price: number; stock: number; 
minStock: number; supplier: string | null; isActive: boolean; createdAt: Date; updatedAt: Date; }'.
        Types of property 'price' are incompatible.
          Type 'Decimal' is not assignable to type 'number'.

    [7m328[0m       partRepository.findById.mockResolvedValue(existingPart);
    [7m   [0m [91m                                                ~~~~~~~~~~~~[0m
    [96mtest/workshop/2-application/services/part.service.spec.ts[0m:[93m329[0m:[93m47[0m - [91merror[0m[90m 
TS2345: [0mArgument of type '{ description: string; id: string; partNumber: string; name: string; supplier: string; 
price: Decimal; stock: number; minStock: number; isActive: boolean; createdAt: Date; updatedAt: Date; }' is not 
assignable to parameter of type '{ name: string; id: string; description: string | null; partNumber: string | null; 
price: number; stock: number; minStock: number; supplier: string | null; isActive: boolean; createdAt: Date; 
updatedAt: Date; } | Promise<...>'.
      Type '{ description: string; id: string; partNumber: string; name: string; supplier: string; price: Decimal; 
stock: number; minStock: number; isActive: boolean; createdAt: Date; updatedAt: Date; }' is not assignable to type '{ 
name: string; id: string; description: string | null; partNumber: string | null; price: number; stock: number; 
minStock: number; supplier: string | null; isActive: boolean; createdAt: Date; updatedAt: Date; }'.
        Types of property 'price' are incompatible.
          Type 'Decimal' is not assignable to type 'number'.

    [7m329[0m       partRepository.update.mockResolvedValue(updatedPart);
    [7m   [0m [91m                                              ~~~~~~~~~~~[0m
    [96mtest/workshop/2-application/services/part.service.spec.ts[0m:[93m347[0m:[93m49[0m - [91merror[0m[90m 
TS2345: [0mArgument of type '{ id: string; partNumber: string; name: string; description: string; supplier: string; 
price: Decimal; stock: number; minStock: number; isActive: boolean; createdAt: Date; updatedAt: Date; }' is not 
assignable to parameter of type '{ name: string; id: string; description: string | null; partNumber: string | null; 
price: number; stock: number; minStock: number; supplier: string | null; isActive: boolean; createdAt: Date; 
updatedAt: Date; } | Promise<...> | null'.
      Type '{ id: string; partNumber: string; name: string; description: string; supplier: string; price: Decimal; 
stock: number; minStock: number; isActive: boolean; createdAt: Date; updatedAt: Date; }' is not assignable to type '{ 
name: string; id: string; description: string | null; partNumber: string | null; price: number; stock: number; 
minStock: number; supplier: string | null; isActive: boolean; createdAt: Date; updatedAt: Date; }'.
        Types of property 'price' are incompatible.
          Type 'Decimal' is not assignable to type 'number'.

    [7m347[0m       partRepository.findById.mockResolvedValue(existingPart);
    [7m   [0m [91m                                                ~~~~~~~~~~~~[0m
    [96mtest/workshop/2-application/services/part.service.spec.ts[0m:[93m348[0m:[93m47[0m - [91merror[0m[90m 
TS2345: [0mArgument of type '{ id: string; partNumber: string; name: string; description: string; supplier: string; 
price: Decimal; stock: number; minStock: number; isActive: boolean; createdAt: Date; updatedAt: Date; }' is not 
assignable to parameter of type '{ name: string; id: string; description: string | null; partNumber: string | null; 
price: number; stock: number; minStock: number; supplier: string | null; isActive: boolean; createdAt: Date; 
updatedAt: Date; } | Promise<...>'.
      Type '{ id: string; partNumber: string; name: string; description: string; supplier: string; price: Decimal; 
stock: number; minStock: number; isActive: boolean; createdAt: Date; updatedAt: Date; }' is not assignable to type '{ 
name: string; id: string; description: string | null; partNumber: string | null; price: number; stock: number; 
minStock: number; supplier: string | null; isActive: boolean; createdAt: Date; updatedAt: Date; }'.
        Types of property 'price' are incompatible.
          Type 'Decimal' is not assignable to type 'number'.

    [7m348[0m       partRepository.update.mockResolvedValue(updatedPart);
    [7m   [0m [91m                                              ~~~~~~~~~~~[0m
    [96mtest/workshop/2-application/services/part.service.spec.ts[0m:[93m368[0m:[93m49[0m - [91merror[0m[90m 
TS2345: [0mArgument of type '{ id: string; partNumber: string; name: string; description: string; supplier: string; 
price: Decimal; stock: number; minStock: number; isActive: boolean; createdAt: Date; updatedAt: Date; }' is not 
assignable to parameter of type '{ name: string; id: string; description: string | null; partNumber: string | null; 
price: number; stock: number; minStock: number; supplier: string | null; isActive: boolean; createdAt: Date; 
updatedAt: Date; } | Promise<...> | null'.
      Type '{ id: string; partNumber: string; name: string; description: string; supplier: string; price: Decimal; 
stock: number; minStock: number; isActive: boolean; createdAt: Date; updatedAt: Date; }' is not assignable to type '{ 
name: string; id: string; description: string | null; partNumber: string | null; price: number; stock: number; 
minStock: number; supplier: string | null; isActive: boolean; createdAt: Date; updatedAt: Date; }'.
        Types of property 'price' are incompatible.
          Type 'Decimal' is not assignable to type 'number'.

    [7m368[0m       partRepository.findById.mockResolvedValue(existingPart);
    [7m   [0m [91m                                                ~~~~~~~~~~~~[0m
    [96mtest/workshop/2-application/services/part.service.spec.ts[0m:[93m369[0m:[93m47[0m - [91merror[0m[90m 
TS2345: [0mArgument of type '{ id: string; partNumber: string; name: string; description: string; supplier: string; 
price: Decimal; stock: number; minStock: number; isActive: boolean; createdAt: Date; updatedAt: Date; }' is not 
assignable to parameter of type '{ name: string; id: string; description: string | null; partNumber: string | null; 
price: number; stock: number; minStock: number; supplier: string | null; isActive: boolean; createdAt: Date; 
updatedAt: Date; } | Promise<...>'.
      Type '{ id: string; partNumber: string; name: string; description: string; supplier: string; price: Decimal; 
stock: number; minStock: number; isActive: boolean; createdAt: Date; updatedAt: Date; }' is not assignable to type '{ 
name: string; id: string; description: string | null; partNumber: string | null; price: number; stock: number; 
minStock: number; supplier: string | null; isActive: boolean; createdAt: Date; updatedAt: Date; }'.
        Types of property 'price' are incompatible.
          Type 'Decimal' is not assignable to type 'number'.

    [7m369[0m       partRepository.update.mockResolvedValue(updatedPart);
    [7m   [0m [91m                                              ~~~~~~~~~~~[0m
    [96mtest/workshop/2-application/services/part.service.spec.ts[0m:[93m390[0m:[93m49[0m - [91merror[0m[90m 
TS2345: [0mArgument of type '{ id: string; partNumber: string; name: string; description: string; supplier: string; 
price: Decimal; stock: number; minStock: number; isActive: boolean; createdAt: Date; updatedAt: Date; }' is not 
assignable to parameter of type '{ name: string; id: string; description: string | null; partNumber: string | null; 
price: number; stock: number; minStock: number; supplier: string | null; isActive: boolean; createdAt: Date; 
updatedAt: Date; } | Promise<...> | null'.
      Type '{ id: string; partNumber: string; name: string; description: string; supplier: string; price: Decimal; 
stock: number; minStock: number; isActive: boolean; createdAt: Date; updatedAt: Date; }' is not assignable to type '{ 
name: string; id: string; description: string | null; partNumber: string | null; price: number; stock: number; 
minStock: number; supplier: string | null; isActive: boolean; createdAt: Date; updatedAt: Date; }'.
        Types of property 'price' are incompatible.
          Type 'Decimal' is not assignable to type 'number'.

    [7m390[0m       partRepository.findById.mockResolvedValue(existingPart);
    [7m   [0m [91m                                                ~~~~~~~~~~~~[0m
    [96mtest/workshop/2-application/services/part.service.spec.ts[0m:[93m391[0m:[93m47[0m - [91merror[0m[90m 
TS2345: [0mArgument of type '{ id: string; partNumber: string; name: string; description: string; supplier: string; 
price: Decimal; stock: number; minStock: number; isActive: boolean; createdAt: Date; updatedAt: Date; }' is not 
assignable to parameter of type '{ name: string; id: string; description: string | null; partNumber: string | null; 
price: number; stock: number; minStock: number; supplier: string | null; isActive: boolean; createdAt: Date; 
updatedAt: Date; } | Promise<...>'.
      Type '{ id: string; partNumber: string; name: string; description: string; supplier: string; price: Decimal; 
stock: number; minStock: number; isActive: boolean; createdAt: Date; updatedAt: Date; }' is not assignable to type '{ 
name: string; id: string; description: string | null; partNumber: string | null; price: number; stock: number; 
minStock: number; supplier: string | null; isActive: boolean; createdAt: Date; updatedAt: Date; }'.
        Types of property 'price' are incompatible.
          Type 'Decimal' is not assignable to type 'number'.

    [7m391[0m       partRepository.update.mockResolvedValue(updatedPart);
    [7m   [0m [91m                                              ~~~~~~~~~~~[0m
    [96mtest/workshop/2-application/services/part.service.spec.ts[0m:[93m409[0m:[93m49[0m - [91merror[0m[90m 
TS2345: [0mArgument of type '{ id: string; partNumber: string; name: string; description: string; supplier: string; 
price: Decimal; stock: number; minStock: number; isActive: boolean; createdAt: Date; updatedAt: Date; }' is not 
assignable to parameter of type '{ name: string; id: string; description: string | null; partNumber: string | null; 
price: number; stock: number; minStock: number; supplier: string | null; isActive: boolean; createdAt: Date; 
updatedAt: Date; } | Promise<...> | null'.
      Type '{ id: string; partNumber: string; name: string; description: string; supplier: string; price: Decimal; 
stock: number; minStock: number; isActive: boolean; createdAt: Date; updatedAt: Date; }' is not assignable to type '{ 
name: string; id: string; description: string | null; partNumber: string | null; price: number; stock: number; 
minStock: number; supplier: string | null; isActive: boolean; createdAt: Date; updatedAt: Date; }'.
        Types of property 'price' are incompatible.
          Type 'Decimal' is not assignable to type 'number'.

    [7m409[0m       partRepository.findById.mockResolvedValue(existingPart);
    [7m   [0m [91m                                                ~~~~~~~~~~~~[0m
    [96mtest/workshop/2-application/services/part.service.spec.ts[0m:[93m410[0m:[93m47[0m - [91merror[0m[90m 
TS2345: [0mArgument of type '{ id: string; partNumber: string; name: string; description: string; supplier: string; 
price: Decimal; stock: number; minStock: number; isActive: boolean; createdAt: Date; updatedAt: Date; }' is not 
assignable to parameter of type '{ name: string; id: string; description: string | null; partNumber: string | null; 
price: number; stock: number; minStock: number; supplier: string | null; isActive: boolean; createdAt: Date; 
updatedAt: Date; } | Promise<...>'.
      Type '{ id: string; partNumber: string; name: string; description: string; supplier: string; price: Decimal; 
stock: number; minStock: number; isActive: boolean; createdAt: Date; updatedAt: Date; }' is not assignable to type '{ 
name: string; id: string; description: string | null; partNumber: string | null; price: number; stock: number; 
minStock: number; supplier: string | null; isActive: boolean; createdAt: Date; updatedAt: Date; }'.
        Types of property 'price' are incompatible.
          Type 'Decimal' is not assignable to type 'number'.

    [7m410[0m       partRepository.update.mockResolvedValue(updatedPart);
    [7m   [0m [91m                                              ~~~~~~~~~~~[0m
    [96mtest/workshop/2-application/services/part.service.spec.ts[0m:[93m427[0m:[93m49[0m - [91merror[0m[90m 
TS2345: [0mArgument of type '{ stock: number; id: string; partNumber: string; name: string; description: string; 
supplier: string; price: Decimal; minStock: number; isActive: boolean; createdAt: Date; updatedAt: Date; }' is not 
assignable to parameter of type '{ name: string; id: string; description: string | null; partNumber: string | null; 
price: number; stock: number; minStock: number; supplier: string | null; isActive: boolean; createdAt: Date; 
updatedAt: Date; } | Promise<...> | null'.
      Type '{ stock: number; id: string; partNumber: string; name: string; description: string; supplier: string; 
price: Decimal; minStock: number; isActive: boolean; createdAt: Date; updatedAt: Date; }' is not assignable to type '{ 
name: string; id: string; description: string | null; partNumber: string | null; price: number; stock: number; 
minStock: number; supplier: string | null; isActive: boolean; createdAt: Date; updatedAt: Date; }'.
        Types of property 'price' are incompatible.
          Type 'Decimal' is not assignable to type 'number'.

    [7m427[0m       partRepository.findById.mockResolvedValue(existingPart);
    [7m   [0m [91m                                                ~~~~~~~~~~~~[0m
    [96mtest/workshop/2-application/services/part.service.spec.ts[0m:[93m428[0m:[93m47[0m - [91merror[0m[90m 
TS2345: [0mArgument of type '{ id: string; partNumber: string; name: string; description: string; supplier: string; 
price: Decimal; stock: number; minStock: number; isActive: boolean; createdAt: Date; updatedAt: Date; }' is not 
assignable to parameter of type '{ name: string; id: string; description: string | null; partNumber: string | null; 
price: number; stock: number; minStock: number; supplier: string | null; isActive: boolean; createdAt: Date; 
updatedAt: Date; } | Promise<...>'.
      Type '{ id: string; partNumber: string; name: string; description: string; supplier: string; price: Decimal; 
stock: number; minStock: number; isActive: boolean; createdAt: Date; updatedAt: Date; }' is not assignable to type '{ 
name: string; id: string; description: string | null; partNumber: string | null; price: number; stock: number; 
minStock: number; supplier: string | null; isActive: boolean; createdAt: Date; updatedAt: Date; }'.
        Types of property 'price' are incompatible.
          Type 'Decimal' is not assignable to type 'number'.

    [7m428[0m       partRepository.update.mockResolvedValue(updatedPart);
    [7m   [0m [91m                                              ~~~~~~~~~~~[0m
    [96mtest/workshop/2-application/services/part.service.spec.ts[0m:[93m461[0m:[93m49[0m - [91merror[0m[90m 
TS2345: [0mArgument of type '{ stock: number; id: string; partNumber: string; name: string; description: string; 
supplier: string; price: Decimal; minStock: number; isActive: boolean; createdAt: Date; updatedAt: Date; }' is not 
assignable to parameter of type '{ name: string; id: string; description: string | null; partNumber: string | null; 
price: number; stock: number; minStock: number; supplier: string | null; isActive: boolean; createdAt: Date; 
updatedAt: Date; } | Promise<...> | null'.
      Type '{ stock: number; id: string; partNumber: string; name: string; description: string; supplier: string; 
price: Decimal; minStock: number; isActive: boolean; createdAt: Date; updatedAt: Date; }' is not assignable to type '{ 
name: string; id: string; description: string | null; partNumber: string | null; price: number; stock: number; 
minStock: number; supplier: string | null; isActive: boolean; createdAt: Date; updatedAt: Date; }'.
        Types of property 'price' are incompatible.
          Type 'Decimal' is not assignable to type 'number'.

    [7m461[0m       partRepository.findById.mockResolvedValue(existingPart);
    [7m   [0m [91m                                                ~~~~~~~~~~~~[0m
    [96mtest/workshop/2-application/services/part.service.spec.ts[0m:[93m482[0m:[93m49[0m - [91merror[0m[90m 
TS2345: [0mArgument of type '{ id: string; partNumber: string; name: string; description: string; supplier: string; 
price: Decimal; stock: number; minStock: number; isActive: boolean; createdAt: Date; updatedAt: Date; }' is not 
assignable to parameter of type '{ name: string; id: string; description: string | null; partNumber: string | null; 
price: number; stock: number; minStock: number; supplier: string | null; isActive: boolean; createdAt: Date; 
updatedAt: Date; } | Promise<...> | null'.
      Type '{ id: string; partNumber: string; name: string; description: string; supplier: string; price: Decimal; 
stock: number; minStock: number; isActive: boolean; createdAt: Date; updatedAt: Date; }' is not assignable to type '{ 
name: string; id: string; description: string | null; partNumber: string | null; price: number; stock: number; 
minStock: number; supplier: string | null; isActive: boolean; createdAt: Date; updatedAt: Date; }'.
        Types of property 'price' are incompatible.
          Type 'Decimal' is not assignable to type 'number'.

    [7m482[0m       partRepository.findById.mockResolvedValue(existingPart);
    [7m   [0m [91m                                                ~~~~~~~~~~~~[0m
    [96mtest/workshop/2-application/services/part.service.spec.ts[0m:[93m483[0m:[93m47[0m - [91merror[0m[90m 
TS2345: [0mArgument of type '{ isActive: boolean; id: string; partNumber: string; name: string; description: string; 
supplier: string; price: Decimal; stock: number; minStock: number; createdAt: Date; updatedAt: Date; }' is not 
assignable to parameter of type '{ name: string; id: string; description: string | null; partNumber: string | null; 
price: number; stock: number; minStock: number; supplier: string | null; isActive: boolean; createdAt: Date; 
updatedAt: Date; } | Promise<...>'.
      Type '{ isActive: boolean; id: string; partNumber: string; name: string; description: string; supplier: string; 
price: Decimal; stock: number; minStock: number; createdAt: Date; updatedAt: Date; }' is not assignable to type '{ 
name: string; id: string; description: string | null; partNumber: string | null; price: number; stock: number; 
minStock: number; supplier: string | null; isActive: boolean; createdAt: Date; updatedAt: Date; }'.
        Types of property 'price' are incompatible.
          Type 'Decimal' is not assignable to type 'number'.

    [7m483[0m       partRepository.update.mockResolvedValue(deactivatedPart);
    [7m   [0m [91m                                              ~~~~~~~~~~~~~~~[0m

PASS test/workshop/1-presentation/controllers/service.controller.spec.ts (7.352 s)
FAIL test/workshop/1-presentation/controllers/service-order.controller.spec.ts
  ΓùÅ Test suite failed to run

    [96mtest/workshop/1-presentation/controllers/service-order.controller.spec.ts[0m:[93m24[0m:[93m13[0m - 
[91merror[0m[90m TS2304: [0mCannot find name 'ServiceOrderStatus'.

    [7m24[0m     status: ServiceOrderStatus.RECEBIDA,
    [7m  [0m [91m            ~~~~~~~~~~~~~~~~~~[0m
    [96mtest/workshop/1-presentation/controllers/service-order.controller.spec.ts[0m:[93m41[0m:[93m13[0m - 
[91merror[0m[90m TS2304: [0mCannot find name 'ServiceOrderStatus'.

    [7m41[0m     status: ServiceOrderStatus.EM_EXECUCAO,
    [7m  [0m [91m            ~~~~~~~~~~~~~~~~~~[0m
    [96mtest/workshop/1-presentation/controllers/service-order.controller.spec.ts[0m:[93m194[0m:[93m17[0m - 
[91merror[0m[90m TS2304: [0mCannot find name 'ServiceOrderStatus'.

    [7m194[0m         status: ServiceOrderStatus.EM_EXECUCAO,
    [7m   [0m [91m                ~~~~~~~~~~~~~~~~~~[0m
    [96mtest/workshop/1-presentation/controllers/service-order.controller.spec.ts[0m:[93m234[0m:[93m19[0m - 
[91merror[0m[90m TS2304: [0mCannot find name 'ServiceOrderStatus'.

    [7m234[0m           status: ServiceOrderStatus.RECEBIDA,
    [7m   [0m [91m                  ~~~~~~~~~~~~~~~~~~[0m

FAIL test/workshop/2-application/create-order.service.spec.ts
  ΓùÅ Test suite failed to run

    [96mtest/workshop/2-application/create-order.service.spec.ts[0m:[93m2[0m:[93m1[0m - [91merror[0m[90m 
TS6133: [0m'ServiceOrderStatus' is declared but its value is never read.

    [7m2[0m import { ServiceOrderStatus } from '../../../../src/shared/enums';
    [7m [0m [91m~~~~~~~~~~~~~~~~~~~~~~~~~~~~~~~~~~~~~~~~~~~~~~~~~~~~~~~~~~~~~~~~~~[0m
    [96mtest/workshop/2-application/create-order.service.spec.ts[0m:[93m2[0m:[93m36[0m - [91merror[0m[90m 
TS2307: [0mCannot find module '../../../../src/shared/enums' or its corresponding type declarations.

    [7m2[0m import { ServiceOrderStatus } from '../../../../src/shared/enums';
    [7m [0m [91m                                   ~~~~~~~~~~~~~~~~~~~~~~~~~~~~~~[0m
    [96mtest/workshop/2-application/create-order.service.spec.ts[0m:[93m16[0m:[93m9[0m - [91merror[0m[90m 
TS2304: [0mCannot find name 'CustomerType'.

    [7m16[0m   type: CustomerType.PESSOA_FISICA,
    [7m  [0m [91m        ~~~~~~~~~~~~[0m
    [96mtest/workshop/2-application/create-order.service.spec.ts[0m:[93m69[0m:[93m13[0m - [91merror[0m[90m 
TS2304: [0mCannot find name 'CustomerType'.

    [7m69[0m       type: CustomerType.PESSOA_FISICA,
    [7m  [0m [91m            ~~~~~~~~~~~~[0m

FAIL test/auth/guards/jwt-auth.guard.spec.ts
  ΓùÅ Test suite failed to run

    [96mtest/auth/guards/jwt-auth.guard.spec.ts[0m:[93m2[0m:[93m1[0m - [91merror[0m[90m TS6133: 
[0m'ServiceOrderStatus' is declared but its value is never read.

    [7m2[0m import { ServiceOrderStatus } from '../../../../src/shared/enums';
    [7m [0m [91m~~~~~~~~~~~~~~~~~~~~~~~~~~~~~~~~~~~~~~~~~~~~~~~~~~~~~~~~~~~~~~~~~~[0m
    [96mtest/auth/guards/jwt-auth.guard.spec.ts[0m:[93m2[0m:[93m36[0m - [91merror[0m[90m TS2307: [0mCannot 
find module '../../../../src/shared/enums' or its corresponding type declarations.

    [7m2[0m import { ServiceOrderStatus } from '../../../../src/shared/enums';
    [7m [0m [91m                                   ~~~~~~~~~~~~~~~~~~~~~~~~~~~~~~[0m
    [96mtest/auth/guards/jwt-auth.guard.spec.ts[0m:[93m56[0m:[93m23[0m - [91merror[0m[90m TS2554: 
[0mExpected 2 arguments, but got 1.

    [7m56[0m     const testGuard = new JwtAuthGuard(errorHandler);
    [7m  [0m [91m                      ~~~~~~~~~~~~~~~~~~~~~~~~~~~~~~[0m

      [96msrc/auth/guards/jwt-auth.guard.ts[0m:[93m11[0m:[93m5[0m
        [7m11[0m     private reflector: Reflector,
        [7m  [0m [96m    ~~~~~~~~~~~~~~~~~~~~~~~~~~~~[0m
        An argument for 'reflector' was not provided.

FAIL test/workshop/2-application/services/budget.service.spec.ts
  ΓùÅ Test suite failed to run

    [96mtest/workshop/2-application/services/budget.service.spec.ts[0m:[93m23[0m:[93m11[0m - [91merror[0m[90m 
TS2304: [0mCannot find name 'CustomerType'.

    [7m23[0m     type: CustomerType.PESSOA_FISICA,
    [7m  [0m [91m          ~~~~~~~~~~~~[0m
    [96mtest/workshop/2-application/services/budget.service.spec.ts[0m:[93m37[0m:[93m32[0m - [91merror[0m[90m 
TS2339: [0mProperty 'AGUARDANDO_APROVACAO' does not exist on type 'typeof ServiceOrderStatus'.

    [7m37[0m     status: ServiceOrderStatus.AGUARDANDO_APROVACAO,
    [7m  [0m [91m                               ~~~~~~~~~~~~~~~~~~~~[0m
    [96mtest/workshop/2-application/services/budget.service.spec.ts[0m:[93m477[0m:[93m36[0m - 
[91merror[0m[90m TS2339: [0mProperty 'EM_EXECUCAO' does not exist on type 'typeof ServiceOrderStatus'.

    [7m477[0m         status: ServiceOrderStatus.EM_EXECUCAO,
    [7m   [0m [91m                                   ~~~~~~~~~~~[0m

FAIL test/shared/services/email.service.spec.ts
  ΓùÅ Test suite failed to run

    [96mtest/shared/services/email.service.spec.ts[0m:[93m2[0m:[93m36[0m - [91merror[0m[90m TS2307: 
[0mCannot find module '../../../../src/shared/enums' or its corresponding type declarations.

    [7m2[0m import { ServiceOrderStatus } from '../../../../src/shared/enums';
    [7m [0m [91m                                   ~~~~~~~~~~~~~~~~~~~~~~~~~~~~~~[0m

Summary of all failing tests
FAIL test/shared/services/error-handler.service.spec.ts (6.035 s)
  ΓùÅ ErrorHandlerService ΓÇ║ Prisma constraint messages ΓÇ║ TC0001 - Should handle all constraint types

    expect(received).toThrow(expected)

    Expected substring: "J├í existe um usu├írio com este email"
    Received message:   "Email j├í cadastrado no sistema"

        [0m [90m 35 |[39m     [36mif[39m ([36mthis[39m[33m.[39misPrismaConstraintError(error)) {
         [90m 36 |[39m       [36mconst[39m message [33m=[39m 
[36mthis[39m[33m.[39mextractPrismaConstraintMessage(error)[33m;[39m
        [31m[1m>[22m[39m[90m 37 |[39m       [36mthrow[39m [36mnew[39m 
[33mConflictException[39m(message)[33m;[39m
         [90m    |[39m             [31m[1m^[22m[39m
         [90m 38 |[39m     }
         [90m 39 |[39m
         [90m 40 |[39m     [36mconst[39m message [33m=[39m 
[36mthis[39m[33m.[39mextractErrorMessage(error)[33m;[39m[0m

      at ErrorHandlerService.handleError (src/shared/services/error-handler.service.ts:37:13)
      at test/shared/services/error-handler.service.spec.ts:161:17
      at Object.<anonymous> (node_modules/expect/build/index.js:1824:9)
      at Object.throwingMatcher [as toThrow] (node_modules/expect/build/index.js:2235:93)
      at Object.<anonymous> (test/shared/services/error-handler.service.spec.ts:162:9)
      at Object.<anonymous> (test/shared/services/error-handler.service.spec.ts:162:9)

FAIL test/workshop/3-domain/policies/service-order-transition.policy.spec.ts
  ΓùÅ Test suite failed to run

    [96mtest/workshop/3-domain/policies/service-order-transition.policy.spec.ts[0m:[93m14[0m:[93m28[0m - 
[91merror[0m[90m TS2339: [0mProperty 'RECEBIDA' does not exist on type 'typeof ServiceOrderStatus'.

    [7m14[0m         ServiceOrderStatus.RECEBIDA,
    [7m  [0m [91m                           ~~~~~~~~[0m
    [96mtest/workshop/3-domain/policies/service-order-transition.policy.spec.ts[0m:[93m15[0m:[93m28[0m - 
[91merror[0m[90m TS2339: [0mProperty 'EM_DIAGNOSTICO' does not exist on type 'typeof ServiceOrderStatus'.

    [7m15[0m         ServiceOrderStatus.EM_DIAGNOSTICO,
    [7m  [0m [91m                           ~~~~~~~~~~~~~~[0m
    [96mtest/workshop/3-domain/policies/service-order-transition.policy.spec.ts[0m:[93m23[0m:[93m28[0m - 
[91merror[0m[90m TS2339: [0mProperty 'RECEBIDA' does not exist on type 'typeof ServiceOrderStatus'.

    [7m23[0m         ServiceOrderStatus.RECEBIDA,
    [7m  [0m [91m                           ~~~~~~~~[0m
    [96mtest/workshop/3-domain/policies/service-order-transition.policy.spec.ts[0m:[93m24[0m:[93m28[0m - 
[91merror[0m[90m TS2339: [0mProperty 'EM_EXECUCAO' does not exist on type 'typeof ServiceOrderStatus'.

    [7m24[0m         ServiceOrderStatus.EM_EXECUCAO,
    [7m  [0m [91m                           ~~~~~~~~~~~[0m
    [96mtest/workshop/3-domain/policies/service-order-transition.policy.spec.ts[0m:[93m32[0m:[93m28[0m - 
[91merror[0m[90m TS2339: [0mProperty 'EM_DIAGNOSTICO' does not exist on type 'typeof ServiceOrderStatus'.

    [7m32[0m         ServiceOrderStatus.EM_DIAGNOSTICO,
    [7m  [0m [91m                           ~~~~~~~~~~~~~~[0m
    [96mtest/workshop/3-domain/policies/service-order-transition.policy.spec.ts[0m:[93m33[0m:[93m28[0m - 
[91merror[0m[90m TS2339: [0mProperty 'AGUARDANDO_APROVACAO' does not exist on type 'typeof ServiceOrderStatus'.

    [7m33[0m         ServiceOrderStatus.AGUARDANDO_APROVACAO,
    [7m  [0m [91m                           ~~~~~~~~~~~~~~~~~~~~[0m
    [96mtest/workshop/3-domain/policies/service-order-transition.policy.spec.ts[0m:[93m41[0m:[93m28[0m - 
[91merror[0m[90m TS2339: [0mProperty 'AGUARDANDO_APROVACAO' does not exist on type 'typeof ServiceOrderStatus'.

    [7m41[0m         ServiceOrderStatus.AGUARDANDO_APROVACAO,
    [7m  [0m [91m                           ~~~~~~~~~~~~~~~~~~~~[0m
    [96mtest/workshop/3-domain/policies/service-order-transition.policy.spec.ts[0m:[93m42[0m:[93m28[0m - 
[91merror[0m[90m TS2339: [0mProperty 'EM_EXECUCAO' does not exist on type 'typeof ServiceOrderStatus'.

    [7m42[0m         ServiceOrderStatus.EM_EXECUCAO,
    [7m  [0m [91m                           ~~~~~~~~~~~[0m
    [96mtest/workshop/3-domain/policies/service-order-transition.policy.spec.ts[0m:[93m50[0m:[93m28[0m - 
[91merror[0m[90m TS2339: [0mProperty 'AGUARDANDO_APROVACAO' does not exist on type 'typeof ServiceOrderStatus'.

    [7m50[0m         ServiceOrderStatus.AGUARDANDO_APROVACAO,
    [7m  [0m [91m                           ~~~~~~~~~~~~~~~~~~~~[0m
    [96mtest/workshop/3-domain/policies/service-order-transition.policy.spec.ts[0m:[93m51[0m:[93m28[0m - 
[91merror[0m[90m TS2339: [0mProperty 'EM_DIAGNOSTICO' does not exist on type 'typeof ServiceOrderStatus'.

    [7m51[0m         ServiceOrderStatus.EM_DIAGNOSTICO,
    [7m  [0m [91m                           ~~~~~~~~~~~~~~[0m
    [96mtest/workshop/3-domain/policies/service-order-transition.policy.spec.ts[0m:[93m59[0m:[93m28[0m - 
[91merror[0m[90m TS2339: [0mProperty 'EM_EXECUCAO' does not exist on type 'typeof ServiceOrderStatus'.

    [7m59[0m         ServiceOrderStatus.EM_EXECUCAO,
    [7m  [0m [91m                           ~~~~~~~~~~~[0m
    [96mtest/workshop/3-domain/policies/service-order-transition.policy.spec.ts[0m:[93m60[0m:[93m28[0m - 
[91merror[0m[90m TS2339: [0mProperty 'FINALIZADA' does not exist on type 'typeof ServiceOrderStatus'.

    [7m60[0m         ServiceOrderStatus.FINALIZADA,
    [7m  [0m [91m                           ~~~~~~~~~~[0m
    [96mtest/workshop/3-domain/policies/service-order-transition.policy.spec.ts[0m:[93m68[0m:[93m28[0m - 
[91merror[0m[90m TS2339: [0mProperty 'FINALIZADA' does not exist on type 'typeof ServiceOrderStatus'.

    [7m68[0m         ServiceOrderStatus.FINALIZADA,
    [7m  [0m [91m                           ~~~~~~~~~~[0m
    [96mtest/workshop/3-domain/policies/service-order-transition.policy.spec.ts[0m:[93m69[0m:[93m28[0m - 
[91merror[0m[90m TS2339: [0mProperty 'ENTREGUE' does not exist on type 'typeof ServiceOrderStatus'.

    [7m69[0m         ServiceOrderStatus.ENTREGUE,
    [7m  [0m [91m                           ~~~~~~~~[0m
    [96mtest/workshop/3-domain/policies/service-order-transition.policy.spec.ts[0m:[93m77[0m:[93m28[0m - 
[91merror[0m[90m TS2339: [0mProperty 'ENTREGUE' does not exist on type 'typeof ServiceOrderStatus'.

    [7m77[0m         ServiceOrderStatus.ENTREGUE,
    [7m  [0m [91m                           ~~~~~~~~[0m
    [96mtest/workshop/3-domain/policies/service-order-transition.policy.spec.ts[0m:[93m78[0m:[93m28[0m - 
[91merror[0m[90m TS2339: [0mProperty 'RECEBIDA' does not exist on type 'typeof ServiceOrderStatus'.

    [7m78[0m         ServiceOrderStatus.RECEBIDA,
    [7m  [0m [91m                           ~~~~~~~~[0m
    [96mtest/workshop/3-domain/policies/service-order-transition.policy.spec.ts[0m:[93m87[0m:[93m28[0m - 
[91merror[0m[90m TS2339: [0mProperty 'RECEBIDA' does not exist on type 'typeof ServiceOrderStatus'.

    [7m87[0m         ServiceOrderStatus.RECEBIDA,
    [7m  [0m [91m                           ~~~~~~~~[0m
    [96mtest/workshop/3-domain/policies/service-order-transition.policy.spec.ts[0m:[93m96[0m:[93m68[0m - 
[91merror[0m[90m TS2339: [0mProperty 'RECEBIDA' does not exist on type 'typeof ServiceOrderStatus'.

    [7m96[0m       const result = policy.getValidTransitions(ServiceOrderStatus.RECEBIDA);
    [7m  [0m [91m                                                                   ~~~~~~~~[0m
    [96mtest/workshop/3-domain/policies/service-order-transition.policy.spec.ts[0m:[93m98[0m:[93m50[0m - 
[91merror[0m[90m TS2339: [0mProperty 'EM_DIAGNOSTICO' does not exist on type 'typeof ServiceOrderStatus'.

    [7m98[0m       expect(result).toEqual([ServiceOrderStatus.EM_DIAGNOSTICO]);
    [7m  [0m [91m                                                 ~~~~~~~~~~~~~~[0m
    [96mtest/workshop/3-domain/policies/service-order-transition.policy.spec.ts[0m:[93m103[0m:[93m28[0m - 
[91merror[0m[90m TS2339: [0mProperty 'EM_DIAGNOSTICO' does not exist on type 'typeof ServiceOrderStatus'.

    [7m103[0m         ServiceOrderStatus.EM_DIAGNOSTICO,
    [7m   [0m [91m                           ~~~~~~~~~~~~~~[0m
    [96mtest/workshop/3-domain/policies/service-order-transition.policy.spec.ts[0m:[93m106[0m:[93m50[0m - 
[91merror[0m[90m TS2339: [0mProperty 'AGUARDANDO_APROVACAO' does not exist on type 'typeof ServiceOrderStatus'.

    [7m106[0m       expect(result).toEqual([ServiceOrderStatus.AGUARDANDO_APROVACAO]);
    [7m   [0m [91m                                                 ~~~~~~~~~~~~~~~~~~~~[0m
    [96mtest/workshop/3-domain/policies/service-order-transition.policy.spec.ts[0m:[93m111[0m:[93m28[0m - 
[91merror[0m[90m TS2339: [0mProperty 'AGUARDANDO_APROVACAO' does not exist on type 'typeof ServiceOrderStatus'.

    [7m111[0m         ServiceOrderStatus.AGUARDANDO_APROVACAO,
    [7m   [0m [91m                           ~~~~~~~~~~~~~~~~~~~~[0m
    [96mtest/workshop/3-domain/policies/service-order-transition.policy.spec.ts[0m:[93m115[0m:[93m28[0m - 
[91merror[0m[90m TS2339: [0mProperty 'EM_EXECUCAO' does not exist on type 'typeof ServiceOrderStatus'.

    [7m115[0m         ServiceOrderStatus.EM_EXECUCAO,
    [7m   [0m [91m                           ~~~~~~~~~~~[0m
    [96mtest/workshop/3-domain/policies/service-order-transition.policy.spec.ts[0m:[93m116[0m:[93m28[0m - 
[91merror[0m[90m TS2339: [0mProperty 'EM_DIAGNOSTICO' does not exist on type 'typeof ServiceOrderStatus'.

    [7m116[0m         ServiceOrderStatus.EM_DIAGNOSTICO,
    [7m   [0m [91m                           ~~~~~~~~~~~~~~[0m
    [96mtest/workshop/3-domain/policies/service-order-transition.policy.spec.ts[0m:[93m122[0m:[93m28[0m - 
[91merror[0m[90m TS2339: [0mProperty 'EM_EXECUCAO' does not exist on type 'typeof ServiceOrderStatus'.

    [7m122[0m         ServiceOrderStatus.EM_EXECUCAO,
    [7m   [0m [91m                           ~~~~~~~~~~~[0m
    [96mtest/workshop/3-domain/policies/service-order-transition.policy.spec.ts[0m:[93m125[0m:[93m50[0m - 
[91merror[0m[90m TS2339: [0mProperty 'FINALIZADA' does not exist on type 'typeof ServiceOrderStatus'.

    [7m125[0m       expect(result).toEqual([ServiceOrderStatus.FINALIZADA]);
    [7m   [0m [91m                                                 ~~~~~~~~~~[0m
    [96mtest/workshop/3-domain/policies/service-order-transition.policy.spec.ts[0m:[93m130[0m:[93m28[0m - 
[91merror[0m[90m TS2339: [0mProperty 'FINALIZADA' does not exist on type 'typeof ServiceOrderStatus'.

    [7m130[0m         ServiceOrderStatus.FINALIZADA,
    [7m   [0m [91m                           ~~~~~~~~~~[0m
    [96mtest/workshop/3-domain/policies/service-order-transition.policy.spec.ts[0m:[93m133[0m:[93m50[0m - 
[91merror[0m[90m TS2339: [0mProperty 'ENTREGUE' does not exist on type 'typeof ServiceOrderStatus'.

    [7m133[0m       expect(result).toEqual([ServiceOrderStatus.ENTREGUE]);
    [7m   [0m [91m                                                 ~~~~~~~~[0m
    [96mtest/workshop/3-domain/policies/service-order-transition.policy.spec.ts[0m:[93m137[0m:[93m68[0m - 
[91merror[0m[90m TS2339: [0mProperty 'ENTREGUE' does not exist on type 'typeof ServiceOrderStatus'.

    [7m137[0m       const result = policy.getValidTransitions(ServiceOrderStatus.ENTREGUE);
    [7m   [0m [91m                                                                   ~~~~~~~~[0m

FAIL test/workshop/3-domain/domain-events/service-order.events.spec.ts
  ΓùÅ Test suite failed to run

    [96mtest/workshop/3-domain/domain-events/service-order.events.spec.ts[0m:[93m42[0m:[93m47[0m - 
[91merror[0m[90m TS2339: [0mProperty 'RECEBIDA' does not exist on type 'typeof ServiceOrderStatus'.

    [7m42[0m     const previousStatus = ServiceOrderStatus.RECEBIDA;
    [7m  [0m [91m                                              ~~~~~~~~[0m
    [96mtest/workshop/3-domain/domain-events/service-order.events.spec.ts[0m:[93m43[0m:[93m42[0m - 
[91merror[0m[90m TS2339: [0mProperty 'EM_EXECUCAO' does not exist on type 'typeof ServiceOrderStatus'.

    [7m43[0m     const newStatus = ServiceOrderStatus.EM_EXECUCAO;
    [7m  [0m [91m                                         ~~~~~~~~~~~[0m
    [96mtest/workshop/3-domain/domain-events/service-order.events.spec.ts[0m:[93m68[0m:[93m47[0m - 
[91merror[0m[90m TS2339: [0mProperty 'RECEBIDA' does not exist on type 'typeof ServiceOrderStatus'.

    [7m68[0m     const previousStatus = ServiceOrderStatus.RECEBIDA;
    [7m  [0m [91m                                              ~~~~~~~~[0m
    [96mtest/workshop/3-domain/domain-events/service-order.events.spec.ts[0m:[93m69[0m:[93m42[0m - 
[91merror[0m[90m TS2339: [0mProperty 'EM_EXECUCAO' does not exist on type 'typeof ServiceOrderStatus'.

    [7m69[0m     const newStatus = ServiceOrderStatus.EM_EXECUCAO;
    [7m  [0m [91m                                         ~~~~~~~~~~~[0m

FAIL test/workshop/3-domain/aggregates/service-order.aggregate.spec.ts
  ΓùÅ Test suite failed to run

    [96mtest/workshop/3-domain/aggregates/service-order.aggregate.spec.ts[0m:[93m43[0m:[93m59[0m - 
[91merror[0m[90m TS2339: [0mProperty 'RECEBIDA' does not exist on type 'typeof ServiceOrderStatus'.

    [7m43[0m       expect(serviceOrder.status).toBe(ServiceOrderStatus.RECEBIDA);
    [7m  [0m [91m                                                          ~~~~~~~~[0m
    [96mtest/workshop/3-domain/aggregates/service-order.aggregate.spec.ts[0m:[93m56[0m:[93m36[0m - 
[91merror[0m[90m TS2339: [0mProperty 'EM_EXECUCAO' does not exist on type 'typeof ServiceOrderStatus'.

    [7m56[0m         status: ServiceOrderStatus.EM_EXECUCAO,
    [7m  [0m [91m                                   ~~~~~~~~~~~[0m
    [96mtest/workshop/3-domain/aggregates/service-order.aggregate.spec.ts[0m:[93m87[0m:[93m40[0m - 
[91merror[0m[90m TS2339: [0mProperty 'RECEBIDA' does not exist on type 'typeof ServiceOrderStatus'.

    [7m87[0m             status: ServiceOrderStatus.RECEBIDA,
    [7m  [0m [91m                                       ~~~~~~~~[0m
    [96mtest/workshop/3-domain/aggregates/service-order.aggregate.spec.ts[0m:[93m107[0m:[93m36[0m - 
[91merror[0m[90m TS2339: [0mProperty 'RECEBIDA' does not exist on type 'typeof ServiceOrderStatus'.

    [7m107[0m         status: ServiceOrderStatus.RECEBIDA,
    [7m   [0m [91m                                   ~~~~~~~~[0m
    [96mtest/workshop/3-domain/aggregates/service-order.aggregate.spec.ts[0m:[93m236[0m:[93m42[0m - 
[91merror[0m[90m TS2339: [0mProperty 'EM_DIAGNOSTICO' does not exist on type 'typeof ServiceOrderStatus'.

    [7m236[0m       so.changeStatus(ServiceOrderStatus.EM_DIAGNOSTICO);
    [7m   [0m [91m                                         ~~~~~~~~~~~~~~[0m
    [96mtest/workshop/3-domain/aggregates/service-order.aggregate.spec.ts[0m:[93m237[0m:[93m42[0m - 
[91merror[0m[90m TS2339: [0mProperty 'AGUARDANDO_APROVACAO' does not exist on type 'typeof ServiceOrderStatus'.

    [7m237[0m       so.changeStatus(ServiceOrderStatus.AGUARDANDO_APROVACAO);
    [7m   [0m [91m                                         ~~~~~~~~~~~~~~~~~~~~[0m
    [96mtest/workshop/3-domain/aggregates/service-order.aggregate.spec.ts[0m:[93m238[0m:[93m42[0m - 
[91merror[0m[90m TS2339: [0mProperty 'EM_EXECUCAO' does not exist on type 'typeof ServiceOrderStatus'.

    [7m238[0m       so.changeStatus(ServiceOrderStatus.EM_EXECUCAO);
    [7m   [0m [91m                                         ~~~~~~~~~~~[0m
    [96mtest/workshop/3-domain/aggregates/service-order.aggregate.spec.ts[0m:[93m239[0m:[93m42[0m - 
[91merror[0m[90m TS2339: [0mProperty 'FINALIZADA' does not exist on type 'typeof ServiceOrderStatus'.

    [7m239[0m       so.changeStatus(ServiceOrderStatus.FINALIZADA);
    [7m   [0m [91m                                         ~~~~~~~~~~[0m
    [96mtest/workshop/3-domain/aggregates/service-order.aggregate.spec.ts[0m:[93m240[0m:[93m42[0m - 
[91merror[0m[90m TS2339: [0mProperty 'ENTREGUE' does not exist on type 'typeof ServiceOrderStatus'.

    [7m240[0m       so.changeStatus(ServiceOrderStatus.ENTREGUE);
    [7m   [0m [91m                                         ~~~~~~~~[0m
    [96mtest/workshop/3-domain/aggregates/service-order.aggregate.spec.ts[0m:[93m330[0m:[93m28[0m - 
[91merror[0m[90m TS2339: [0mProperty 'EM_DIAGNOSTICO' does not exist on type 'typeof ServiceOrderStatus'.

    [7m330[0m         ServiceOrderStatus.EM_DIAGNOSTICO,
    [7m   [0m [91m                           ~~~~~~~~~~~~~~[0m
    [96mtest/workshop/3-domain/aggregates/service-order.aggregate.spec.ts[0m:[93m334[0m:[93m49[0m - 
[91merror[0m[90m TS2339: [0mProperty 'EM_DIAGNOSTICO' does not exist on type 'typeof ServiceOrderStatus'.

    [7m334[0m       expect(so.status).toBe(ServiceOrderStatus.EM_DIAGNOSTICO);
    [7m   [0m [91m                                                ~~~~~~~~~~~~~~[0m
    [96mtest/workshop/3-domain/aggregates/service-order.aggregate.spec.ts[0m:[93m348[0m:[93m42[0m - 
[91merror[0m[90m TS2339: [0mProperty 'EM_DIAGNOSTICO' does not exist on type 'typeof ServiceOrderStatus'.

    [7m348[0m       so.changeStatus(ServiceOrderStatus.EM_DIAGNOSTICO);
    [7m   [0m [91m                                         ~~~~~~~~~~~~~~[0m
    [96mtest/workshop/3-domain/aggregates/service-order.aggregate.spec.ts[0m:[93m363[0m:[93m55[0m - 
[91merror[0m[90m TS2339: [0mProperty 'FINALIZADA' does not exist on type 'typeof ServiceOrderStatus'.

    [7m363[0m       expect(() => so.changeStatus(ServiceOrderStatus.FINALIZADA)).toThrow(
    [7m   [0m [91m                                                      ~~~~~~~~~~[0m
    [96mtest/workshop/3-domain/aggregates/service-order.aggregate.spec.ts[0m:[93m378[0m:[93m42[0m - 
[91merror[0m[90m TS2339: [0mProperty 'EM_DIAGNOSTICO' does not exist on type 'typeof ServiceOrderStatus'.

    [7m378[0m       so.changeStatus(ServiceOrderStatus.EM_DIAGNOSTICO);
    [7m   [0m [91m                                         ~~~~~~~~~~~~~~[0m
    [96mtest/workshop/3-domain/aggregates/service-order.aggregate.spec.ts[0m:[93m379[0m:[93m42[0m - 
[91merror[0m[90m TS2339: [0mProperty 'AGUARDANDO_APROVACAO' does not exist on type 'typeof ServiceOrderStatus'.

    [7m379[0m       so.changeStatus(ServiceOrderStatus.AGUARDANDO_APROVACAO);
    [7m   [0m [91m                                         ~~~~~~~~~~~~~~~~~~~~[0m
    [96mtest/workshop/3-domain/aggregates/service-order.aggregate.spec.ts[0m:[93m380[0m:[93m42[0m - 
[91merror[0m[90m TS2339: [0mProperty 'EM_DIAGNOSTICO' does not exist on type 'typeof ServiceOrderStatus'.

    [7m380[0m       so.changeStatus(ServiceOrderStatus.EM_DIAGNOSTICO);
    [7m   [0m [91m                                         ~~~~~~~~~~~~~~[0m
    [96mtest/workshop/3-domain/aggregates/service-order.aggregate.spec.ts[0m:[93m382[0m:[93m49[0m - 
[91merror[0m[90m TS2339: [0mProperty 'EM_DIAGNOSTICO' does not exist on type 'typeof ServiceOrderStatus'.

    [7m382[0m       expect(so.status).toBe(ServiceOrderStatus.EM_DIAGNOSTICO);
    [7m   [0m [91m                                                ~~~~~~~~~~~~~~[0m
    [96mtest/workshop/3-domain/aggregates/service-order.aggregate.spec.ts[0m:[93m397[0m:[93m42[0m - 
[91merror[0m[90m TS2339: [0mProperty 'EM_DIAGNOSTICO' does not exist on type 'typeof ServiceOrderStatus'.

    [7m397[0m       so.changeStatus(ServiceOrderStatus.EM_DIAGNOSTICO);
    [7m   [0m [91m                                         ~~~~~~~~~~~~~~[0m
    [96mtest/workshop/3-domain/aggregates/service-order.aggregate.spec.ts[0m:[93m398[0m:[93m42[0m - 
[91merror[0m[90m TS2339: [0mProperty 'AGUARDANDO_APROVACAO' does not exist on type 'typeof ServiceOrderStatus'.

    [7m398[0m       so.changeStatus(ServiceOrderStatus.AGUARDANDO_APROVACAO);
    [7m   [0m [91m                                         ~~~~~~~~~~~~~~~~~~~~[0m
    [96mtest/workshop/3-domain/aggregates/service-order.aggregate.spec.ts[0m:[93m401[0m:[93m49[0m - 
[91merror[0m[90m TS2339: [0mProperty 'EM_EXECUCAO' does not exist on type 'typeof ServiceOrderStatus'.

    [7m401[0m       expect(so.status).toBe(ServiceOrderStatus.EM_EXECUCAO);
    [7m   [0m [91m                                                ~~~~~~~~~~~[0m
    [96mtest/workshop/3-domain/aggregates/service-order.aggregate.spec.ts[0m:[93m431[0m:[93m42[0m - 
[91merror[0m[90m TS2339: [0mProperty 'EM_DIAGNOSTICO' does not exist on type 'typeof ServiceOrderStatus'.

    [7m431[0m       so.changeStatus(ServiceOrderStatus.EM_DIAGNOSTICO);
    [7m   [0m [91m                                         ~~~~~~~~~~~~~~[0m
    [96mtest/workshop/3-domain/aggregates/service-order.aggregate.spec.ts[0m:[93m432[0m:[93m42[0m - 
[91merror[0m[90m TS2339: [0mProperty 'AGUARDANDO_APROVACAO' does not exist on type 'typeof ServiceOrderStatus'.

    [7m432[0m       so.changeStatus(ServiceOrderStatus.AGUARDANDO_APROVACAO);
    [7m   [0m [91m                                         ~~~~~~~~~~~~~~~~~~~~[0m
    [96mtest/workshop/3-domain/aggregates/service-order.aggregate.spec.ts[0m:[93m433[0m:[93m42[0m - 
[91merror[0m[90m TS2339: [0mProperty 'EM_EXECUCAO' does not exist on type 'typeof ServiceOrderStatus'.

    [7m433[0m       so.changeStatus(ServiceOrderStatus.EM_EXECUCAO);
    [7m   [0m [91m                                         ~~~~~~~~~~~[0m
    [96mtest/workshop/3-domain/aggregates/service-order.aggregate.spec.ts[0m:[93m436[0m:[93m49[0m - 
[91merror[0m[90m TS2339: [0mProperty 'FINALIZADA' does not exist on type 'typeof ServiceOrderStatus'.

    [7m436[0m       expect(so.status).toBe(ServiceOrderStatus.FINALIZADA);
    [7m   [0m [91m                                                ~~~~~~~~~~[0m
    [96mtest/workshop/3-domain/aggregates/service-order.aggregate.spec.ts[0m:[93m466[0m:[93m42[0m - 
[91merror[0m[90m TS2339: [0mProperty 'EM_DIAGNOSTICO' does not exist on type 'typeof ServiceOrderStatus'.

    [7m466[0m       so.changeStatus(ServiceOrderStatus.EM_DIAGNOSTICO);
    [7m   [0m [91m                                         ~~~~~~~~~~~~~~[0m
    [96mtest/workshop/3-domain/aggregates/service-order.aggregate.spec.ts[0m:[93m467[0m:[93m42[0m - 
[91merror[0m[90m TS2339: [0mProperty 'AGUARDANDO_APROVACAO' does not exist on type 'typeof ServiceOrderStatus'.

    [7m467[0m       so.changeStatus(ServiceOrderStatus.AGUARDANDO_APROVACAO);
    [7m   [0m [91m                                         ~~~~~~~~~~~~~~~~~~~~[0m
    [96mtest/workshop/3-domain/aggregates/service-order.aggregate.spec.ts[0m:[93m468[0m:[93m42[0m - 
[91merror[0m[90m TS2339: [0mProperty 'EM_EXECUCAO' does not exist on type 'typeof ServiceOrderStatus'.

    [7m468[0m       so.changeStatus(ServiceOrderStatus.EM_EXECUCAO);
    [7m   [0m [91m                                         ~~~~~~~~~~~[0m
    [96mtest/workshop/3-domain/aggregates/service-order.aggregate.spec.ts[0m:[93m469[0m:[93m42[0m - 
[91merror[0m[90m TS2339: [0mProperty 'FINALIZADA' does not exist on type 'typeof ServiceOrderStatus'.

    [7m469[0m       so.changeStatus(ServiceOrderStatus.FINALIZADA);
    [7m   [0m [91m                                         ~~~~~~~~~~[0m
    [96mtest/workshop/3-domain/aggregates/service-order.aggregate.spec.ts[0m:[93m472[0m:[93m49[0m - 
[91merror[0m[90m TS2339: [0mProperty 'ENTREGUE' does not exist on type 'typeof ServiceOrderStatus'.

    [7m472[0m       expect(so.status).toBe(ServiceOrderStatus.ENTREGUE);
    [7m   [0m [91m                                                ~~~~~~~~[0m

FAIL test/workshop/3-domain/aggregates/customer.aggregate.spec.ts
  ΓùÅ Test suite failed to run

    [96mtest/workshop/3-domain/aggregates/customer.aggregate.spec.ts[0m:[93m2[0m:[93m1[0m - [91merror[0m[90m 
TS6133: [0m'ServiceOrderStatus' is declared but its value is never read.

    [7m2[0m import { ServiceOrderStatus } from '../../../../src/shared/enums';
    [7m [0m [91m~~~~~~~~~~~~~~~~~~~~~~~~~~~~~~~~~~~~~~~~~~~~~~~~~~~~~~~~~~~~~~~~~~[0m
    [96mtest/workshop/3-domain/aggregates/customer.aggregate.spec.ts[0m:[93m23[0m:[93m9[0m - [91merror[0m[90m 
TS2552: [0mCannot find name 'CustomerType'. Did you mean 'customer'?

    [7m23[0m         CustomerType.PESSOA_FISICA,
    [7m  [0m [91m        ~~~~~~~~~~~~[0m

      [96mtest/workshop/3-domain/aggregates/customer.aggregate.spec.ts[0m:[93m20[0m:[93m13[0m
        [7m20[0m       const customer = CustomerAggregate.create(
        [7m  [0m [96m            ~~~~~~~~[0m
        'customer' is declared here.
    [96mtest/workshop/3-domain/aggregates/customer.aggregate.spec.ts[0m:[93m33[0m:[93m34[0m - 
[91merror[0m[90m TS2552: [0mCannot find name 'CustomerType'. Did you mean 'customer'?

    [7m33[0m       expect(customer.type).toBe(CustomerType.PESSOA_FISICA);
    [7m  [0m [91m                                 ~~~~~~~~~~~~[0m

      [96mtest/workshop/3-domain/aggregates/customer.aggregate.spec.ts[0m:[93m20[0m:[93m13[0m
        [7m20[0m       const customer = CustomerAggregate.create(
        [7m  [0m [96m            ~~~~~~~~[0m
        'customer' is declared here.
    [96mtest/workshop/3-domain/aggregates/customer.aggregate.spec.ts[0m:[93m47[0m:[93m15[0m - 
[91merror[0m[90m TS2552: [0mCannot find name 'CustomerType'. Did you mean 'customer'?

    [7m47[0m         type: CustomerType.PESSOA_FISICA,
    [7m  [0m [91m              ~~~~~~~~~~~~[0m

      [96mtest/workshop/3-domain/aggregates/customer.aggregate.spec.ts[0m:[93m57[0m:[93m13[0m
        [7m57[0m       const customer = CustomerAggregate.fromDatabase(data);
        [7m  [0m [96m            ~~~~~~~~[0m
        'customer' is declared here.
    [96mtest/workshop/3-domain/aggregates/customer.aggregate.spec.ts[0m:[93m73[0m:[93m9[0m - [91merror[0m[90m 
TS2552: [0mCannot find name 'CustomerType'. Did you mean 'customer'?

    [7m73[0m         CustomerType.PESSOA_FISICA,
    [7m  [0m [91m        ~~~~~~~~~~~~[0m

      [96mtest/workshop/3-domain/aggregates/customer.aggregate.spec.ts[0m:[93m67[0m:[93m9[0m
        [7m67[0m     let customer: CustomerAggregate;
        [7m  [0m [96m        ~~~~~~~~[0m
        'customer' is declared here.
    [96mtest/workshop/3-domain/aggregates/customer.aggregate.spec.ts[0m:[93m119[0m:[93m9[0m - 
[91merror[0m[90m TS2552: [0mCannot find name 'CustomerType'. Did you mean 'customer'?

    [7m119[0m         CustomerType.PESSOA_FISICA,
    [7m   [0m [91m        ~~~~~~~~~~~~[0m

      [96mtest/workshop/3-domain/aggregates/customer.aggregate.spec.ts[0m:[93m116[0m:[93m13[0m
        [7m116[0m       const customer = CustomerAggregate.create(
        [7m   [0m [96m            ~~~~~~~~[0m
        'customer' is declared here.
    [96mtest/workshop/3-domain/aggregates/customer.aggregate.spec.ts[0m:[93m138[0m:[93m9[0m - 
[91merror[0m[90m TS2552: [0mCannot find name 'CustomerType'. Did you mean 'customer'?

    [7m138[0m         CustomerType.PESSOA_FISICA,
    [7m   [0m [91m        ~~~~~~~~~~~~[0m

      [96mtest/workshop/3-domain/aggregates/customer.aggregate.spec.ts[0m:[93m135[0m:[93m13[0m
        [7m135[0m       const customer = CustomerAggregate.create(
        [7m   [0m [96m            ~~~~~~~~[0m
        'customer' is declared here.
    [96mtest/workshop/3-domain/aggregates/customer.aggregate.spec.ts[0m:[93m154[0m:[93m9[0m - 
[91merror[0m[90m TS2552: [0mCannot find name 'CustomerType'. Did you mean 'customer'?

    [7m154[0m         CustomerType.PESSOA_FISICA,
    [7m   [0m [91m        ~~~~~~~~~~~~[0m

      [96mtest/workshop/3-domain/aggregates/customer.aggregate.spec.ts[0m:[93m151[0m:[93m13[0m
        [7m151[0m       const customer = CustomerAggregate.create(
        [7m   [0m [96m            ~~~~~~~~[0m
        'customer' is declared here.
    [96mtest/workshop/3-domain/aggregates/customer.aggregate.spec.ts[0m:[93m172[0m:[93m9[0m - 
[91merror[0m[90m TS2552: [0mCannot find name 'CustomerType'. Did you mean 'customer'?

    [7m172[0m         CustomerType.PESSOA_JURIDICA,
    [7m   [0m [91m        ~~~~~~~~~~~~[0m

      [96mtest/workshop/3-domain/aggregates/customer.aggregate.spec.ts[0m:[93m169[0m:[93m13[0m
        [7m169[0m       const customer = CustomerAggregate.create(
        [7m   [0m [96m            ~~~~~~~~[0m
        'customer' is declared here.
    [96mtest/workshop/3-domain/aggregates/customer.aggregate.spec.ts[0m:[93m188[0m:[93m9[0m - 
[91merror[0m[90m TS2552: [0mCannot find name 'CustomerType'. Did you mean 'customer'?

    [7m188[0m         CustomerType.PESSOA_FISICA,
    [7m   [0m [91m        ~~~~~~~~~~~~[0m

      [96mtest/workshop/3-domain/aggregates/customer.aggregate.spec.ts[0m:[93m185[0m:[93m13[0m
        [7m185[0m       const customer = CustomerAggregate.create(
        [7m   [0m [96m            ~~~~~~~~[0m
        'customer' is declared here.
    [96mtest/workshop/3-domain/aggregates/customer.aggregate.spec.ts[0m:[93m204[0m:[93m9[0m - 
[91merror[0m[90m TS2552: [0mCannot find name 'CustomerType'. Did you mean 'customer'?

    [7m204[0m         CustomerType.PESSOA_FISICA,
    [7m   [0m [91m        ~~~~~~~~~~~~[0m

      [96mtest/workshop/3-domain/aggregates/customer.aggregate.spec.ts[0m:[93m201[0m:[93m13[0m
        [7m201[0m       const customer = CustomerAggregate.create(
        [7m   [0m [96m            ~~~~~~~~[0m
        'customer' is declared here.
    [96mtest/workshop/3-domain/aggregates/customer.aggregate.spec.ts[0m:[93m218[0m:[93m9[0m - 
[91merror[0m[90m TS2304: [0mCannot find name 'CustomerType'.

    [7m218[0m         CustomerType.PESSOA_JURIDICA,
    [7m   [0m [91m        ~~~~~~~~~~~~[0m

FAIL test/workshop/2-application/services/service.service.spec.ts
  ΓùÅ Test suite failed to run

    [96mtest/workshop/2-application/services/service.service.spec.ts[0m:[93m2[0m:[93m1[0m - [91merror[0m[90m 
TS6133: [0m'ServiceOrderStatus' is declared but its value is never read.

    [7m2[0m import { ServiceOrderStatus } from '../../../../src/shared/enums';
    [7m [0m [91m~~~~~~~~~~~~~~~~~~~~~~~~~~~~~~~~~~~~~~~~~~~~~~~~~~~~~~~~~~~~~~~~~~[0m
    [96mtest/workshop/2-application/services/service.service.spec.ts[0m:[93m82[0m:[93m50[0m - 
[91merror[0m[90m TS2345: [0mArgument of type '{ id: string; name: string; description: string; price: Decimal; 
category: "Mec├ónica" | "El├⌐trica" | "Funilaria" | "Pintura"; estimatedMinutes: number; isActive: boolean; createdAt: 
Date; updatedAt: Date; }' is not assignable to parameter of type '{ name: string; id: string; description: string | 
null; price: number; estimatedMinutes: number; category: string; isActive: boolean; createdAt: Date; updatedAt: Date; 
} | Promise<{ name: string; ... 7 more ...; updatedAt: Date; }>'.
      Type '{ id: string; name: string; description: string; price: Decimal; category: "Mec├ónica" | "El├⌐trica" | 
"Funilaria" | "Pintura"; estimatedMinutes: number; isActive: boolean; createdAt: Date; updatedAt: Date; }' is not 
assignable to type '{ name: string; id: string; description: string | null; price: number; estimatedMinutes: number; 
category: string; isActive: boolean; createdAt: Date; updatedAt: Date; }'.
        Types of property 'price' are incompatible.
          Type 'Decimal' is not assignable to type 'number'.

    [7m82[0m       serviceRepository.create.mockResolvedValue(mockService);
    [7m  [0m [91m                                                 ~~~~~~~~~~~[0m
    [96mtest/workshop/2-application/services/service.service.spec.ts[0m:[93m99[0m:[93m54[0m - 
[91merror[0m[90m TS2345: [0mArgument of type '{ id: string; name: string; description: string; price: Decimal; 
category: "Mec├ónica" | "El├⌐trica" | "Funilaria" | "Pintura"; estimatedMinutes: number; isActive: boolean; createdAt: 
Date; updatedAt: Date; }' is not assignable to parameter of type '{ name: string; id: string; description: string | 
null; price: number; estimatedMinutes: number; category: string; isActive: boolean; createdAt: Date; updatedAt: Date; 
} | Promise<{ ...; } | null> | null'.
      Type '{ id: string; name: string; description: string; price: Decimal; category: "Mec├ónica" | "El├⌐trica" | 
"Funilaria" | "Pintura"; estimatedMinutes: number; isActive: boolean; createdAt: Date; updatedAt: Date; }' is not 
assignable to type '{ name: string; id: string; description: string | null; price: number; estimatedMinutes: number; 
category: string; isActive: boolean; createdAt: Date; updatedAt: Date; }'.
        Types of property 'price' are incompatible.
          Type 'Decimal' is not assignable to type 'number'.

    [7m99[0m       serviceRepository.findByName.mockResolvedValue(existingService);
    [7m  [0m [91m                                                     ~~~~~~~~~~~~~~~[0m
    [96mtest/workshop/2-application/services/service.service.spec.ts[0m:[93m113[0m:[93m51[0m - 
[91merror[0m[90m TS2345: [0mArgument of type '{ id: string; name: string; description: string; price: Decimal; 
category: "Mec├ónica" | "El├⌐trica" | "Funilaria" | "Pintura"; estimatedMinutes: number; isActive: boolean; createdAt: 
Date; updatedAt: Date; }[]' is not assignable to parameter of type '{ name: string; id: string; description: string | 
null; price: number; estimatedMinutes: number; category: string; isActive: boolean; createdAt: Date; updatedAt: Date; 
}[] | Promise<{ name: string; ... 7 more ...; updatedAt: Date; }[]>'.
      Type '{ id: string; name: string; description: string; price: Decimal; category: "Mec├ónica" | "El├⌐trica" | 
"Funilaria" | "Pintura"; estimatedMinutes: number; isActive: boolean; createdAt: Date; updatedAt: Date; }[]' is not 
assignable to type '{ name: string; id: string; description: string | null; price: number; estimatedMinutes: number; 
category: string; isActive: boolean; createdAt: Date; updatedAt: Date; }[]'.
        Type '{ id: string; name: string; description: string; price: Decimal; category: "Mec├ónica" | "El├⌐trica" | 
"Funilaria" | "Pintura"; estimatedMinutes: number; isActive: boolean; createdAt: Date; updatedAt: Date; }' is not 
assignable to type '{ name: string; id: string; description: string | null; price: number; estimatedMinutes: number; 
category: string; isActive: boolean; createdAt: Date; updatedAt: Date; }'.
          Types of property 'price' are incompatible.
            Type 'Decimal' is not assignable to type 'number'.

    [7m113[0m       serviceRepository.findAll.mockResolvedValue(mockServices);
    [7m   [0m [91m                                                  ~~~~~~~~~~~~[0m
    [96mtest/workshop/2-application/services/service.service.spec.ts[0m:[93m124[0m:[93m51[0m - 
[91merror[0m[90m TS2345: [0mArgument of type '{ id: string; name: string; description: string; price: Decimal; 
category: "Mec├ónica" | "El├⌐trica" | "Funilaria" | "Pintura"; estimatedMinutes: number; isActive: boolean; createdAt: 
Date; updatedAt: Date; }[]' is not assignable to parameter of type '{ name: string; id: string; description: string | 
null; price: number; estimatedMinutes: number; category: string; isActive: boolean; createdAt: Date; updatedAt: Date; 
}[] | Promise<{ name: string; ... 7 more ...; updatedAt: Date; }[]>'.
      Type '{ id: string; name: string; description: string; price: Decimal; category: "Mec├ónica" | "El├⌐trica" | 
"Funilaria" | "Pintura"; estimatedMinutes: number; isActive: boolean; createdAt: Date; updatedAt: Date; }[]' is not 
assignable to type '{ name: string; id: string; description: string | null; price: number; estimatedMinutes: number; 
category: string; isActive: boolean; createdAt: Date; updatedAt: Date; }[]'.
        Type '{ id: string; name: string; description: string; price: Decimal; category: "Mec├ónica" | "El├⌐trica" | 
"Funilaria" | "Pintura"; estimatedMinutes: number; isActive: boolean; createdAt: Date; updatedAt: Date; }' is not 
assignable to type '{ name: string; id: string; description: string | null; price: number; estimatedMinutes: number; 
category: string; isActive: boolean; createdAt: Date; updatedAt: Date; }'.
          Types of property 'price' are incompatible.
            Type 'Decimal' is not assignable to type 'number'.

    [7m124[0m       serviceRepository.findAll.mockResolvedValue(mockServices);
    [7m   [0m [91m                                                  ~~~~~~~~~~~~[0m
    [96mtest/workshop/2-application/services/service.service.spec.ts[0m:[93m137[0m:[93m52[0m - 
[91merror[0m[90m TS2345: [0mArgument of type '{ id: string; name: string; description: string; price: Decimal; 
category: "Mec├ónica" | "El├⌐trica" | "Funilaria" | "Pintura"; estimatedMinutes: number; isActive: boolean; createdAt: 
Date; updatedAt: Date; }[]' is not assignable to parameter of type '{ name: string; id: string; description: string | 
null; price: number; estimatedMinutes: number; category: string; isActive: boolean; createdAt: Date; updatedAt: Date; 
}[] | Promise<{ name: string; ... 7 more ...; updatedAt: Date; }[]>'.
      Type '{ id: string; name: string; description: string; price: Decimal; category: "Mec├ónica" | "El├⌐trica" | 
"Funilaria" | "Pintura"; estimatedMinutes: number; isActive: boolean; createdAt: Date; updatedAt: Date; }[]' is not 
assignable to type '{ name: string; id: string; description: string | null; price: number; estimatedMinutes: number; 
category: string; isActive: boolean; createdAt: Date; updatedAt: Date; }[]'.
        Type '{ id: string; name: string; description: string; price: Decimal; category: "Mec├ónica" | "El├⌐trica" | 
"Funilaria" | "Pintura"; estimatedMinutes: number; isActive: boolean; createdAt: Date; updatedAt: Date; }' is not 
assignable to type '{ name: string; id: string; description: string | null; price: number; estimatedMinutes: number; 
category: string; isActive: boolean; createdAt: Date; updatedAt: Date; }'.
          Types of property 'price' are incompatible.
            Type 'Decimal' is not assignable to type 'number'.

    [7m137[0m       serviceRepository.findMany.mockResolvedValue(mockServices);
    [7m   [0m [91m                                                   ~~~~~~~~~~~~[0m
    [96mtest/workshop/2-application/services/service.service.spec.ts[0m:[93m151[0m:[93m52[0m - 
[91merror[0m[90m TS2345: [0mArgument of type '{ id: string; name: string; description: string; price: Decimal; 
category: "Mec├ónica" | "El├⌐trica" | "Funilaria" | "Pintura"; estimatedMinutes: number; isActive: boolean; createdAt: 
Date; updatedAt: Date; }' is not assignable to parameter of type '{ name: string; id: string; description: string | 
null; price: number; estimatedMinutes: number; category: string; isActive: boolean; createdAt: Date; updatedAt: Date; 
} | Promise<{ ...; } | null> | null'.
      Type '{ id: string; name: string; description: string; price: Decimal; category: "Mec├ónica" | "El├⌐trica" | 
"Funilaria" | "Pintura"; estimatedMinutes: number; isActive: boolean; createdAt: Date; updatedAt: Date; }' is not 
assignable to type '{ name: string; id: string; description: string | null; price: number; estimatedMinutes: number; 
category: string; isActive: boolean; createdAt: Date; updatedAt: Date; }'.
        Types of property 'price' are incompatible.
          Type 'Decimal' is not assignable to type 'number'.

    [7m151[0m       serviceRepository.findById.mockResolvedValue(mockService);
    [7m   [0m [91m                                                   ~~~~~~~~~~~[0m
    [96mtest/workshop/2-application/services/service.service.spec.ts[0m:[93m180[0m:[93m58[0m - 
[91merror[0m[90m TS2345: [0mArgument of type '{ id: string; name: string; description: string; price: Decimal; 
category: "Mec├ónica" | "El├⌐trica" | "Funilaria" | "Pintura"; estimatedMinutes: number; isActive: boolean; createdAt: 
Date; updatedAt: Date; }[]' is not assignable to parameter of type '{ name: string; id: string; description: string | 
null; price: number; estimatedMinutes: number; category: string; isActive: boolean; createdAt: Date; updatedAt: Date; 
}[] | Promise<{ name: string; ... 7 more ...; updatedAt: Date; }[]>'.
      Type '{ id: string; name: string; description: string; price: Decimal; category: "Mec├ónica" | "El├⌐trica" | 
"Funilaria" | "Pintura"; estimatedMinutes: number; isActive: boolean; createdAt: Date; updatedAt: Date; }[]' is not 
assignable to type '{ name: string; id: string; description: string | null; price: number; estimatedMinutes: number; 
category: string; isActive: boolean; createdAt: Date; updatedAt: Date; }[]'.
        Type '{ id: string; name: string; description: string; price: Decimal; category: "Mec├ónica" | "El├⌐trica" | 
"Funilaria" | "Pintura"; estimatedMinutes: number; isActive: boolean; createdAt: Date; updatedAt: Date; }' is not 
assignable to type '{ name: string; id: string; description: string | null; price: number; estimatedMinutes: number; 
category: string; isActive: boolean; createdAt: Date; updatedAt: Date; }'.
          Types of property 'price' are incompatible.
            Type 'Decimal' is not assignable to type 'number'.

    [7m180[0m       serviceRepository.findByCategory.mockResolvedValue(mockServices);
    [7m   [0m [91m                                                         ~~~~~~~~~~~~[0m
    [96mtest/workshop/2-application/services/service.service.spec.ts[0m:[93m199[0m:[93m52[0m - 
[91merror[0m[90m TS2345: [0mArgument of type '{ id: string; name: string; description: string; price: Decimal; 
category: "Mec├ónica" | "El├⌐trica" | "Funilaria" | "Pintura"; estimatedMinutes: number; isActive: boolean; createdAt: 
Date; updatedAt: Date; }' is not assignable to parameter of type '{ name: string; id: string; description: string | 
null; price: number; estimatedMinutes: number; category: string; isActive: boolean; createdAt: Date; updatedAt: Date; 
} | Promise<{ ...; } | null> | null'.
      Type '{ id: string; name: string; description: string; price: Decimal; category: "Mec├ónica" | "El├⌐trica" | 
"Funilaria" | "Pintura"; estimatedMinutes: number; isActive: boolean; createdAt: Date; updatedAt: Date; }' is not 
assignable to type '{ name: string; id: string; description: string | null; price: number; estimatedMinutes: number; 
category: string; isActive: boolean; createdAt: Date; updatedAt: Date; }'.
        Types of property 'price' are incompatible.
          Type 'Decimal' is not assignable to type 'number'.

    [7m199[0m       serviceRepository.findById.mockResolvedValue(existingService);
    [7m   [0m [91m                                                   ~~~~~~~~~~~~~~~[0m
    [96mtest/workshop/2-application/services/service.service.spec.ts[0m:[93m200[0m:[93m50[0m - 
[91merror[0m[90m TS2345: [0mArgument of type '{ id: string; name: string; description: string; price: Decimal; 
category: "Mec├ónica" | "El├⌐trica" | "Funilaria" | "Pintura"; estimatedMinutes: number; isActive: boolean; createdAt: 
Date; updatedAt: Date; }' is not assignable to parameter of type '{ name: string; id: string; description: string | 
null; price: number; estimatedMinutes: number; category: string; isActive: boolean; createdAt: Date; updatedAt: Date; 
} | Promise<{ name: string; ... 7 more ...; updatedAt: Date; }>'.
      Type '{ id: string; name: string; description: string; price: Decimal; category: "Mec├ónica" | "El├⌐trica" | 
"Funilaria" | "Pintura"; estimatedMinutes: number; isActive: boolean; createdAt: Date; updatedAt: Date; }' is not 
assignable to type '{ name: string; id: string; description: string | null; price: number; estimatedMinutes: number; 
category: string; isActive: boolean; createdAt: Date; updatedAt: Date; }'.
        Types of property 'price' are incompatible.
          Type 'Decimal' is not assignable to type 'number'.

    [7m200[0m       serviceRepository.update.mockResolvedValue(updatedService);
    [7m   [0m [91m                                                 ~~~~~~~~~~~~~~[0m
    [96mtest/workshop/2-application/services/service.service.spec.ts[0m:[93m244[0m:[93m52[0m - 
[91merror[0m[90m TS2345: [0mArgument of type '{ id: string; name: string; description: string; price: Decimal; 
category: "Mec├ónica" | "El├⌐trica" | "Funilaria" | "Pintura"; estimatedMinutes: number; isActive: boolean; createdAt: 
Date; updatedAt: Date; }' is not assignable to parameter of type '{ name: string; id: string; description: string | 
null; price: number; estimatedMinutes: number; category: string; isActive: boolean; createdAt: Date; updatedAt: Date; 
} | Promise<{ ...; } | null> | null'.
      Type '{ id: string; name: string; description: string; price: Decimal; category: "Mec├ónica" | "El├⌐trica" | 
"Funilaria" | "Pintura"; estimatedMinutes: number; isActive: boolean; createdAt: Date; updatedAt: Date; }' is not 
assignable to type '{ name: string; id: string; description: string | null; price: number; estimatedMinutes: number; 
category: string; isActive: boolean; createdAt: Date; updatedAt: Date; }'.
        Types of property 'price' are incompatible.
          Type 'Decimal' is not assignable to type 'number'.

    [7m244[0m       serviceRepository.findById.mockResolvedValue(existingService);
    [7m   [0m [91m                                                   ~~~~~~~~~~~~~~~[0m
    [96mtest/workshop/2-application/services/service.service.spec.ts[0m:[93m245[0m:[93m54[0m - 
[91merror[0m[90m TS2345: [0mArgument of type '{ id: string; name: string; description: string; price: Decimal; 
category: "Mec├ónica" | "El├⌐trica" | "Funilaria" | "Pintura"; estimatedMinutes: number; isActive: boolean; createdAt: 
Date; updatedAt: Date; }' is not assignable to parameter of type '{ name: string; id: string; description: string | 
null; price: number; estimatedMinutes: number; category: string; isActive: boolean; createdAt: Date; updatedAt: Date; 
} | Promise<{ ...; } | null> | null'.
      Type '{ id: string; name: string; description: string; price: Decimal; category: "Mec├ónica" | "El├⌐trica" | 
"Funilaria" | "Pintura"; estimatedMinutes: number; isActive: boolean; createdAt: Date; updatedAt: Date; }' is not 
assignable to type '{ name: string; id: string; description: string | null; price: number; estimatedMinutes: number; 
category: string; isActive: boolean; createdAt: Date; updatedAt: Date; }'.
        Types of property 'price' are incompatible.
          Type 'Decimal' is not assignable to type 'number'.

    [7m245[0m       serviceRepository.findByName.mockResolvedValue(conflictService);
    [7m   [0m [91m                                                     ~~~~~~~~~~~~~~~[0m
    [96mtest/workshop/2-application/services/service.service.spec.ts[0m:[93m264[0m:[93m52[0m - 
[91merror[0m[90m TS2345: [0mArgument of type '{ id: string; name: string; description: string; price: Decimal; 
category: "Mec├ónica" | "El├⌐trica" | "Funilaria" | "Pintura"; estimatedMinutes: number; isActive: boolean; createdAt: 
Date; updatedAt: Date; }' is not assignable to parameter of type '{ name: string; id: string; description: string | 
null; price: number; estimatedMinutes: number; category: string; isActive: boolean; createdAt: Date; updatedAt: Date; 
} | Promise<{ ...; } | null> | null'.
      Type '{ id: string; name: string; description: string; price: Decimal; category: "Mec├ónica" | "El├⌐trica" | 
"Funilaria" | "Pintura"; estimatedMinutes: number; isActive: boolean; createdAt: Date; updatedAt: Date; }' is not 
assignable to type '{ name: string; id: string; description: string | null; price: number; estimatedMinutes: number; 
category: string; isActive: boolean; createdAt: Date; updatedAt: Date; }'.
        Types of property 'price' are incompatible.
          Type 'Decimal' is not assignable to type 'number'.

    [7m264[0m       serviceRepository.findById.mockResolvedValue(existingService);
    [7m   [0m [91m                                                   ~~~~~~~~~~~~~~~[0m
    [96mtest/workshop/2-application/services/service.service.spec.ts[0m:[93m265[0m:[93m50[0m - 
[91merror[0m[90m TS2345: [0mArgument of type '{ id: string; name: string; description: string; price: Decimal; 
category: "Mec├ónica" | "El├⌐trica" | "Funilaria" | "Pintura"; estimatedMinutes: number; isActive: boolean; createdAt: 
Date; updatedAt: Date; }' is not assignable to parameter of type '{ name: string; id: string; description: string | 
null; price: number; estimatedMinutes: number; category: string; isActive: boolean; createdAt: Date; updatedAt: Date; 
} | Promise<{ name: string; ... 7 more ...; updatedAt: Date; }>'.
      Type '{ id: string; name: string; description: string; price: Decimal; category: "Mec├ónica" | "El├⌐trica" | 
"Funilaria" | "Pintura"; estimatedMinutes: number; isActive: boolean; createdAt: Date; updatedAt: Date; }' is not 
assignable to type '{ name: string; id: string; description: string | null; price: number; estimatedMinutes: number; 
category: string; isActive: boolean; createdAt: Date; updatedAt: Date; }'.
        Types of property 'price' are incompatible.
          Type 'Decimal' is not assignable to type 'number'.

    [7m265[0m       serviceRepository.update.mockResolvedValue(existingService);
    [7m   [0m [91m                                                 ~~~~~~~~~~~~~~~[0m
    [96mtest/workshop/2-application/services/service.service.spec.ts[0m:[93m282[0m:[93m52[0m - 
[91merror[0m[90m TS2345: [0mArgument of type '{ id: string; name: string; description: string; price: Decimal; 
category: "Mec├ónica" | "El├⌐trica" | "Funilaria" | "Pintura"; estimatedMinutes: number; isActive: boolean; createdAt: 
Date; updatedAt: Date; }' is not assignable to parameter of type '{ name: string; id: string; description: string | 
null; price: number; estimatedMinutes: number; category: string; isActive: boolean; createdAt: Date; updatedAt: Date; 
} | Promise<{ ...; } | null> | null'.
      Type '{ id: string; name: string; description: string; price: Decimal; category: "Mec├ónica" | "El├⌐trica" | 
"Funilaria" | "Pintura"; estimatedMinutes: number; isActive: boolean; createdAt: Date; updatedAt: Date; }' is not 
assignable to type '{ name: string; id: string; description: string | null; price: number; estimatedMinutes: number; 
category: string; isActive: boolean; createdAt: Date; updatedAt: Date; }'.
        Types of property 'price' are incompatible.
          Type 'Decimal' is not assignable to type 'number'.

    [7m282[0m       serviceRepository.findById.mockResolvedValue(existingService);
    [7m   [0m [91m                                                   ~~~~~~~~~~~~~~~[0m
    [96mtest/workshop/2-application/services/service.service.spec.ts[0m:[93m283[0m:[93m50[0m - 
[91merror[0m[90m TS2345: [0mArgument of type '{ id: string; name: string; description: string; price: Decimal; 
category: "Mec├ónica" | "El├⌐trica" | "Funilaria" | "Pintura"; estimatedMinutes: number; isActive: boolean; createdAt: 
Date; updatedAt: Date; }' is not assignable to parameter of type '{ name: string; id: string; description: string | 
null; price: number; estimatedMinutes: number; category: string; isActive: boolean; createdAt: Date; updatedAt: Date; 
} | Promise<{ name: string; ... 7 more ...; updatedAt: Date; }>'.
      Type '{ id: string; name: string; description: string; price: Decimal; category: "Mec├ónica" | "El├⌐trica" | 
"Funilaria" | "Pintura"; estimatedMinutes: number; isActive: boolean; createdAt: Date; updatedAt: Date; }' is not 
assignable to type '{ name: string; id: string; description: string | null; price: number; estimatedMinutes: number; 
category: string; isActive: boolean; createdAt: Date; updatedAt: Date; }'.
        Types of property 'price' are incompatible.
          Type 'Decimal' is not assignable to type 'number'.

    [7m283[0m       serviceRepository.update.mockResolvedValue(updatedService);
    [7m   [0m [91m                                                 ~~~~~~~~~~~~~~[0m
    [96mtest/workshop/2-application/services/service.service.spec.ts[0m:[93m305[0m:[93m52[0m - 
[91merror[0m[90m TS2345: [0mArgument of type '{ id: string; name: string; description: string; price: Decimal; 
category: "Mec├ónica" | "El├⌐trica" | "Funilaria" | "Pintura"; estimatedMinutes: number; isActive: boolean; createdAt: 
Date; updatedAt: Date; }' is not assignable to parameter of type '{ name: string; id: string; description: string | 
null; price: number; estimatedMinutes: number; category: string; isActive: boolean; createdAt: Date; updatedAt: Date; 
} | Promise<{ ...; } | null> | null'.
      Type '{ id: string; name: string; description: string; price: Decimal; category: "Mec├ónica" | "El├⌐trica" | 
"Funilaria" | "Pintura"; estimatedMinutes: number; isActive: boolean; createdAt: Date; updatedAt: Date; }' is not 
assignable to type '{ name: string; id: string; description: string | null; price: number; estimatedMinutes: number; 
category: string; isActive: boolean; createdAt: Date; updatedAt: Date; }'.
        Types of property 'price' are incompatible.
          Type 'Decimal' is not assignable to type 'number'.

    [7m305[0m       serviceRepository.findById.mockResolvedValue(existingService);
    [7m   [0m [91m                                                   ~~~~~~~~~~~~~~~[0m
    [96mtest/workshop/2-application/services/service.service.spec.ts[0m:[93m306[0m:[93m50[0m - 
[91merror[0m[90m TS2345: [0mArgument of type '{ isActive: boolean; id: string; name: string; description: string; 
price: Decimal; category: "Mec├ónica" | "El├⌐trica" | "Funilaria" | "Pintura"; estimatedMinutes: number; createdAt: 
Date; updatedAt: Date; }' is not assignable to parameter of type '{ name: string; id: string; description: string | 
null; price: number; estimatedMinutes: number; category: string; isActive: boolean; createdAt: Date; updatedAt: Date; 
} | Promise<{ name: string; ... 7 more ...; updatedAt: Date; }>'.
      Type '{ isActive: boolean; id: string; name: string; description: string; price: Decimal; category: "Mec├ónica" 
| "El├⌐trica" | "Funilaria" | "Pintura"; estimatedMinutes: number; createdAt: Date; updatedAt: Date; }' is not 
assignable to type '{ name: string; id: string; description: string | null; price: number; estimatedMinutes: number; 
category: string; isActive: boolean; createdAt: Date; updatedAt: Date; }'.
        Types of property 'price' are incompatible.
          Type 'Decimal' is not assignable to type 'number'.

    [7m306[0m       serviceRepository.update.mockResolvedValue(deactivatedService);
    [7m   [0m [91m                                                 ~~~~~~~~~~~~~~~~~~[0m

FAIL test/workshop/2-application/services/service-stats.service.spec.ts
  ΓùÅ Test suite failed to run

    [96mtest/workshop/2-application/services/service-stats.service.spec.ts[0m:[93m35[0m:[93m32[0m - 
[91merror[0m[90m TS2339: [0mProperty 'FINALIZADA' does not exist on type 'typeof ServiceOrderStatus'.

    [7m35[0m     status: ServiceOrderStatus.FINALIZADA,
    [7m  [0m [91m                               ~~~~~~~~~~[0m
    [96mtest/workshop/2-application/services/service-stats.service.spec.ts[0m:[93m109[0m:[93m69[0m - 
[91merror[0m[90m TS2322: [0mType '{ id: string; orderNumber: string; customerId: string; vehicleId: string; 
mechanicId: string; status: any; estimatedTimeHours: Decimal; totalServicePrice: Decimal; totalPartsPrice: Decimal; 
... 8 more ...; description: string; }' is not assignable to type '{ id: string; description: string; createdAt: Date; 
updatedAt: Date; orderNumber: string; customerId: string; vehicleId: string; mechanicId: string | null; status: 
string; totalServicePrice: number; ... 7 more ...; approvedAt: Date | null; }'.
      Types of property 'totalServicePrice' are incompatible.
        Type 'Decimal' is not assignable to type 'number'.

    [7m109[0m       serviceOrderRepository.findCompletedOrders.mockResolvedValue([mockOrder]);
    [7m   [0m [91m                                                                    ~~~~~~~~~[0m
    [96mtest/workshop/2-application/services/service-stats.service.spec.ts[0m:[93m110[0m:[93m52[0m - 
[91merror[0m[90m TS2322: [0mType '{ id: string; name: string; description: string; price: Decimal; category: 
string; estimatedMinutes: number; isActive: boolean; createdAt: Date; updatedAt: Date; }' is not assignable to type '{ 
name: string; id: string; description: string | null; price: number; estimatedMinutes: number; category: string; 
isActive: boolean; createdAt: Date; updatedAt: Date; }'.
      Types of property 'price' are incompatible.
        Type 'Decimal' is not assignable to type 'number'.

    [7m110[0m       serviceRepository.findAll.mockResolvedValue([mockService]);
    [7m   [0m [91m                                                   ~~~~~~~~~~~[0m
    [96mtest/workshop/2-application/services/service-stats.service.spec.ts[0m:[93m137[0m:[93m69[0m - 
[91merror[0m[90m TS2322: [0mType '{ startedAt: null; completedAt: null; id: string; orderNumber: string; 
customerId: string; vehicleId: string; mechanicId: string; status: any; estimatedTimeHours: Decimal; 
totalServicePrice: Decimal; ... 7 more ...; description: string; }' is not assignable to type '{ id: string; 
description: string; createdAt: Date; updatedAt: Date; orderNumber: string; customerId: string; vehicleId: string; 
mechanicId: string | null; status: string; totalServicePrice: number; ... 7 more ...; approvedAt: Date | null; }'.
      Types of property 'totalServicePrice' are incompatible.
        Type 'Decimal' is not assignable to type 'number'.

    [7m137[0m       serviceOrderRepository.findCompletedOrders.mockResolvedValue([mockOrder]);
    [7m   [0m [91m                                                                    ~~~~~~~~~[0m
    [96mtest/workshop/2-application/services/service-stats.service.spec.ts[0m:[93m138[0m:[93m52[0m - 
[91merror[0m[90m TS2322: [0mType '{ id: string; name: string; description: string; price: Decimal; category: 
string; estimatedMinutes: number; isActive: boolean; createdAt: Date; updatedAt: Date; }' is not assignable to type '{ 
name: string; id: string; description: string | null; price: number; estimatedMinutes: number; category: string; 
isActive: boolean; createdAt: Date; updatedAt: Date; }'.
      Types of property 'price' are incompatible.
        Type 'Decimal' is not assignable to type 'number'.

    [7m138[0m       serviceRepository.findAll.mockResolvedValue([mockService]);
    [7m   [0m [91m                                                   ~~~~~~~~~~~[0m
    [96mtest/workshop/2-application/services/service-stats.service.spec.ts[0m:[93m171[0m:[93m69[0m - 
[91merror[0m[90m TS2322: [0mType '{ id: string; orderNumber: string; customerId: string; vehicleId: string; 
mechanicId: string; status: any; estimatedTimeHours: Decimal; totalServicePrice: Decimal; totalPartsPrice: Decimal; 
... 8 more ...; description: string; }' is not assignable to type '{ id: string; description: string; createdAt: Date; 
updatedAt: Date; orderNumber: string; customerId: string; vehicleId: string; mechanicId: string | null; status: 
string; totalServicePrice: number; ... 7 more ...; approvedAt: Date | null; }'.
      Types of property 'totalServicePrice' are incompatible.
        Type 'Decimal' is not assignable to type 'number'.

    [7m171[0m       serviceOrderRepository.findCompletedOrders.mockResolvedValue([mockOrder]);
    [7m   [0m [91m                                                                    ~~~~~~~~~[0m
    [96mtest/workshop/2-application/services/service-stats.service.spec.ts[0m:[93m210[0m:[93m69[0m - 
[91merror[0m[90m TS2322: [0mType '{ id: string; orderNumber: string; customerId: string; vehicleId: string; 
mechanicId: string; status: any; estimatedTimeHours: Decimal; totalServicePrice: Decimal; totalPartsPrice: Decimal; 
... 8 more ...; description: string; }' is not assignable to type '{ id: string; description: string; createdAt: Date; 
updatedAt: Date; orderNumber: string; customerId: string; vehicleId: string; mechanicId: string | null; status: 
string; totalServicePrice: number; ... 7 more ...; approvedAt: Date | null; }'.
      Types of property 'totalServicePrice' are incompatible.
        Type 'Decimal' is not assignable to type 'number'.

    [7m210[0m       serviceOrderRepository.findCompletedOrders.mockResolvedValue([mockOrder]);
    [7m   [0m [91m                                                                    ~~~~~~~~~[0m
    [96mtest/workshop/2-application/services/service-stats.service.spec.ts[0m:[93m211[0m:[93m52[0m - 
[91merror[0m[90m TS2322: [0mType '{ id: string; name: string; description: string; price: Decimal; category: 
string; estimatedMinutes: number; isActive: boolean; createdAt: Date; updatedAt: Date; }' is not assignable to type '{ 
name: string; id: string; description: string | null; price: number; estimatedMinutes: number; category: string; 
isActive: boolean; createdAt: Date; updatedAt: Date; }'.
      Types of property 'price' are incompatible.
        Type 'Decimal' is not assignable to type 'number'.

    [7m211[0m       serviceRepository.findAll.mockResolvedValue([mockService1, mockService2]);
    [7m   [0m [91m                                                   ~~~~~~~~~~~~[0m
    [96mtest/workshop/2-application/services/service-stats.service.spec.ts[0m:[93m211[0m:[93m66[0m - 
[91merror[0m[90m TS2322: [0mType '{ id: string; name: string; description: string; price: Decimal; category: 
string; estimatedMinutes: number; isActive: boolean; createdAt: Date; updatedAt: Date; }' is not assignable to type '{ 
name: string; id: string; description: string | null; price: number; estimatedMinutes: number; category: string; 
isActive: boolean; createdAt: Date; updatedAt: Date; }'.
      Types of property 'price' are incompatible.
        Type 'Decimal' is not assignable to type 'number'.

    [7m211[0m       serviceRepository.findAll.mockResolvedValue([mockService1, mockService2]);
    [7m   [0m [91m                                                                 ~~~~~~~~~~~~[0m
    [96mtest/workshop/2-application/services/service-stats.service.spec.ts[0m:[93m263[0m:[93m9[0m - 
[91merror[0m[90m TS2322: [0mType '{ id: string; orderNumber: string; customerId: string; vehicleId: string; 
mechanicId: string; status: any; estimatedTimeHours: Decimal; totalServicePrice: Decimal; totalPartsPrice: Decimal; 
... 8 more ...; description: string; }' is not assignable to type '{ id: string; description: string; createdAt: Date; 
updatedAt: Date; orderNumber: string; customerId: string; vehicleId: string; mechanicId: string | null; status: 
string; totalServicePrice: number; ... 7 more ...; approvedAt: Date | null; }'.
      Types of property 'totalServicePrice' are incompatible.
        Type 'Decimal' is not assignable to type 'number'.

    [7m263[0m         mockOrder1,
    [7m   [0m [91m        ~~~~~~~~~~[0m
    [96mtest/workshop/2-application/services/service-stats.service.spec.ts[0m:[93m264[0m:[93m9[0m - 
[91merror[0m[90m TS2322: [0mType '{ id: string; orderNumber: string; customerId: string; vehicleId: string; 
mechanicId: string; status: any; estimatedTimeHours: Decimal; totalServicePrice: Decimal; totalPartsPrice: Decimal; 
... 8 more ...; description: string; }' is not assignable to type '{ id: string; description: string; createdAt: Date; 
updatedAt: Date; orderNumber: string; customerId: string; vehicleId: string; mechanicId: string | null; status: 
string; totalServicePrice: number; ... 7 more ...; approvedAt: Date | null; }'.
      Types of property 'totalServicePrice' are incompatible.
        Type 'Decimal' is not assignable to type 'number'.

    [7m264[0m         mockOrder2,
    [7m   [0m [91m        ~~~~~~~~~~[0m
    [96mtest/workshop/2-application/services/service-stats.service.spec.ts[0m:[93m266[0m:[93m52[0m - 
[91merror[0m[90m TS2322: [0mType '{ id: string; name: string; description: string; price: Decimal; category: 
string; estimatedMinutes: number; isActive: boolean; createdAt: Date; updatedAt: Date; }' is not assignable to type '{ 
name: string; id: string; description: string | null; price: number; estimatedMinutes: number; category: string; 
isActive: boolean; createdAt: Date; updatedAt: Date; }'.
      Types of property 'price' are incompatible.
        Type 'Decimal' is not assignable to type 'number'.

    [7m266[0m       serviceRepository.findAll.mockResolvedValue([mockService1, mockService2]);
    [7m   [0m [91m                                                   ~~~~~~~~~~~~[0m
    [96mtest/workshop/2-application/services/service-stats.service.spec.ts[0m:[93m266[0m:[93m66[0m - 
[91merror[0m[90m TS2322: [0mType '{ id: string; name: string; description: string; price: Decimal; category: 
string; estimatedMinutes: number; isActive: boolean; createdAt: Date; updatedAt: Date; }' is not assignable to type '{ 
name: string; id: string; description: string | null; price: number; estimatedMinutes: number; category: string; 
isActive: boolean; createdAt: Date; updatedAt: Date; }'.
      Types of property 'price' are incompatible.
        Type 'Decimal' is not assignable to type 'number'.

    [7m266[0m       serviceRepository.findAll.mockResolvedValue([mockService1, mockService2]);
    [7m   [0m [91m                                                                 ~~~~~~~~~~~~[0m
    [96mtest/workshop/2-application/services/service-stats.service.spec.ts[0m:[93m298[0m:[93m69[0m - 
[91merror[0m[90m TS2322: [0mType '{ id: string; orderNumber: string; customerId: string; vehicleId: string; 
mechanicId: string; status: any; estimatedTimeHours: Decimal; totalServicePrice: Decimal; totalPartsPrice: Decimal; 
... 8 more ...; description: string; }' is not assignable to type '{ id: string; description: string; createdAt: Date; 
updatedAt: Date; orderNumber: string; customerId: string; vehicleId: string; mechanicId: string | null; status: 
string; totalServicePrice: number; ... 7 more ...; approvedAt: Date | null; }'.
      Types of property 'totalServicePrice' are incompatible.
        Type 'Decimal' is not assignable to type 'number'.

    [7m298[0m       serviceOrderRepository.findCompletedOrders.mockResolvedValue([mockOrder]);
    [7m   [0m [91m                                                                    ~~~~~~~~~[0m
    [96mtest/workshop/2-application/services/service-stats.service.spec.ts[0m:[93m299[0m:[93m52[0m - 
[91merror[0m[90m TS2322: [0mType '{ estimatedMinutes: number; id: string; name: string; description: string; 
price: Decimal; category: string; isActive: boolean; createdAt: Date; updatedAt: Date; }' is not assignable to type '{ 
name: string; id: string; description: string | null; price: number; estimatedMinutes: number; category: string; 
isActive: boolean; createdAt: Date; updatedAt: Date; }'.
      Types of property 'price' are incompatible.
        Type 'Decimal' is not assignable to type 'number'.

    [7m299[0m       serviceRepository.findAll.mockResolvedValue([mockService]);
    [7m   [0m [91m                                                   ~~~~~~~~~~~[0m
    [96mtest/workshop/2-application/services/service-stats.service.spec.ts[0m:[93m317[0m:[93m69[0m - 
[91merror[0m[90m TS2322: [0mType '{ id: string; orderNumber: string; customerId: string; vehicleId: string; 
mechanicId: string; status: any; estimatedTimeHours: Decimal; totalServicePrice: Decimal; totalPartsPrice: Decimal; 
... 8 more ...; description: string; }' is not assignable to type '{ id: string; description: string; createdAt: Date; 
updatedAt: Date; orderNumber: string; customerId: string; vehicleId: string; mechanicId: string | null; status: 
string; totalServicePrice: number; ... 7 more ...; approvedAt: Date | null; }'.
      Types of property 'totalServicePrice' are incompatible.
        Type 'Decimal' is not assignable to type 'number'.

    [7m317[0m       serviceOrderRepository.findCompletedOrders.mockResolvedValue([mockOrder]);
    [7m   [0m [91m                                                                    ~~~~~~~~~[0m
    [96mtest/workshop/2-application/services/service-stats.service.spec.ts[0m:[93m353[0m:[93m9[0m - 
[91merror[0m[90m TS2322: [0mType '{ id: string; orderNumber: string; customerId: string; vehicleId: string; 
mechanicId: string; status: any; estimatedTimeHours: Decimal; totalServicePrice: Decimal; totalPartsPrice: Decimal; 
... 8 more ...; description: string; }' is not assignable to type '{ id: string; description: string; createdAt: Date; 
updatedAt: Date; orderNumber: string; customerId: string; vehicleId: string; mechanicId: string | null; status: 
string; totalServicePrice: number; ... 7 more ...; approvedAt: Date | null; }'.
      Types of property 'totalServicePrice' are incompatible.
        Type 'Decimal' is not assignable to type 'number'.

    [7m353[0m         validOrder,
    [7m   [0m [91m        ~~~~~~~~~~[0m
    [96mtest/workshop/2-application/services/service-stats.service.spec.ts[0m:[93m354[0m:[93m9[0m - 
[91merror[0m[90m TS2322: [0mType '{ startedAt: null; completedAt: null; id: string; orderNumber: string; 
customerId: string; vehicleId: string; mechanicId: string; status: any; estimatedTimeHours: Decimal; 
totalServicePrice: Decimal; ... 7 more ...; description: string; }' is not assignable to type '{ id: string; 
description: string; createdAt: Date; updatedAt: Date; orderNumber: string; customerId: string; vehicleId: string; 
mechanicId: string | null; status: string; totalServicePrice: number; ... 7 more ...; approvedAt: Date | null; }'.
      Types of property 'totalServicePrice' are incompatible.
        Type 'Decimal' is not assignable to type 'number'.

    [7m354[0m         invalidOrder,
    [7m   [0m [91m        ~~~~~~~~~~~~[0m
    [96mtest/workshop/2-application/services/service-stats.service.spec.ts[0m:[93m371[0m:[93m69[0m - 
[91merror[0m[90m TS2322: [0mType '{ estimatedTimeHours: Decimal; id: string; orderNumber: string; customerId: 
string; vehicleId: string; mechanicId: string; status: any; totalServicePrice: Decimal; totalPartsPrice: Decimal; ... 
8 more ...; description: string; }' is not assignable to type '{ id: string; description: string; createdAt: Date; 
updatedAt: Date; orderNumber: string; customerId: string; vehicleId: string; mechanicId: string | null; status: 
string; totalServicePrice: number; ... 7 more ...; approvedAt: Date | null; }'.
      Types of property 'totalServicePrice' are incompatible.
        Type 'Decimal' is not assignable to type 'number'.

    [7m371[0m       serviceOrderRepository.findCompletedOrders.mockResolvedValue([mockOrder]);
    [7m   [0m [91m                                                                    ~~~~~~~~~[0m
    [96mtest/workshop/2-application/services/service-stats.service.spec.ts[0m:[93m387[0m:[93m69[0m - 
[91merror[0m[90m TS2322: [0mType '{ estimatedTimeHours: Decimal; id: string; orderNumber: string; customerId: 
string; vehicleId: string; mechanicId: string; status: any; totalServicePrice: Decimal; totalPartsPrice: Decimal; ... 
8 more ...; description: string; }' is not assignable to type '{ id: string; description: string; createdAt: Date; 
updatedAt: Date; orderNumber: string; customerId: string; vehicleId: string; mechanicId: string | null; status: 
string; totalServicePrice: number; ... 7 more ...; approvedAt: Date | null; }'.
      Types of property 'totalServicePrice' are incompatible.
        Type 'Decimal' is not assignable to type 'number'.

    [7m387[0m       serviceOrderRepository.findCompletedOrders.mockResolvedValue([mockOrder]);
    [7m   [0m [91m                                                                    ~~~~~~~~~[0m
    [96mtest/workshop/2-application/services/service-stats.service.spec.ts[0m:[93m414[0m:[93m69[0m - 
[91merror[0m[90m TS2322: [0mType '{ id: string; orderNumber: string; customerId: string; vehicleId: string; 
mechanicId: string; status: any; estimatedTimeHours: Decimal; totalServicePrice: Decimal; totalPartsPrice: Decimal; 
... 8 more ...; description: string; }' is not assignable to type '{ id: string; description: string; createdAt: Date; 
updatedAt: Date; orderNumber: string; customerId: string; vehicleId: string; mechanicId: string | null; status: 
string; totalServicePrice: number; ... 7 more ...; approvedAt: Date | null; }'.
      Types of property 'totalServicePrice' are incompatible.
        Type 'Decimal' is not assignable to type 'number'.

    [7m414[0m       serviceOrderRepository.findCompletedOrders.mockResolvedValue([mockOrder]);
    [7m   [0m [91m                                                                    ~~~~~~~~~[0m
    [96mtest/workshop/2-application/services/service-stats.service.spec.ts[0m:[93m415[0m:[93m52[0m - 
[91merror[0m[90m TS2322: [0mType '{ id: string; name: string; description: string; price: Decimal; category: 
string; estimatedMinutes: number; isActive: boolean; createdAt: Date; updatedAt: Date; }' is not assignable to type '{ 
name: string; id: string; description: string | null; price: number; estimatedMinutes: number; category: string; 
isActive: boolean; createdAt: Date; updatedAt: Date; }'.
      Types of property 'price' are incompatible.
        Type 'Decimal' is not assignable to type 'number'.

    [7m415[0m       serviceRepository.findAll.mockResolvedValue([mockService]);
    [7m   [0m [91m                                                   ~~~~~~~~~~~[0m
    [96mtest/workshop/2-application/services/service-stats.service.spec.ts[0m:[93m456[0m:[93m69[0m - 
[91merror[0m[90m TS2322: [0mType '{ id: string; orderNumber: string; customerId: string; vehicleId: string; 
mechanicId: string; status: any; estimatedTimeHours: Decimal; totalServicePrice: Decimal; totalPartsPrice: Decimal; 
... 8 more ...; description: string; }' is not assignable to type '{ id: string; description: string; createdAt: Date; 
updatedAt: Date; orderNumber: string; customerId: string; vehicleId: string; mechanicId: string | null; status: 
string; totalServicePrice: number; ... 7 more ...; approvedAt: Date | null; }'.
      Types of property 'totalServicePrice' are incompatible.
        Type 'Decimal' is not assignable to type 'number'.

    [7m456[0m       serviceOrderRepository.findCompletedOrders.mockResolvedValue([mockOrder]);
    [7m   [0m [91m                                                                    ~~~~~~~~~[0m
    [96mtest/workshop/2-application/services/service-stats.service.spec.ts[0m:[93m457[0m:[93m52[0m - 
[91merror[0m[90m TS2322: [0mType '{ id: string; name: string; description: string; price: Decimal; category: 
string; estimatedMinutes: number; isActive: boolean; createdAt: Date; updatedAt: Date; }' is not assignable to type '{ 
name: string; id: string; description: string | null; price: number; estimatedMinutes: number; category: string; 
isActive: boolean; createdAt: Date; updatedAt: Date; }'.
      Types of property 'price' are incompatible.
        Type 'Decimal' is not assignable to type 'number'.

    [7m457[0m       serviceRepository.findAll.mockResolvedValue([mockService]);
    [7m   [0m [91m                                                   ~~~~~~~~~~~[0m
    [96mtest/workshop/2-application/services/service-stats.service.spec.ts[0m:[93m513[0m:[93m9[0m - 
[91merror[0m[90m TS2345: [0mArgument of type '{ id: string; orderNumber: string; customerId: string; vehicleId: 
string; mechanicId: string; status: any; estimatedTimeHours: Decimal; totalServicePrice: Decimal; totalPartsPrice: 
Decimal; ... 8 more ...; description: string; }[]' is not assignable to parameter of type '{ id: string; description: 
string; createdAt: Date; updatedAt: Date; orderNumber: string; customerId: string; vehicleId: string; mechanicId: 
string | null; status: string; totalServicePrice: number; ... 7 more ...; approvedAt: Date | null; }[] | Promise<...>'.
      Type '{ id: string; orderNumber: string; customerId: string; vehicleId: string; mechanicId: string; status: any; 
estimatedTimeHours: Decimal; totalServicePrice: Decimal; totalPartsPrice: Decimal; ... 8 more ...; description: 
string; }[]' is not assignable to type '{ id: string; description: string; createdAt: Date; updatedAt: Date; 
orderNumber: string; customerId: string; vehicleId: string; mechanicId: string | null; status: string; 
totalServicePrice: number; ... 7 more ...; approvedAt: Date | null; }[]'.
        Type '{ id: string; orderNumber: string; customerId: string; vehicleId: string; mechanicId: string; status: 
any; estimatedTimeHours: Decimal; totalServicePrice: Decimal; totalPartsPrice: Decimal; ... 8 more ...; description: 
string; }' is not assignable to type '{ id: string; description: string; createdAt: Date; updatedAt: Date; 
orderNumber: string; customerId: string; vehicleId: string; mechanicId: string | null; status: string; 
totalServicePrice: number; ... 7 more ...; approvedAt: Date | null; }'.
          Types of property 'totalServicePrice' are incompatible.
            Type 'Decimal' is not assignable to type 'number'.

    [7m513[0m         mockOrders.map((o) => o.order),
    [7m   [0m [91m        ~~~~~~~~~~~~~~~~~~~~~~~~~~~~~~[0m
    [96mtest/workshop/2-application/services/service-stats.service.spec.ts[0m:[93m515[0m:[93m51[0m - 
[91merror[0m[90m TS2345: [0mArgument of type '{ id: string; name: string; description: string; price: Decimal; 
category: string; estimatedMinutes: number; isActive: boolean; createdAt: Date; updatedAt: Date; }[]' is not 
assignable to parameter of type '{ name: string; id: string; description: string | null; price: number; 
estimatedMinutes: number; category: string; isActive: boolean; createdAt: Date; updatedAt: Date; }[] | Promise<{ name: 
string; ... 7 more ...; updatedAt: Date; }[]>'.
      Type '{ id: string; name: string; description: string; price: Decimal; category: string; estimatedMinutes: 
number; isActive: boolean; createdAt: Date; updatedAt: Date; }[]' is not assignable to type '{ name: string; id: 
string; description: string | null; price: number; estimatedMinutes: number; category: string; isActive: boolean; 
createdAt: Date; updatedAt: Date; }[]'.
        Type '{ id: string; name: string; description: string; price: Decimal; category: string; estimatedMinutes: 
number; isActive: boolean; createdAt: Date; updatedAt: Date; }' is not assignable to type '{ name: string; id: string; 
description: string | null; price: number; estimatedMinutes: number; category: string; isActive: boolean; createdAt: 
Date; updatedAt: Date; }'.
          Types of property 'price' are incompatible.
            Type 'Decimal' is not assignable to type 'number'.

    [7m515[0m       serviceRepository.findAll.mockResolvedValue(mockServices);
    [7m   [0m [91m                                                  ~~~~~~~~~~~~[0m
    [96mtest/workshop/2-application/services/service-stats.service.spec.ts[0m:[93m552[0m:[93m9[0m - 
[91merror[0m[90m TS2345: [0mArgument of type '{ id: string; orderNumber: string; customerId: string; vehicleId: 
string; mechanicId: string; status: any; estimatedTimeHours: Decimal; totalServicePrice: Decimal; totalPartsPrice: 
Decimal; ... 8 more ...; description: string; }[]' is not assignable to parameter of type '{ id: string; description: 
string; createdAt: Date; updatedAt: Date; orderNumber: string; customerId: string; vehicleId: string; mechanicId: 
string | null; status: string; totalServicePrice: number; ... 7 more ...; approvedAt: Date | null; }[] | Promise<...>'.
      Type '{ id: string; orderNumber: string; customerId: string; vehicleId: string; mechanicId: string; status: any; 
estimatedTimeHours: Decimal; totalServicePrice: Decimal; totalPartsPrice: Decimal; ... 8 more ...; description: 
string; }[]' is not assignable to type '{ id: string; description: string; createdAt: Date; updatedAt: Date; 
orderNumber: string; customerId: string; vehicleId: string; mechanicId: string | null; status: string; 
totalServicePrice: number; ... 7 more ...; approvedAt: Date | null; }[]'.
        Type '{ id: string; orderNumber: string; customerId: string; vehicleId: string; mechanicId: string; status: 
any; estimatedTimeHours: Decimal; totalServicePrice: Decimal; totalPartsPrice: Decimal; ... 8 more ...; description: 
string; }' is not assignable to type '{ id: string; description: string; createdAt: Date; updatedAt: Date; 
orderNumber: string; customerId: string; vehicleId: string; mechanicId: string | null; status: string; 
totalServicePrice: number; ... 7 more ...; approvedAt: Date | null; }'.
          Types of property 'totalServicePrice' are incompatible.
            Type 'Decimal' is not assignable to type 'number'.

    [7m552[0m         mockOrders.map((o) => o.order),
    [7m   [0m [91m        ~~~~~~~~~~~~~~~~~~~~~~~~~~~~~~[0m
    [96mtest/workshop/2-application/services/service-stats.service.spec.ts[0m:[93m554[0m:[93m51[0m - 
[91merror[0m[90m TS2345: [0mArgument of type '{ id: string; name: string; description: string; price: Decimal; 
category: string; estimatedMinutes: number; isActive: boolean; createdAt: Date; updatedAt: Date; }[]' is not 
assignable to parameter of type '{ name: string; id: string; description: string | null; price: number; 
estimatedMinutes: number; category: string; isActive: boolean; createdAt: Date; updatedAt: Date; }[] | Promise<{ name: 
string; ... 7 more ...; updatedAt: Date; }[]>'.
      Type '{ id: string; name: string; description: string; price: Decimal; category: string; estimatedMinutes: 
number; isActive: boolean; createdAt: Date; updatedAt: Date; }[]' is not assignable to type '{ name: string; id: 
string; description: string | null; price: number; estimatedMinutes: number; category: string; isActive: boolean; 
createdAt: Date; updatedAt: Date; }[]'.
        Type '{ id: string; name: string; description: string; price: Decimal; category: string; estimatedMinutes: 
number; isActive: boolean; createdAt: Date; updatedAt: Date; }' is not assignable to type '{ name: string; id: string; 
description: string | null; price: number; estimatedMinutes: number; category: string; isActive: boolean; createdAt: 
Date; updatedAt: Date; }'.
          Types of property 'price' are incompatible.
            Type 'Decimal' is not assignable to type 'number'.

    [7m554[0m       serviceRepository.findAll.mockResolvedValue(mockServices);
    [7m   [0m [91m                                                  ~~~~~~~~~~~~[0m
    [96mtest/workshop/2-application/services/service-stats.service.spec.ts[0m:[93m593[0m:[93m9[0m - 
[91merror[0m[90m TS2345: [0mArgument of type '{ id: string; orderNumber: string; customerId: string; vehicleId: 
string; mechanicId: string; status: any; estimatedTimeHours: Decimal; totalServicePrice: Decimal; totalPartsPrice: 
Decimal; ... 8 more ...; description: string; }[]' is not assignable to parameter of type '{ id: string; description: 
string; createdAt: Date; updatedAt: Date; orderNumber: string; customerId: string; vehicleId: string; mechanicId: 
string | null; status: string; totalServicePrice: number; ... 7 more ...; approvedAt: Date | null; }[] | Promise<...>'.
      Type '{ id: string; orderNumber: string; customerId: string; vehicleId: string; mechanicId: string; status: any; 
estimatedTimeHours: Decimal; totalServicePrice: Decimal; totalPartsPrice: Decimal; ... 8 more ...; description: 
string; }[]' is not assignable to type '{ id: string; description: string; createdAt: Date; updatedAt: Date; 
orderNumber: string; customerId: string; vehicleId: string; mechanicId: string | null; status: string; 
totalServicePrice: number; ... 7 more ...; approvedAt: Date | null; }[]'.
        Type '{ id: string; orderNumber: string; customerId: string; vehicleId: string; mechanicId: string; status: 
any; estimatedTimeHours: Decimal; totalServicePrice: Decimal; totalPartsPrice: Decimal; ... 8 more ...; description: 
string; }' is not assignable to type '{ id: string; description: string; createdAt: Date; updatedAt: Date; 
orderNumber: string; customerId: string; vehicleId: string; mechanicId: string | null; status: string; 
totalServicePrice: number; ... 7 more ...; approvedAt: Date | null; }'.
          Types of property 'totalServicePrice' are incompatible.
            Type 'Decimal' is not assignable to type 'number'.

    [7m593[0m         mockOrders.map((o) => o.order),
    [7m   [0m [91m        ~~~~~~~~~~~~~~~~~~~~~~~~~~~~~~[0m
    [96mtest/workshop/2-application/services/service-stats.service.spec.ts[0m:[93m595[0m:[93m51[0m - 
[91merror[0m[90m TS2345: [0mArgument of type '{ id: string; name: string; description: string; price: Decimal; 
category: string; estimatedMinutes: number; isActive: boolean; createdAt: Date; updatedAt: Date; }[]' is not 
assignable to parameter of type '{ name: string; id: string; description: string | null; price: number; 
estimatedMinutes: number; category: string; isActive: boolean; createdAt: Date; updatedAt: Date; }[] | Promise<{ name: 
string; ... 7 more ...; updatedAt: Date; }[]>'.
      Type '{ id: string; name: string; description: string; price: Decimal; category: string; estimatedMinutes: 
number; isActive: boolean; createdAt: Date; updatedAt: Date; }[]' is not assignable to type '{ name: string; id: 
string; description: string | null; price: number; estimatedMinutes: number; category: string; isActive: boolean; 
createdAt: Date; updatedAt: Date; }[]'.
        Type '{ id: string; name: string; description: string; price: Decimal; category: string; estimatedMinutes: 
number; isActive: boolean; createdAt: Date; updatedAt: Date; }' is not assignable to type '{ name: string; id: string; 
description: string | null; price: number; estimatedMinutes: number; category: string; isActive: boolean; createdAt: 
Date; updatedAt: Date; }'.
          Types of property 'price' are incompatible.
            Type 'Decimal' is not assignable to type 'number'.

    [7m595[0m       serviceRepository.findAll.mockResolvedValue(mockServices);
    [7m   [0m [91m                                                  ~~~~~~~~~~~~[0m

FAIL test/workshop/2-application/services/service-order.service.spec.ts
  ΓùÅ Test suite failed to run

    [96mtest/workshop/2-application/services/service-order.service.spec.ts[0m:[93m25[0m:[93m32[0m - 
[91merror[0m[90m TS2339: [0mProperty 'RECEBIDA' does not exist on type 'typeof ServiceOrderStatus'.

    [7m25[0m     status: ServiceOrderStatus.RECEBIDA,
    [7m  [0m [91m                               ~~~~~~~~[0m
    [96mtest/workshop/2-application/services/service-order.service.spec.ts[0m:[93m42[0m:[93m11[0m - 
[91merror[0m[90m TS2304: [0mCannot find name 'CustomerType'.

    [7m42[0m     type: CustomerType.PESSOA_FISICA,
    [7m  [0m [91m          ~~~~~~~~~~~~[0m
    [96mtest/workshop/2-application/services/service-order.service.spec.ts[0m:[93m387[0m:[93m34[0m - 
[91merror[0m[90m TS2339: [0mProperty 'EM_EXECUCAO' does not exist on type 'typeof ServiceOrderStatus'.

    [7m387[0m       status: ServiceOrderStatus.EM_EXECUCAO,
    [7m   [0m [91m                                 ~~~~~~~~~~~[0m
    [96mtest/workshop/2-application/services/service-order.service.spec.ts[0m:[93m394[0m:[93m36[0m - 
[91merror[0m[90m TS2339: [0mProperty 'EM_DIAGNOSTICO' does not exist on type 'typeof ServiceOrderStatus'.

    [7m394[0m         status: ServiceOrderStatus.EM_DIAGNOSTICO,
    [7m   [0m [91m                                   ~~~~~~~~~~~~~~[0m
    [96mtest/workshop/2-application/services/service-order.service.spec.ts[0m:[93m425[0m:[93m36[0m - 
[91merror[0m[90m TS2339: [0mProperty 'EM_DIAGNOSTICO' does not exist on type 'typeof ServiceOrderStatus'.

    [7m425[0m         status: ServiceOrderStatus.EM_DIAGNOSTICO,
    [7m   [0m [91m                                   ~~~~~~~~~~~~~~[0m
    [96mtest/workshop/2-application/services/service-order.service.spec.ts[0m:[93m440[0m:[93m36[0m - 
[91merror[0m[90m TS2339: [0mProperty 'EM_DIAGNOSTICO' does not exist on type 'typeof ServiceOrderStatus'.

    [7m440[0m         status: ServiceOrderStatus.EM_DIAGNOSTICO,
    [7m   [0m [91m                                   ~~~~~~~~~~~~~~[0m
    [96mtest/workshop/2-application/services/service-order.service.spec.ts[0m:[93m456[0m:[93m36[0m - 
[91merror[0m[90m TS2339: [0mProperty 'FINALIZADA' does not exist on type 'typeof ServiceOrderStatus'.

    [7m456[0m         status: ServiceOrderStatus.FINALIZADA,
    [7m   [0m [91m                                   ~~~~~~~~~~[0m
    [96mtest/workshop/2-application/services/service-order.service.spec.ts[0m:[93m461[0m:[93m36[0m - 
[91merror[0m[90m TS2339: [0mProperty 'EM_EXECUCAO' does not exist on type 'typeof ServiceOrderStatus'.

    [7m461[0m         status: ServiceOrderStatus.EM_EXECUCAO,
    [7m   [0m [91m                                   ~~~~~~~~~~~[0m
    [96mtest/workshop/2-application/services/service-order.service.spec.ts[0m:[93m480[0m:[93m36[0m - 
[91merror[0m[90m TS2339: [0mProperty 'ENTREGUE' does not exist on type 'typeof ServiceOrderStatus'.

    [7m480[0m         status: ServiceOrderStatus.ENTREGUE,
    [7m   [0m [91m                                   ~~~~~~~~[0m
    [96mtest/workshop/2-application/services/service-order.service.spec.ts[0m:[93m485[0m:[93m36[0m - 
[91merror[0m[90m TS2339: [0mProperty 'FINALIZADA' does not exist on type 'typeof ServiceOrderStatus'.

    [7m485[0m         status: ServiceOrderStatus.FINALIZADA,
    [7m   [0m [91m                                   ~~~~~~~~~~[0m
    [96mtest/workshop/2-application/services/service-order.service.spec.ts[0m:[93m507[0m:[93m36[0m - 
[91merror[0m[90m TS2339: [0mProperty 'AGUARDANDO_APROVACAO' does not exist on type 'typeof ServiceOrderStatus'.

    [7m507[0m         status: ServiceOrderStatus.AGUARDANDO_APROVACAO,
    [7m   [0m [91m                                   ~~~~~~~~~~~~~~~~~~~~[0m
    [96mtest/workshop/2-application/services/service-order.service.spec.ts[0m:[93m540[0m:[93m63[0m - 
[91merror[0m[90m TS2339: [0mProperty 'RECEBIDA' does not exist on type 'typeof ServiceOrderStatus'.

    [7m540[0m         { id: faker.string.uuid(), status: ServiceOrderStatus.RECEBIDA },
    [7m   [0m [91m                                                              ~~~~~~~~[0m
    [96mtest/workshop/2-application/services/service-order.service.spec.ts[0m:[93m708[0m:[93m36[0m - 
[91merror[0m[90m TS2339: [0mProperty 'EM_DIAGNOSTICO' does not exist on type 'typeof ServiceOrderStatus'.

    [7m708[0m         status: ServiceOrderStatus.EM_DIAGNOSTICO,
    [7m   [0m [91m                                   ~~~~~~~~~~~~~~[0m
    [96mtest/workshop/2-application/services/service-order.service.spec.ts[0m:[93m723[0m:[93m36[0m - 
[91merror[0m[90m TS2339: [0mProperty 'AGUARDANDO_APROVACAO' does not exist on type 'typeof ServiceOrderStatus'.

    [7m723[0m         status: ServiceOrderStatus.AGUARDANDO_APROVACAO,
    [7m   [0m [91m                                   ~~~~~~~~~~~~~~~~~~~~[0m
    [96mtest/workshop/2-application/services/service-order.service.spec.ts[0m:[93m738[0m:[93m36[0m - 
[91merror[0m[90m TS2339: [0mProperty 'EM_DIAGNOSTICO' does not exist on type 'typeof ServiceOrderStatus'.

    [7m738[0m         status: ServiceOrderStatus.EM_DIAGNOSTICO,
    [7m   [0m [91m                                   ~~~~~~~~~~~~~~[0m
    [96mtest/workshop/2-application/services/service-order.service.spec.ts[0m:[93m762[0m:[93m36[0m - 
[91merror[0m[90m TS2339: [0mProperty 'EM_DIAGNOSTICO' does not exist on type 'typeof ServiceOrderStatus'.

    [7m762[0m         status: ServiceOrderStatus.EM_DIAGNOSTICO,
    [7m   [0m [91m                                   ~~~~~~~~~~~~~~[0m
    [96mtest/workshop/2-application/services/service-order.service.spec.ts[0m:[93m774[0m:[93m36[0m - 
[91merror[0m[90m TS2339: [0mProperty 'AGUARDANDO_APROVACAO' does not exist on type 'typeof ServiceOrderStatus'.

    [7m774[0m         status: ServiceOrderStatus.AGUARDANDO_APROVACAO,
    [7m   [0m [91m                                   ~~~~~~~~~~~~~~~~~~~~[0m
    [96mtest/workshop/2-application/services/service-order.service.spec.ts[0m:[93m789[0m:[93m36[0m - 
[91merror[0m[90m TS2339: [0mProperty 'EM_DIAGNOSTICO' does not exist on type 'typeof ServiceOrderStatus'.

    [7m789[0m         status: ServiceOrderStatus.EM_DIAGNOSTICO,
    [7m   [0m [91m                                   ~~~~~~~~~~~~~~[0m
    [96mtest/workshop/2-application/services/service-order.service.spec.ts[0m:[93m806[0m:[93m36[0m - 
[91merror[0m[90m TS2339: [0mProperty 'AGUARDANDO_APROVACAO' does not exist on type 'typeof ServiceOrderStatus'.

    [7m806[0m         status: ServiceOrderStatus.AGUARDANDO_APROVACAO,
    [7m   [0m [91m                                   ~~~~~~~~~~~~~~~~~~~~[0m
    [96mtest/workshop/2-application/services/service-order.service.spec.ts[0m:[93m820[0m:[93m36[0m - 
[91merror[0m[90m TS2339: [0mProperty 'ENTREGUE' does not exist on type 'typeof ServiceOrderStatus'.

    [7m820[0m         status: ServiceOrderStatus.ENTREGUE,
    [7m   [0m [91m                                   ~~~~~~~~[0m
    [96mtest/workshop/2-application/services/service-order.service.spec.ts[0m:[93m825[0m:[93m36[0m - 
[91merror[0m[90m TS2339: [0mProperty 'RECEBIDA' does not exist on type 'typeof ServiceOrderStatus'.

    [7m825[0m         status: ServiceOrderStatus.RECEBIDA,
    [7m   [0m [91m                                   ~~~~~~~~[0m
    [96mtest/workshop/2-application/services/service-order.service.spec.ts[0m:[93m836[0m:[93m36[0m - 
[91merror[0m[90m TS2339: [0mProperty 'RECEBIDA' does not exist on type 'typeof ServiceOrderStatus'.

    [7m836[0m         status: ServiceOrderStatus.RECEBIDA,
    [7m   [0m [91m                                   ~~~~~~~~[0m
    [96mtest/workshop/2-application/services/service-order.service.spec.ts[0m:[93m841[0m:[93m36[0m - 
[91merror[0m[90m TS2339: [0mProperty 'EM_DIAGNOSTICO' does not exist on type 'typeof ServiceOrderStatus'.

    [7m841[0m         status: ServiceOrderStatus.EM_DIAGNOSTICO,
    [7m   [0m [91m                                   ~~~~~~~~~~~~~~[0m

FAIL test/workshop/2-application/services/customer.service.spec.ts
  ΓùÅ Test suite failed to run

    [96mtest/workshop/2-application/services/customer.service.spec.ts[0m:[93m2[0m:[93m1[0m - [91merror[0m[90m 
TS6133: [0m'ServiceOrderStatus' is declared but its value is never read.

    [7m2[0m import { ServiceOrderStatus } from '../../../../src/shared/enums';
    [7m [0m [91m~~~~~~~~~~~~~~~~~~~~~~~~~~~~~~~~~~~~~~~~~~~~~~~~~~~~~~~~~~~~~~~~~~[0m
    [96mtest/workshop/2-application/services/customer.service.spec.ts[0m:[93m20[0m:[93m11[0m - 
[91merror[0m[90m TS2304: [0mCannot find name 'CustomerType'.

    [7m20[0m     type: CustomerType.PESSOA_FISICA,
    [7m  [0m [91m          ~~~~~~~~~~~~[0m
    [96mtest/workshop/2-application/services/customer.service.spec.ts[0m:[93m93[0m:[93m15[0m - 
[91merror[0m[90m TS2304: [0mCannot find name 'CustomerType'.

    [7m93[0m         type: CustomerType.PESSOA_FISICA,
    [7m  [0m [91m              ~~~~~~~~~~~~[0m
    [96mtest/workshop/2-application/services/customer.service.spec.ts[0m:[93m117[0m:[93m15[0m - 
[91merror[0m[90m TS2304: [0mCannot find name 'CustomerType'.

    [7m117[0m         type: CustomerType.PESSOA_FISICA,
    [7m   [0m [91m              ~~~~~~~~~~~~[0m
    [96mtest/workshop/2-application/services/customer.service.spec.ts[0m:[93m137[0m:[93m15[0m - 
[91merror[0m[90m TS2304: [0mCannot find name 'CustomerType'.

    [7m137[0m         type: CustomerType.PESSOA_FISICA,
    [7m   [0m [91m              ~~~~~~~~~~~~[0m
    [96mtest/workshop/2-application/services/customer.service.spec.ts[0m:[93m158[0m:[93m15[0m - 
[91merror[0m[90m TS2304: [0mCannot find name 'CustomerType'.

    [7m158[0m         type: CustomerType.PESSOA_FISICA,
    [7m   [0m [91m              ~~~~~~~~~~~~[0m
    [96mtest/workshop/2-application/services/customer.service.spec.ts[0m:[93m180[0m:[93m15[0m - 
[91merror[0m[90m TS2304: [0mCannot find name 'CustomerType'.

    [7m180[0m         type: CustomerType.PESSOA_FISICA,
    [7m   [0m [91m              ~~~~~~~~~~~~[0m

FAIL test/workshop/1-presentation/controllers/public-service-order.controller.spec.ts
  ΓùÅ Test suite failed to run

    [96mtest/workshop/1-presentation/controllers/public-service-order.controller.spec.ts[0m:[93m23[0m:[93m32[0m 
- [91merror[0m[90m TS2339: [0mProperty 'EM_EXECUCAO' does not exist on type 'typeof ServiceOrderStatus'.

    [7m23[0m     status: ServiceOrderStatus.EM_EXECUCAO,
    [7m  [0m [91m                               ~~~~~~~~~~~[0m
    [96mtest/workshop/1-presentation/controllers/public-service-order.controller.spec.ts[0m:[93m112[0m:[93m53[0m 
- [91merror[0m[90m TS2339: [0mProperty 'EM_EXECUCAO' does not exist on type 'typeof ServiceOrderStatus'.

    [7m112[0m       expect(result.status).toBe(ServiceOrderStatus.EM_EXECUCAO);
    [7m   [0m [91m                                                    ~~~~~~~~~~~[0m
    [96mtest/workshop/1-presentation/controllers/public-service-order.controller.spec.ts[0m:[93m195[0m:[93m36[0m 
- [91merror[0m[90m TS2339: [0mProperty 'FINALIZADA' does not exist on type 'typeof ServiceOrderStatus'.

    [7m195[0m         status: ServiceOrderStatus.FINALIZADA,
    [7m   [0m [91m                                   ~~~~~~~~~~[0m
    [96mtest/workshop/1-presentation/controllers/public-service-order.controller.spec.ts[0m:[93m292[0m:[93m36[0m 
- [91merror[0m[90m TS2339: [0mProperty 'ENTREGUE' does not exist on type 'typeof ServiceOrderStatus'.

    [7m292[0m         status: ServiceOrderStatus.ENTREGUE,
    [7m   [0m [91m                                   ~~~~~~~~[0m
    [96mtest/workshop/1-presentation/controllers/public-service-order.controller.spec.ts[0m:[93m308[0m:[93m56[0m 
- [91merror[0m[90m TS2339: [0mProperty 'EM_EXECUCAO' does not exist on type 'typeof ServiceOrderStatus'.

    [7m308[0m       expect(result[0].status).toBe(ServiceOrderStatus.EM_EXECUCAO);
    [7m   [0m [91m                                                       ~~~~~~~~~~~[0m
    [96mtest/workshop/1-presentation/controllers/public-service-order.controller.spec.ts[0m:[93m309[0m:[93m56[0m 
- [91merror[0m[90m TS2339: [0mProperty 'ENTREGUE' does not exist on type 'typeof ServiceOrderStatus'.

    [7m309[0m       expect(result[1].status).toBe(ServiceOrderStatus.ENTREGUE);
    [7m   [0m [91m                                                       ~~~~~~~~[0m

FAIL test/workshop/1-presentation/controllers/customer.controller.spec.ts
  ΓùÅ Test suite failed to run

    [96mtest/workshop/1-presentation/controllers/customer.controller.spec.ts[0m:[93m2[0m:[93m1[0m - 
[91merror[0m[90m TS6133: [0m'ServiceOrderStatus' is declared but its value is never read.

    [7m2[0m import { ServiceOrderStatus } from '../../../../src/shared/enums';
    [7m [0m [91m~~~~~~~~~~~~~~~~~~~~~~~~~~~~~~~~~~~~~~~~~~~~~~~~~~~~~~~~~~~~~~~~~~[0m
    [96mtest/workshop/1-presentation/controllers/customer.controller.spec.ts[0m:[93m25[0m:[93m11[0m - 
[91merror[0m[90m TS2304: [0mCannot find name 'CustomerType'.

    [7m25[0m     type: CustomerType.PESSOA_FISICA,
    [7m  [0m [91m          ~~~~~~~~~~~~[0m
    [96mtest/workshop/1-presentation/controllers/customer.controller.spec.ts[0m:[93m47[0m:[93m11[0m - 
[91merror[0m[90m TS2304: [0mCannot find name 'CustomerType'.

    [7m47[0m     type: CustomerType.PESSOA_FISICA,
    [7m  [0m [91m          ~~~~~~~~~~~~[0m

FAIL test/workshop/2-application/services/part.service.spec.ts
  ΓùÅ Test suite failed to run

    [96mtest/workshop/2-application/services/part.service.spec.ts[0m:[93m2[0m:[93m1[0m - [91merror[0m[90m 
TS6133: [0m'ServiceOrderStatus' is declared but its value is never read.

    [7m2[0m import { ServiceOrderStatus } from '../../../../src/shared/enums';
    [7m [0m [91m~~~~~~~~~~~~~~~~~~~~~~~~~~~~~~~~~~~~~~~~~~~~~~~~~~~~~~~~~~~~~~~~~~[0m
    [96mtest/workshop/2-application/services/part.service.spec.ts[0m:[93m82[0m:[93m47[0m - [91merror[0m[90m 
TS2345: [0mArgument of type '{ id: string; partNumber: string; name: string; description: string; supplier: string; 
price: Decimal; stock: number; minStock: number; isActive: boolean; createdAt: Date; updatedAt: Date; }' is not 
assignable to parameter of type '{ name: string; id: string; description: string | null; partNumber: string | null; 
price: number; stock: number; minStock: number; supplier: string | null; isActive: boolean; createdAt: Date; 
updatedAt: Date; } | Promise<...>'.
      Type '{ id: string; partNumber: string; name: string; description: string; supplier: string; price: Decimal; 
stock: number; minStock: number; isActive: boolean; createdAt: Date; updatedAt: Date; }' is not assignable to type '{ 
name: string; id: string; description: string | null; partNumber: string | null; price: number; stock: number; 
minStock: number; supplier: string | null; isActive: boolean; createdAt: Date; updatedAt: Date; }'.
        Types of property 'price' are incompatible.
          Type 'Decimal' is not assignable to type 'number'.

    [7m82[0m       partRepository.create.mockResolvedValue(mockPart);
    [7m  [0m [91m                                              ~~~~~~~~[0m
    [96mtest/workshop/2-application/services/part.service.spec.ts[0m:[93m100[0m:[93m57[0m - [91merror[0m[90m 
TS2345: [0mArgument of type '{ id: string; partNumber: string; name: string; description: string; supplier: string; 
price: Decimal; stock: number; minStock: number; isActive: boolean; createdAt: Date; updatedAt: Date; }' is not 
assignable to parameter of type '{ name: string; id: string; description: string | null; partNumber: string | null; 
price: number; stock: number; minStock: number; supplier: string | null; isActive: boolean; createdAt: Date; 
updatedAt: Date; } | Promise<...> | null'.
      Type '{ id: string; partNumber: string; name: string; description: string; supplier: string; price: Decimal; 
stock: number; minStock: number; isActive: boolean; createdAt: Date; updatedAt: Date; }' is not assignable to type '{ 
name: string; id: string; description: string | null; partNumber: string | null; price: number; stock: number; 
minStock: number; supplier: string | null; isActive: boolean; createdAt: Date; updatedAt: Date; }'.
        Types of property 'price' are incompatible.
          Type 'Decimal' is not assignable to type 'number'.

    [7m100[0m       partRepository.findByPartNumber.mockResolvedValue(existingPart);
    [7m   [0m [91m                                                        ~~~~~~~~~~~~[0m
    [96mtest/workshop/2-application/services/part.service.spec.ts[0m:[93m120[0m:[93m47[0m - [91merror[0m[90m 
TS2345: [0mArgument of type '{ id: string; partNumber: string; name: string; description: string; supplier: string; 
price: Decimal; stock: number; minStock: number; isActive: boolean; createdAt: Date; updatedAt: Date; }' is not 
assignable to parameter of type '{ name: string; id: string; description: string | null; partNumber: string | null; 
price: number; stock: number; minStock: number; supplier: string | null; isActive: boolean; createdAt: Date; 
updatedAt: Date; } | Promise<...>'.
      Type '{ id: string; partNumber: string; name: string; description: string; supplier: string; price: Decimal; 
stock: number; minStock: number; isActive: boolean; createdAt: Date; updatedAt: Date; }' is not assignable to type '{ 
name: string; id: string; description: string | null; partNumber: string | null; price: number; stock: number; 
minStock: number; supplier: string | null; isActive: boolean; createdAt: Date; updatedAt: Date; }'.
        Types of property 'price' are incompatible.
          Type 'Decimal' is not assignable to type 'number'.

    [7m120[0m       partRepository.create.mockResolvedValue(mockPart);
    [7m   [0m [91m                                              ~~~~~~~~[0m
    [96mtest/workshop/2-application/services/part.service.spec.ts[0m:[93m133[0m:[93m48[0m - [91merror[0m[90m 
TS2345: [0mArgument of type '{ id: string; partNumber: string; name: string; description: string; supplier: string; 
price: Decimal; stock: number; minStock: number; isActive: boolean; createdAt: Date; updatedAt: Date; }[]' is not 
assignable to parameter of type '{ name: string; id: string; description: string | null; partNumber: string | null; 
price: number; stock: number; minStock: number; supplier: string | null; isActive: boolean; createdAt: Date; 
updatedAt: Date; }[] | Promise<...>'.
      Type '{ id: string; partNumber: string; name: string; description: string; supplier: string; price: Decimal; 
stock: number; minStock: number; isActive: boolean; createdAt: Date; updatedAt: Date; }[]' is not assignable to type 
'{ name: string; id: string; description: string | null; partNumber: string | null; price: number; stock: number; 
minStock: number; supplier: string | null; isActive: boolean; createdAt: Date; updatedAt: Date; }[]'.
        Type '{ id: string; partNumber: string; name: string; description: string; supplier: string; price: Decimal; 
stock: number; minStock: number; isActive: boolean; createdAt: Date; updatedAt: Date; }' is not assignable to type '{ 
name: string; id: string; description: string | null; partNumber: string | null; price: number; stock: number; 
minStock: number; supplier: string | null; isActive: boolean; createdAt: Date; updatedAt: Date; }'.
          Types of property 'price' are incompatible.
            Type 'Decimal' is not assignable to type 'number'.

    [7m133[0m       partRepository.findAll.mockResolvedValue(mockParts);
    [7m   [0m [91m                                               ~~~~~~~~~[0m
    [96mtest/workshop/2-application/services/part.service.spec.ts[0m:[93m144[0m:[93m48[0m - [91merror[0m[90m 
TS2345: [0mArgument of type '{ id: string; partNumber: string; name: string; description: string; supplier: string; 
price: Decimal; stock: number; minStock: number; isActive: boolean; createdAt: Date; updatedAt: Date; }[]' is not 
assignable to parameter of type '{ name: string; id: string; description: string | null; partNumber: string | null; 
price: number; stock: number; minStock: number; supplier: string | null; isActive: boolean; createdAt: Date; 
updatedAt: Date; }[] | Promise<...>'.
      Type '{ id: string; partNumber: string; name: string; description: string; supplier: string; price: Decimal; 
stock: number; minStock: number; isActive: boolean; createdAt: Date; updatedAt: Date; }[]' is not assignable to type 
'{ name: string; id: string; description: string | null; partNumber: string | null; price: number; stock: number; 
minStock: number; supplier: string | null; isActive: boolean; createdAt: Date; updatedAt: Date; }[]'.
        Type '{ id: string; partNumber: string; name: string; description: string; supplier: string; price: Decimal; 
stock: number; minStock: number; isActive: boolean; createdAt: Date; updatedAt: Date; }' is not assignable to type '{ 
name: string; id: string; description: string | null; partNumber: string | null; price: number; stock: number; 
minStock: number; supplier: string | null; isActive: boolean; createdAt: Date; updatedAt: Date; }'.
          Types of property 'price' are incompatible.
            Type 'Decimal' is not assignable to type 'number'.

    [7m144[0m       partRepository.findAll.mockResolvedValue(mockParts);
    [7m   [0m [91m                                               ~~~~~~~~~[0m
    [96mtest/workshop/2-application/services/part.service.spec.ts[0m:[93m156[0m:[93m49[0m - [91merror[0m[90m 
TS2345: [0mArgument of type '{ id: string; partNumber: string; name: string; description: string; supplier: string; 
price: Decimal; stock: number; minStock: number; isActive: boolean; createdAt: Date; updatedAt: Date; }' is not 
assignable to parameter of type '{ name: string; id: string; description: string | null; partNumber: string | null; 
price: number; stock: number; minStock: number; supplier: string | null; isActive: boolean; createdAt: Date; 
updatedAt: Date; } | Promise<...> | null'.
      Type '{ id: string; partNumber: string; name: string; description: string; supplier: string; price: Decimal; 
stock: number; minStock: number; isActive: boolean; createdAt: Date; updatedAt: Date; }' is not assignable to type '{ 
name: string; id: string; description: string | null; partNumber: string | null; price: number; stock: number; 
minStock: number; supplier: string | null; isActive: boolean; createdAt: Date; updatedAt: Date; }'.
        Types of property 'price' are incompatible.
          Type 'Decimal' is not assignable to type 'number'.

    [7m156[0m       partRepository.findById.mockResolvedValue(mockPart);
    [7m   [0m [91m                                                ~~~~~~~~[0m
    [96mtest/workshop/2-application/services/part.service.spec.ts[0m:[93m184[0m:[93m57[0m - [91merror[0m[90m 
TS2345: [0mArgument of type '{ id: string; partNumber: string; name: string; description: string; supplier: string; 
price: Decimal; stock: number; minStock: number; isActive: boolean; createdAt: Date; updatedAt: Date; }' is not 
assignable to parameter of type '{ name: string; id: string; description: string | null; partNumber: string | null; 
price: number; stock: number; minStock: number; supplier: string | null; isActive: boolean; createdAt: Date; 
updatedAt: Date; } | Promise<...> | null'.
      Type '{ id: string; partNumber: string; name: string; description: string; supplier: string; price: Decimal; 
stock: number; minStock: number; isActive: boolean; createdAt: Date; updatedAt: Date; }' is not assignable to type '{ 
name: string; id: string; description: string | null; partNumber: string | null; price: number; stock: number; 
minStock: number; supplier: string | null; isActive: boolean; createdAt: Date; updatedAt: Date; }'.
        Types of property 'price' are incompatible.
          Type 'Decimal' is not assignable to type 'number'.

    [7m184[0m       partRepository.findByPartNumber.mockResolvedValue(mockPart);
    [7m   [0m [91m                                                        ~~~~~~~~[0m
    [96mtest/workshop/2-application/services/part.service.spec.ts[0m:[93m215[0m:[93m55[0m - [91merror[0m[90m 
TS2345: [0mArgument of type '{ id: string; partNumber: string; name: string; description: string; supplier: string; 
price: Decimal; stock: number; minStock: number; isActive: boolean; createdAt: Date; updatedAt: Date; }[]' is not 
assignable to parameter of type '{ name: string; id: string; description: string | null; partNumber: string | null; 
price: number; stock: number; minStock: number; supplier: string | null; isActive: boolean; createdAt: Date; 
updatedAt: Date; }[] | Promise<...>'.
      Type '{ id: string; partNumber: string; name: string; description: string; supplier: string; price: Decimal; 
stock: number; minStock: number; isActive: boolean; createdAt: Date; updatedAt: Date; }[]' is not assignable to type 
'{ name: string; id: string; description: string | null; partNumber: string | null; price: number; stock: number; 
minStock: number; supplier: string | null; isActive: boolean; createdAt: Date; updatedAt: Date; }[]'.
        Type '{ id: string; partNumber: string; name: string; description: string; supplier: string; price: Decimal; 
stock: number; minStock: number; isActive: boolean; createdAt: Date; updatedAt: Date; }' is not assignable to type '{ 
name: string; id: string; description: string | null; partNumber: string | null; price: number; stock: number; 
minStock: number; supplier: string | null; isActive: boolean; createdAt: Date; updatedAt: Date; }'.
          Types of property 'price' are incompatible.
            Type 'Decimal' is not assignable to type 'number'.

    [7m215[0m       partRepository.findBySupplier.mockResolvedValue(mockParts);
    [7m   [0m [91m                                                      ~~~~~~~~~[0m
    [96mtest/workshop/2-application/services/part.service.spec.ts[0m:[93m227[0m:[93m53[0m - [91merror[0m[90m 
TS2345: [0mArgument of type '{ id: string; partNumber: string; name: string; description: string; supplier: string; 
price: Decimal; stock: number; minStock: number; isActive: boolean; createdAt: Date; updatedAt: Date; }[]' is not 
assignable to parameter of type '{ name: string; id: string; description: string | null; partNumber: string | null; 
price: number; stock: number; minStock: number; supplier: string | null; isActive: boolean; createdAt: Date; 
updatedAt: Date; }[] | Promise<...>'.
      Type '{ id: string; partNumber: string; name: string; description: string; supplier: string; price: Decimal; 
stock: number; minStock: number; isActive: boolean; createdAt: Date; updatedAt: Date; }[]' is not assignable to type 
'{ name: string; id: string; description: string | null; partNumber: string | null; price: number; stock: number; 
minStock: number; supplier: string | null; isActive: boolean; createdAt: Date; updatedAt: Date; }[]'.
        Type '{ id: string; partNumber: string; name: string; description: string; supplier: string; price: Decimal; 
stock: number; minStock: number; isActive: boolean; createdAt: Date; updatedAt: Date; }' is not assignable to type '{ 
name: string; id: string; description: string | null; partNumber: string | null; price: number; stock: number; 
minStock: number; supplier: string | null; isActive: boolean; createdAt: Date; updatedAt: Date; }'.
          Types of property 'price' are incompatible.
            Type 'Decimal' is not assignable to type 'number'.

    [7m227[0m       partRepository.findLowStock.mockResolvedValue(mockParts);
    [7m   [0m [91m                                                    ~~~~~~~~~[0m
    [96mtest/workshop/2-application/services/part.service.spec.ts[0m:[93m246[0m:[93m49[0m - [91merror[0m[90m 
TS2345: [0mArgument of type '{ id: string; partNumber: string; name: string; description: string; supplier: string; 
price: Decimal; stock: number; minStock: number; isActive: boolean; createdAt: Date; updatedAt: Date; }' is not 
assignable to parameter of type '{ name: string; id: string; description: string | null; partNumber: string | null; 
price: number; stock: number; minStock: number; supplier: string | null; isActive: boolean; createdAt: Date; 
updatedAt: Date; } | Promise<...> | null'.
      Type '{ id: string; partNumber: string; name: string; description: string; supplier: string; price: Decimal; 
stock: number; minStock: number; isActive: boolean; createdAt: Date; updatedAt: Date; }' is not assignable to type '{ 
name: string; id: string; description: string | null; partNumber: string | null; price: number; stock: number; 
minStock: number; supplier: string | null; isActive: boolean; createdAt: Date; updatedAt: Date; }'.
        Types of property 'price' are incompatible.
          Type 'Decimal' is not assignable to type 'number'.

    [7m246[0m       partRepository.findById.mockResolvedValue(existingPart);
    [7m   [0m [91m                                                ~~~~~~~~~~~~[0m
    [96mtest/workshop/2-application/services/part.service.spec.ts[0m:[93m247[0m:[93m47[0m - [91merror[0m[90m 
TS2345: [0mArgument of type '{ id: string; partNumber: string; name: string; description: string; supplier: string; 
price: Decimal; stock: number; minStock: number; isActive: boolean; createdAt: Date; updatedAt: Date; }' is not 
assignable to parameter of type '{ name: string; id: string; description: string | null; partNumber: string | null; 
price: number; stock: number; minStock: number; supplier: string | null; isActive: boolean; createdAt: Date; 
updatedAt: Date; } | Promise<...>'.
      Type '{ id: string; partNumber: string; name: string; description: string; supplier: string; price: Decimal; 
stock: number; minStock: number; isActive: boolean; createdAt: Date; updatedAt: Date; }' is not assignable to type '{ 
name: string; id: string; description: string | null; partNumber: string | null; price: number; stock: number; 
minStock: number; supplier: string | null; isActive: boolean; createdAt: Date; updatedAt: Date; }'.
        Types of property 'price' are incompatible.
          Type 'Decimal' is not assignable to type 'number'.

    [7m247[0m       partRepository.update.mockResolvedValue(updatedPart);
    [7m   [0m [91m                                              ~~~~~~~~~~~[0m
    [96mtest/workshop/2-application/services/part.service.spec.ts[0m:[93m285[0m:[93m49[0m - [91merror[0m[90m 
TS2345: [0mArgument of type '{ id: string; partNumber: string; name: string; description: string; supplier: string; 
price: Decimal; stock: number; minStock: number; isActive: boolean; createdAt: Date; updatedAt: Date; }' is not 
assignable to parameter of type '{ name: string; id: string; description: string | null; partNumber: string | null; 
price: number; stock: number; minStock: number; supplier: string | null; isActive: boolean; createdAt: Date; 
updatedAt: Date; } | Promise<...> | null'.
      Type '{ id: string; partNumber: string; name: string; description: string; supplier: string; price: Decimal; 
stock: number; minStock: number; isActive: boolean; createdAt: Date; updatedAt: Date; }' is not assignable to type '{ 
name: string; id: string; description: string | null; partNumber: string | null; price: number; stock: number; 
minStock: number; supplier: string | null; isActive: boolean; createdAt: Date; updatedAt: Date; }'.
        Types of property 'price' are incompatible.
          Type 'Decimal' is not assignable to type 'number'.

    [7m285[0m       partRepository.findById.mockResolvedValue(existingPart);
    [7m   [0m [91m                                                ~~~~~~~~~~~~[0m
    [96mtest/workshop/2-application/services/part.service.spec.ts[0m:[93m286[0m:[93m57[0m - [91merror[0m[90m 
TS2345: [0mArgument of type '{ id: string; partNumber: string; name: string; description: string; supplier: string; 
price: Decimal; stock: number; minStock: number; isActive: boolean; createdAt: Date; updatedAt: Date; }' is not 
assignable to parameter of type '{ name: string; id: string; description: string | null; partNumber: string | null; 
price: number; stock: number; minStock: number; supplier: string | null; isActive: boolean; createdAt: Date; 
updatedAt: Date; } | Promise<...> | null'.
      Type '{ id: string; partNumber: string; name: string; description: string; supplier: string; price: Decimal; 
stock: number; minStock: number; isActive: boolean; createdAt: Date; updatedAt: Date; }' is not assignable to type '{ 
name: string; id: string; description: string | null; partNumber: string | null; price: number; stock: number; 
minStock: number; supplier: string | null; isActive: boolean; createdAt: Date; updatedAt: Date; }'.
        Types of property 'price' are incompatible.
          Type 'Decimal' is not assignable to type 'number'.

    [7m286[0m       partRepository.findByPartNumber.mockResolvedValue(conflictPart);
    [7m   [0m [91m                                                        ~~~~~~~~~~~~[0m
    [96mtest/workshop/2-application/services/part.service.spec.ts[0m:[93m308[0m:[93m49[0m - [91merror[0m[90m 
TS2345: [0mArgument of type '{ id: string; partNumber: string; name: string; description: string; supplier: string; 
price: Decimal; stock: number; minStock: number; isActive: boolean; createdAt: Date; updatedAt: Date; }' is not 
assignable to parameter of type '{ name: string; id: string; description: string | null; partNumber: string | null; 
price: number; stock: number; minStock: number; supplier: string | null; isActive: boolean; createdAt: Date; 
updatedAt: Date; } | Promise<...> | null'.
      Type '{ id: string; partNumber: string; name: string; description: string; supplier: string; price: Decimal; 
stock: number; minStock: number; isActive: boolean; createdAt: Date; updatedAt: Date; }' is not assignable to type '{ 
name: string; id: string; description: string | null; partNumber: string | null; price: number; stock: number; 
minStock: number; supplier: string | null; isActive: boolean; createdAt: Date; updatedAt: Date; }'.
        Types of property 'price' are incompatible.
          Type 'Decimal' is not assignable to type 'number'.

    [7m308[0m       partRepository.findById.mockResolvedValue(existingPart);
    [7m   [0m [91m                                                ~~~~~~~~~~~~[0m
    [96mtest/workshop/2-application/services/part.service.spec.ts[0m:[93m310[0m:[93m47[0m - [91merror[0m[90m 
TS2345: [0mArgument of type '{ partNumber: string; id: string; name: string; description: string; supplier: string; 
price: Decimal; stock: number; minStock: number; isActive: boolean; createdAt: Date; updatedAt: Date; }' is not 
assignable to parameter of type '{ name: string; id: string; description: string | null; partNumber: string | null; 
price: number; stock: number; minStock: number; supplier: string | null; isActive: boolean; createdAt: Date; 
updatedAt: Date; } | Promise<...>'.
      Type '{ partNumber: string; id: string; name: string; description: string; supplier: string; price: Decimal; 
stock: number; minStock: number; isActive: boolean; createdAt: Date; updatedAt: Date; }' is not assignable to type '{ 
name: string; id: string; description: string | null; partNumber: string | null; price: number; stock: number; 
minStock: number; supplier: string | null; isActive: boolean; createdAt: Date; updatedAt: Date; }'.
        Types of property 'price' are incompatible.
          Type 'Decimal' is not assignable to type 'number'.

    [7m310[0m       partRepository.update.mockResolvedValue(updatedPart);
    [7m   [0m [91m                                              ~~~~~~~~~~~[0m
    [96mtest/workshop/2-application/services/part.service.spec.ts[0m:[93m328[0m:[93m49[0m - [91merror[0m[90m 
TS2345: [0mArgument of type '{ id: string; partNumber: string; name: string; description: string; supplier: string; 
price: Decimal; stock: number; minStock: number; isActive: boolean; createdAt: Date; updatedAt: Date; }' is not 
assignable to parameter of type '{ name: string; id: string; description: string | null; partNumber: string | null; 
price: number; stock: number; minStock: number; supplier: string | null; isActive: boolean; createdAt: Date; 
updatedAt: Date; } | Promise<...> | null'.
      Type '{ id: string; partNumber: string; name: string; description: string; supplier: string; price: Decimal; 
stock: number; minStock: number; isActive: boolean; createdAt: Date; updatedAt: Date; }' is not assignable to type '{ 
name: string; id: string; description: string | null; partNumber: string | null; price: number; stock: number; 
minStock: number; supplier: string | null; isActive: boolean; createdAt: Date; updatedAt: Date; }'.
        Types of property 'price' are incompatible.
          Type 'Decimal' is not assignable to type 'number'.

    [7m328[0m       partRepository.findById.mockResolvedValue(existingPart);
    [7m   [0m [91m                                                ~~~~~~~~~~~~[0m
    [96mtest/workshop/2-application/services/part.service.spec.ts[0m:[93m329[0m:[93m47[0m - [91merror[0m[90m 
TS2345: [0mArgument of type '{ description: string; id: string; partNumber: string; name: string; supplier: string; 
price: Decimal; stock: number; minStock: number; isActive: boolean; createdAt: Date; updatedAt: Date; }' is not 
assignable to parameter of type '{ name: string; id: string; description: string | null; partNumber: string | null; 
price: number; stock: number; minStock: number; supplier: string | null; isActive: boolean; createdAt: Date; 
updatedAt: Date; } | Promise<...>'.
      Type '{ description: string; id: string; partNumber: string; name: string; supplier: string; price: Decimal; 
stock: number; minStock: number; isActive: boolean; createdAt: Date; updatedAt: Date; }' is not assignable to type '{ 
name: string; id: string; description: string | null; partNumber: string | null; price: number; stock: number; 
minStock: number; supplier: string | null; isActive: boolean; createdAt: Date; updatedAt: Date; }'.
        Types of property 'price' are incompatible.
          Type 'Decimal' is not assignable to type 'number'.

    [7m329[0m       partRepository.update.mockResolvedValue(updatedPart);
    [7m   [0m [91m                                              ~~~~~~~~~~~[0m
    [96mtest/workshop/2-application/services/part.service.spec.ts[0m:[93m347[0m:[93m49[0m - [91merror[0m[90m 
TS2345: [0mArgument of type '{ id: string; partNumber: string; name: string; description: string; supplier: string; 
price: Decimal; stock: number; minStock: number; isActive: boolean; createdAt: Date; updatedAt: Date; }' is not 
assignable to parameter of type '{ name: string; id: string; description: string | null; partNumber: string | null; 
price: number; stock: number; minStock: number; supplier: string | null; isActive: boolean; createdAt: Date; 
updatedAt: Date; } | Promise<...> | null'.
      Type '{ id: string; partNumber: string; name: string; description: string; supplier: string; price: Decimal; 
stock: number; minStock: number; isActive: boolean; createdAt: Date; updatedAt: Date; }' is not assignable to type '{ 
name: string; id: string; description: string | null; partNumber: string | null; price: number; stock: number; 
minStock: number; supplier: string | null; isActive: boolean; createdAt: Date; updatedAt: Date; }'.
        Types of property 'price' are incompatible.
          Type 'Decimal' is not assignable to type 'number'.

    [7m347[0m       partRepository.findById.mockResolvedValue(existingPart);
    [7m   [0m [91m                                                ~~~~~~~~~~~~[0m
    [96mtest/workshop/2-application/services/part.service.spec.ts[0m:[93m348[0m:[93m47[0m - [91merror[0m[90m 
TS2345: [0mArgument of type '{ id: string; partNumber: string; name: string; description: string; supplier: string; 
price: Decimal; stock: number; minStock: number; isActive: boolean; createdAt: Date; updatedAt: Date; }' is not 
assignable to parameter of type '{ name: string; id: string; description: string | null; partNumber: string | null; 
price: number; stock: number; minStock: number; supplier: string | null; isActive: boolean; createdAt: Date; 
updatedAt: Date; } | Promise<...>'.
      Type '{ id: string; partNumber: string; name: string; description: string; supplier: string; price: Decimal; 
stock: number; minStock: number; isActive: boolean; createdAt: Date; updatedAt: Date; }' is not assignable to type '{ 
name: string; id: string; description: string | null; partNumber: string | null; price: number; stock: number; 
minStock: number; supplier: string | null; isActive: boolean; createdAt: Date; updatedAt: Date; }'.
        Types of property 'price' are incompatible.
          Type 'Decimal' is not assignable to type 'number'.

    [7m348[0m       partRepository.update.mockResolvedValue(updatedPart);
    [7m   [0m [91m                                              ~~~~~~~~~~~[0m
    [96mtest/workshop/2-application/services/part.service.spec.ts[0m:[93m368[0m:[93m49[0m - [91merror[0m[90m 
TS2345: [0mArgument of type '{ id: string; partNumber: string; name: string; description: string; supplier: string; 
price: Decimal; stock: number; minStock: number; isActive: boolean; createdAt: Date; updatedAt: Date; }' is not 
assignable to parameter of type '{ name: string; id: string; description: string | null; partNumber: string | null; 
price: number; stock: number; minStock: number; supplier: string | null; isActive: boolean; createdAt: Date; 
updatedAt: Date; } | Promise<...> | null'.
      Type '{ id: string; partNumber: string; name: string; description: string; supplier: string; price: Decimal; 
stock: number; minStock: number; isActive: boolean; createdAt: Date; updatedAt: Date; }' is not assignable to type '{ 
name: string; id: string; description: string | null; partNumber: string | null; price: number; stock: number; 
minStock: number; supplier: string | null; isActive: boolean; createdAt: Date; updatedAt: Date; }'.
        Types of property 'price' are incompatible.
          Type 'Decimal' is not assignable to type 'number'.

    [7m368[0m       partRepository.findById.mockResolvedValue(existingPart);
    [7m   [0m [91m                                                ~~~~~~~~~~~~[0m
    [96mtest/workshop/2-application/services/part.service.spec.ts[0m:[93m369[0m:[93m47[0m - [91merror[0m[90m 
TS2345: [0mArgument of type '{ id: string; partNumber: string; name: string; description: string; supplier: string; 
price: Decimal; stock: number; minStock: number; isActive: boolean; createdAt: Date; updatedAt: Date; }' is not 
assignable to parameter of type '{ name: string; id: string; description: string | null; partNumber: string | null; 
price: number; stock: number; minStock: number; supplier: string | null; isActive: boolean; createdAt: Date; 
updatedAt: Date; } | Promise<...>'.
      Type '{ id: string; partNumber: string; name: string; description: string; supplier: string; price: Decimal; 
stock: number; minStock: number; isActive: boolean; createdAt: Date; updatedAt: Date; }' is not assignable to type '{ 
name: string; id: string; description: string | null; partNumber: string | null; price: number; stock: number; 
minStock: number; supplier: string | null; isActive: boolean; createdAt: Date; updatedAt: Date; }'.
        Types of property 'price' are incompatible.
          Type 'Decimal' is not assignable to type 'number'.

    [7m369[0m       partRepository.update.mockResolvedValue(updatedPart);
    [7m   [0m [91m                                              ~~~~~~~~~~~[0m
    [96mtest/workshop/2-application/services/part.service.spec.ts[0m:[93m390[0m:[93m49[0m - [91merror[0m[90m 
TS2345: [0mArgument of type '{ id: string; partNumber: string; name: string; description: string; supplier: string; 
price: Decimal; stock: number; minStock: number; isActive: boolean; createdAt: Date; updatedAt: Date; }' is not 
assignable to parameter of type '{ name: string; id: string; description: string | null; partNumber: string | null; 
price: number; stock: number; minStock: number; supplier: string | null; isActive: boolean; createdAt: Date; 
updatedAt: Date; } | Promise<...> | null'.
      Type '{ id: string; partNumber: string; name: string; description: string; supplier: string; price: Decimal; 
stock: number; minStock: number; isActive: boolean; createdAt: Date; updatedAt: Date; }' is not assignable to type '{ 
name: string; id: string; description: string | null; partNumber: string | null; price: number; stock: number; 
minStock: number; supplier: string | null; isActive: boolean; createdAt: Date; updatedAt: Date; }'.
        Types of property 'price' are incompatible.
          Type 'Decimal' is not assignable to type 'number'.

    [7m390[0m       partRepository.findById.mockResolvedValue(existingPart);
    [7m   [0m [91m                                                ~~~~~~~~~~~~[0m
    [96mtest/workshop/2-application/services/part.service.spec.ts[0m:[93m391[0m:[93m47[0m - [91merror[0m[90m 
TS2345: [0mArgument of type '{ id: string; partNumber: string; name: string; description: string; supplier: string; 
price: Decimal; stock: number; minStock: number; isActive: boolean; createdAt: Date; updatedAt: Date; }' is not 
assignable to parameter of type '{ name: string; id: string; description: string | null; partNumber: string | null; 
price: number; stock: number; minStock: number; supplier: string | null; isActive: boolean; createdAt: Date; 
updatedAt: Date; } | Promise<...>'.
      Type '{ id: string; partNumber: string; name: string; description: string; supplier: string; price: Decimal; 
stock: number; minStock: number; isActive: boolean; createdAt: Date; updatedAt: Date; }' is not assignable to type '{ 
name: string; id: string; description: string | null; partNumber: string | null; price: number; stock: number; 
minStock: number; supplier: string | null; isActive: boolean; createdAt: Date; updatedAt: Date; }'.
        Types of property 'price' are incompatible.
          Type 'Decimal' is not assignable to type 'number'.

    [7m391[0m       partRepository.update.mockResolvedValue(updatedPart);
    [7m   [0m [91m                                              ~~~~~~~~~~~[0m
    [96mtest/workshop/2-application/services/part.service.spec.ts[0m:[93m409[0m:[93m49[0m - [91merror[0m[90m 
TS2345: [0mArgument of type '{ id: string; partNumber: string; name: string; description: string; supplier: string; 
price: Decimal; stock: number; minStock: number; isActive: boolean; createdAt: Date; updatedAt: Date; }' is not 
assignable to parameter of type '{ name: string; id: string; description: string | null; partNumber: string | null; 
price: number; stock: number; minStock: number; supplier: string | null; isActive: boolean; createdAt: Date; 
updatedAt: Date; } | Promise<...> | null'.
      Type '{ id: string; partNumber: string; name: string; description: string; supplier: string; price: Decimal; 
stock: number; minStock: number; isActive: boolean; createdAt: Date; updatedAt: Date; }' is not assignable to type '{ 
name: string; id: string; description: string | null; partNumber: string | null; price: number; stock: number; 
minStock: number; supplier: string | null; isActive: boolean; createdAt: Date; updatedAt: Date; }'.
        Types of property 'price' are incompatible.
          Type 'Decimal' is not assignable to type 'number'.

    [7m409[0m       partRepository.findById.mockResolvedValue(existingPart);
    [7m   [0m [91m                                                ~~~~~~~~~~~~[0m
    [96mtest/workshop/2-application/services/part.service.spec.ts[0m:[93m410[0m:[93m47[0m - [91merror[0m[90m 
TS2345: [0mArgument of type '{ id: string; partNumber: string; name: string; description: string; supplier: string; 
price: Decimal; stock: number; minStock: number; isActive: boolean; createdAt: Date; updatedAt: Date; }' is not 
assignable to parameter of type '{ name: string; id: string; description: string | null; partNumber: string | null; 
price: number; stock: number; minStock: number; supplier: string | null; isActive: boolean; createdAt: Date; 
updatedAt: Date; } | Promise<...>'.
      Type '{ id: string; partNumber: string; name: string; description: string; supplier: string; price: Decimal; 
stock: number; minStock: number; isActive: boolean; createdAt: Date; updatedAt: Date; }' is not assignable to type '{ 
name: string; id: string; description: string | null; partNumber: string | null; price: number; stock: number; 
minStock: number; supplier: string | null; isActive: boolean; createdAt: Date; updatedAt: Date; }'.
        Types of property 'price' are incompatible.
          Type 'Decimal' is not assignable to type 'number'.

    [7m410[0m       partRepository.update.mockResolvedValue(updatedPart);
    [7m   [0m [91m                                              ~~~~~~~~~~~[0m
    [96mtest/workshop/2-application/services/part.service.spec.ts[0m:[93m427[0m:[93m49[0m - [91merror[0m[90m 
TS2345: [0mArgument of type '{ stock: number; id: string; partNumber: string; name: string; description: string; 
supplier: string; price: Decimal; minStock: number; isActive: boolean; createdAt: Date; updatedAt: Date; }' is not 
assignable to parameter of type '{ name: string; id: string; description: string | null; partNumber: string | null; 
price: number; stock: number; minStock: number; supplier: string | null; isActive: boolean; createdAt: Date; 
updatedAt: Date; } | Promise<...> | null'.
      Type '{ stock: number; id: string; partNumber: string; name: string; description: string; supplier: string; 
price: Decimal; minStock: number; isActive: boolean; createdAt: Date; updatedAt: Date; }' is not assignable to type '{ 
name: string; id: string; description: string | null; partNumber: string | null; price: number; stock: number; 
minStock: number; supplier: string | null; isActive: boolean; createdAt: Date; updatedAt: Date; }'.
        Types of property 'price' are incompatible.
          Type 'Decimal' is not assignable to type 'number'.

    [7m427[0m       partRepository.findById.mockResolvedValue(existingPart);
    [7m   [0m [91m                                                ~~~~~~~~~~~~[0m
    [96mtest/workshop/2-application/services/part.service.spec.ts[0m:[93m428[0m:[93m47[0m - [91merror[0m[90m 
TS2345: [0mArgument of type '{ id: string; partNumber: string; name: string; description: string; supplier: string; 
price: Decimal; stock: number; minStock: number; isActive: boolean; createdAt: Date; updatedAt: Date; }' is not 
assignable to parameter of type '{ name: string; id: string; description: string | null; partNumber: string | null; 
price: number; stock: number; minStock: number; supplier: string | null; isActive: boolean; createdAt: Date; 
updatedAt: Date; } | Promise<...>'.
      Type '{ id: string; partNumber: string; name: string; description: string; supplier: string; price: Decimal; 
stock: number; minStock: number; isActive: boolean; createdAt: Date; updatedAt: Date; }' is not assignable to type '{ 
name: string; id: string; description: string | null; partNumber: string | null; price: number; stock: number; 
minStock: number; supplier: string | null; isActive: boolean; createdAt: Date; updatedAt: Date; }'.
        Types of property 'price' are incompatible.
          Type 'Decimal' is not assignable to type 'number'.

    [7m428[0m       partRepository.update.mockResolvedValue(updatedPart);
    [7m   [0m [91m                                              ~~~~~~~~~~~[0m
    [96mtest/workshop/2-application/services/part.service.spec.ts[0m:[93m461[0m:[93m49[0m - [91merror[0m[90m 
TS2345: [0mArgument of type '{ stock: number; id: string; partNumber: string; name: string; description: string; 
supplier: string; price: Decimal; minStock: number; isActive: boolean; createdAt: Date; updatedAt: Date; }' is not 
assignable to parameter of type '{ name: string; id: string; description: string | null; partNumber: string | null; 
price: number; stock: number; minStock: number; supplier: string | null; isActive: boolean; createdAt: Date; 
updatedAt: Date; } | Promise<...> | null'.
      Type '{ stock: number; id: string; partNumber: string; name: string; description: string; supplier: string; 
price: Decimal; minStock: number; isActive: boolean; createdAt: Date; updatedAt: Date; }' is not assignable to type '{ 
name: string; id: string; description: string | null; partNumber: string | null; price: number; stock: number; 
minStock: number; supplier: string | null; isActive: boolean; createdAt: Date; updatedAt: Date; }'.
        Types of property 'price' are incompatible.
          Type 'Decimal' is not assignable to type 'number'.

    [7m461[0m       partRepository.findById.mockResolvedValue(existingPart);
    [7m   [0m [91m                                                ~~~~~~~~~~~~[0m
    [96mtest/workshop/2-application/services/part.service.spec.ts[0m:[93m482[0m:[93m49[0m - [91merror[0m[90m 
TS2345: [0mArgument of type '{ id: string; partNumber: string; name: string; description: string; supplier: string; 
price: Decimal; stock: number; minStock: number; isActive: boolean; createdAt: Date; updatedAt: Date; }' is not 
assignable to parameter of type '{ name: string; id: string; description: string | null; partNumber: string | null; 
price: number; stock: number; minStock: number; supplier: string | null; isActive: boolean; createdAt: Date; 
updatedAt: Date; } | Promise<...> | null'.
      Type '{ id: string; partNumber: string; name: string; description: string; supplier: string; price: Decimal; 
stock: number; minStock: number; isActive: boolean; createdAt: Date; updatedAt: Date; }' is not assignable to type '{ 
name: string; id: string; description: string | null; partNumber: string | null; price: number; stock: number; 
minStock: number; supplier: string | null; isActive: boolean; createdAt: Date; updatedAt: Date; }'.
        Types of property 'price' are incompatible.
          Type 'Decimal' is not assignable to type 'number'.

    [7m482[0m       partRepository.findById.mockResolvedValue(existingPart);
    [7m   [0m [91m                                                ~~~~~~~~~~~~[0m
    [96mtest/workshop/2-application/services/part.service.spec.ts[0m:[93m483[0m:[93m47[0m - [91merror[0m[90m 
TS2345: [0mArgument of type '{ isActive: boolean; id: string; partNumber: string; name: string; description: string; 
supplier: string; price: Decimal; stock: number; minStock: number; createdAt: Date; updatedAt: Date; }' is not 
assignable to parameter of type '{ name: string; id: string; description: string | null; partNumber: string | null; 
price: number; stock: number; minStock: number; supplier: string | null; isActive: boolean; createdAt: Date; 
updatedAt: Date; } | Promise<...>'.
      Type '{ isActive: boolean; id: string; partNumber: string; name: string; description: string; supplier: string; 
price: Decimal; stock: number; minStock: number; createdAt: Date; updatedAt: Date; }' is not assignable to type '{ 
name: string; id: string; description: string | null; partNumber: string | null; price: number; stock: number; 
minStock: number; supplier: string | null; isActive: boolean; createdAt: Date; updatedAt: Date; }'.
        Types of property 'price' are incompatible.
          Type 'Decimal' is not assignable to type 'number'.

    [7m483[0m       partRepository.update.mockResolvedValue(deactivatedPart);
    [7m   [0m [91m                                              ~~~~~~~~~~~~~~~[0m

FAIL test/workshop/1-presentation/controllers/service-order.controller.spec.ts
  ΓùÅ Test suite failed to run

    [96mtest/workshop/1-presentation/controllers/service-order.controller.spec.ts[0m:[93m24[0m:[93m13[0m - 
[91merror[0m[90m TS2304: [0mCannot find name 'ServiceOrderStatus'.

    [7m24[0m     status: ServiceOrderStatus.RECEBIDA,
    [7m  [0m [91m            ~~~~~~~~~~~~~~~~~~[0m
    [96mtest/workshop/1-presentation/controllers/service-order.controller.spec.ts[0m:[93m41[0m:[93m13[0m - 
[91merror[0m[90m TS2304: [0mCannot find name 'ServiceOrderStatus'.

    [7m41[0m     status: ServiceOrderStatus.EM_EXECUCAO,
    [7m  [0m [91m            ~~~~~~~~~~~~~~~~~~[0m
    [96mtest/workshop/1-presentation/controllers/service-order.controller.spec.ts[0m:[93m194[0m:[93m17[0m - 
[91merror[0m[90m TS2304: [0mCannot find name 'ServiceOrderStatus'.

    [7m194[0m         status: ServiceOrderStatus.EM_EXECUCAO,
    [7m   [0m [91m                ~~~~~~~~~~~~~~~~~~[0m
    [96mtest/workshop/1-presentation/controllers/service-order.controller.spec.ts[0m:[93m234[0m:[93m19[0m - 
[91merror[0m[90m TS2304: [0mCannot find name 'ServiceOrderStatus'.

    [7m234[0m           status: ServiceOrderStatus.RECEBIDA,
    [7m   [0m [91m                  ~~~~~~~~~~~~~~~~~~[0m

FAIL test/workshop/2-application/create-order.service.spec.ts
  ΓùÅ Test suite failed to run

    [96mtest/workshop/2-application/create-order.service.spec.ts[0m:[93m2[0m:[93m1[0m - [91merror[0m[90m 
TS6133: [0m'ServiceOrderStatus' is declared but its value is never read.

    [7m2[0m import { ServiceOrderStatus } from '../../../../src/shared/enums';
    [7m [0m [91m~~~~~~~~~~~~~~~~~~~~~~~~~~~~~~~~~~~~~~~~~~~~~~~~~~~~~~~~~~~~~~~~~~[0m
    [96mtest/workshop/2-application/create-order.service.spec.ts[0m:[93m2[0m:[93m36[0m - [91merror[0m[90m 
TS2307: [0mCannot find module '../../../../src/shared/enums' or its corresponding type declarations.

    [7m2[0m import { ServiceOrderStatus } from '../../../../src/shared/enums';
    [7m [0m [91m                                   ~~~~~~~~~~~~~~~~~~~~~~~~~~~~~~[0m
    [96mtest/workshop/2-application/create-order.service.spec.ts[0m:[93m16[0m:[93m9[0m - [91merror[0m[90m 
TS2304: [0mCannot find name 'CustomerType'.

    [7m16[0m   type: CustomerType.PESSOA_FISICA,
    [7m  [0m [91m        ~~~~~~~~~~~~[0m
    [96mtest/workshop/2-application/create-order.service.spec.ts[0m:[93m69[0m:[93m13[0m - [91merror[0m[90m 
TS2304: [0mCannot find name 'CustomerType'.

    [7m69[0m       type: CustomerType.PESSOA_FISICA,
    [7m  [0m [91m            ~~~~~~~~~~~~[0m

FAIL test/auth/guards/jwt-auth.guard.spec.ts
  ΓùÅ Test suite failed to run

    [96mtest/auth/guards/jwt-auth.guard.spec.ts[0m:[93m2[0m:[93m1[0m - [91merror[0m[90m TS6133: 
[0m'ServiceOrderStatus' is declared but its value is never read.

    [7m2[0m import { ServiceOrderStatus } from '../../../../src/shared/enums';
    [7m [0m [91m~~~~~~~~~~~~~~~~~~~~~~~~~~~~~~~~~~~~~~~~~~~~~~~~~~~~~~~~~~~~~~~~~~[0m
    [96mtest/auth/guards/jwt-auth.guard.spec.ts[0m:[93m2[0m:[93m36[0m - [91merror[0m[90m TS2307: [0mCannot 
find module '../../../../src/shared/enums' or its corresponding type declarations.

    [7m2[0m import { ServiceOrderStatus } from '../../../../src/shared/enums';
    [7m [0m [91m                                   ~~~~~~~~~~~~~~~~~~~~~~~~~~~~~~[0m
    [96mtest/auth/guards/jwt-auth.guard.spec.ts[0m:[93m56[0m:[93m23[0m - [91merror[0m[90m TS2554: 
[0mExpected 2 arguments, but got 1.

    [7m56[0m     const testGuard = new JwtAuthGuard(errorHandler);
    [7m  [0m [91m                      ~~~~~~~~~~~~~~~~~~~~~~~~~~~~~~[0m

      [96msrc/auth/guards/jwt-auth.guard.ts[0m:[93m11[0m:[93m5[0m
        [7m11[0m     private reflector: Reflector,
        [7m  [0m [96m    ~~~~~~~~~~~~~~~~~~~~~~~~~~~~[0m
        An argument for 'reflector' was not provided.

FAIL test/workshop/2-application/services/budget.service.spec.ts
  ΓùÅ Test suite failed to run

    [96mtest/workshop/2-application/services/budget.service.spec.ts[0m:[93m23[0m:[93m11[0m - [91merror[0m[90m 
TS2304: [0mCannot find name 'CustomerType'.

    [7m23[0m     type: CustomerType.PESSOA_FISICA,
    [7m  [0m [91m          ~~~~~~~~~~~~[0m
    [96mtest/workshop/2-application/services/budget.service.spec.ts[0m:[93m37[0m:[93m32[0m - [91merror[0m[90m 
TS2339: [0mProperty 'AGUARDANDO_APROVACAO' does not exist on type 'typeof ServiceOrderStatus'.

    [7m37[0m     status: ServiceOrderStatus.AGUARDANDO_APROVACAO,
    [7m  [0m [91m                               ~~~~~~~~~~~~~~~~~~~~[0m
    [96mtest/workshop/2-application/services/budget.service.spec.ts[0m:[93m477[0m:[93m36[0m - 
[91merror[0m[90m TS2339: [0mProperty 'EM_EXECUCAO' does not exist on type 'typeof ServiceOrderStatus'.

    [7m477[0m         status: ServiceOrderStatus.EM_EXECUCAO,
    [7m   [0m [91m                                   ~~~~~~~~~~~[0m

FAIL test/shared/services/email.service.spec.ts
  ΓùÅ Test suite failed to run

    [96mtest/shared/services/email.service.spec.ts[0m:[93m2[0m:[93m36[0m - [91merror[0m[90m TS2307: 
[0mCannot find module '../../../../src/shared/enums' or its corresponding type declarations.

    [7m2[0m import { ServiceOrderStatus } from '../../../../src/shared/enums';
    [7m [0m [91m                                   ~~~~~~~~~~~~~~~~~~~~~~~~~~~~~~[0m


Test Suites: 17 failed, 28 passed, 45 total
Tests:       1 failed, 491 passed, 492 total
Snapshots:   0 total
Time:        8.673 s
Ran all test suites.
